../Core/Src/led_functions.c:50:6:TurnOnLED	8	static
../Core/Src/led_functions.c:55:6:TurnOffLED	8	static
../Core/Src/led_functions.c:69:6:SetLEDQueue	8	static
../Core/Src/led_functions.c:80:6:AddToLEDQueue	16	static
../Core/Src/led_functions.c:86:6:HandleLEDQueue	16	static
../Core/Src/led_functions.c:144:6:TurnAllOff	8	static
../Core/Src/led_functions.c:109:6:PulseHandler	8	static
../Core/Src/led_functions.c:122:6:PulseHandlerKeepOn	16	static
../Core/Src/led_functions.c:150:6:ResetIndexes	8	static
