Archive member included to satisfy reference by file (symbol)

C:\Users\Dane\Documents\GitHub\HeartRateBoard\software\Drivers\CMSIS\Lib\GCC\libarm_cortexM0l_math.a(arm_rfft_q15.o)
                              ./Core/Src/main.o (arm_rfft_q15)
C:\Users\Dane\Documents\GitHub\HeartRateBoard\software\Drivers\CMSIS\Lib\GCC\libarm_cortexM0l_math.a(arm_rfft_init_q15.o)
                              ./Core/Src/main.o (arm_rfft_init_q15)
C:\Users\Dane\Documents\GitHub\HeartRateBoard\software\Drivers\CMSIS\Lib\GCC\libarm_cortexM0l_math.a(arm_fir_init_q15.o)
                              ./Core/Src/main.o (arm_fir_init_q15)
C:\Users\Dane\Documents\GitHub\HeartRateBoard\software\Drivers\CMSIS\Lib\GCC\libarm_cortexM0l_math.a(arm_fir_fast_q15.o)
                              ./Core/Src/main.o (arm_fir_fast_q15)
C:\Users\Dane\Documents\GitHub\HeartRateBoard\software\Drivers\CMSIS\Lib\GCC\libarm_cortexM0l_math.a(arm_cmplx_mag_q15.o)
                              ./Core/Src/main.o (arm_cmplx_mag_q15)
C:\Users\Dane\Documents\GitHub\HeartRateBoard\software\Drivers\CMSIS\Lib\GCC\libarm_cortexM0l_math.a(arm_sqrt_q15.o)
                              C:\Users\Dane\Documents\GitHub\HeartRateBoard\software\Drivers\CMSIS\Lib\GCC\libarm_cortexM0l_math.a(arm_cmplx_mag_q15.o) (arm_sqrt_q15)
C:\Users\Dane\Documents\GitHub\HeartRateBoard\software\Drivers\CMSIS\Lib\GCC\libarm_cortexM0l_math.a(arm_shift_q15.o)
                              ./Core/Src/main.o (arm_shift_q15)
C:\Users\Dane\Documents\GitHub\HeartRateBoard\software\Drivers\CMSIS\Lib\GCC\libarm_cortexM0l_math.a(arm_const_structs.o)
                              C:\Users\Dane\Documents\GitHub\HeartRateBoard\software\Drivers\CMSIS\Lib\GCC\libarm_cortexM0l_math.a(arm_rfft_init_q15.o) (arm_cfft_sR_q15_len4096)
C:\Users\Dane\Documents\GitHub\HeartRateBoard\software\Drivers\CMSIS\Lib\GCC\libarm_cortexM0l_math.a(arm_common_tables.o)
                              C:\Users\Dane\Documents\GitHub\HeartRateBoard\software\Drivers\CMSIS\Lib\GCC\libarm_cortexM0l_math.a(arm_const_structs.o) (twiddleCoef_rfft_4096)
C:\Users\Dane\Documents\GitHub\HeartRateBoard\software\Drivers\CMSIS\Lib\GCC\libarm_cortexM0l_math.a(arm_cfft_q15.o)
                              C:\Users\Dane\Documents\GitHub\HeartRateBoard\software\Drivers\CMSIS\Lib\GCC\libarm_cortexM0l_math.a(arm_rfft_q15.o) (arm_cfft_q15)
C:\Users\Dane\Documents\GitHub\HeartRateBoard\software\Drivers\CMSIS\Lib\GCC\libarm_cortexM0l_math.a(arm_bitreversal2.o)
                              C:\Users\Dane\Documents\GitHub\HeartRateBoard\software\Drivers\CMSIS\Lib\GCC\libarm_cortexM0l_math.a(arm_cfft_q15.o) (arm_bitreversal_16)
C:\Users\Dane\Documents\GitHub\HeartRateBoard\software\Drivers\CMSIS\Lib\GCC\libarm_cortexM0l_math.a(arm_rfft_init_q31.o)
                              C:\Users\Dane\Documents\GitHub\HeartRateBoard\software\Drivers\CMSIS\Lib\GCC\libarm_cortexM0l_math.a(arm_const_structs.o) (realCoefBQ31)
C:\Users\Dane\Documents\GitHub\HeartRateBoard\software\Drivers\CMSIS\Lib\GCC\libarm_cortexM0l_math.a(arm_cfft_radix4_q15.o)
                              C:\Users\Dane\Documents\GitHub\HeartRateBoard\software\Drivers\CMSIS\Lib\GCC\libarm_cortexM0l_math.a(arm_cfft_q15.o) (arm_radix4_butterfly_q15)
C:\Users\Dane\Documents\GitHub\HeartRateBoard\software\Drivers\CMSIS\Lib\GCC\libarm_cortexM0l_math.a(arm_bitreversal.o)
                              C:\Users\Dane\Documents\GitHub\HeartRateBoard\software\Drivers\CMSIS\Lib\GCC\libarm_cortexM0l_math.a(arm_cfft_radix4_q15.o) (arm_bitreversal_q15)
c:/st/stm32cubeide_1.10.1/stm32cubeide/plugins/com.st.stm32cube.ide.mcu.externaltools.gnu-tools-for-stm32.10.3-2021.10.win32_1.0.0.202111181127/tools/bin/../lib/gcc/arm-none-eabi/10.3.1/../../../../arm-none-eabi/lib/thumb/v6-m/nofp\libc_nano.a(lib_a-errno.o)
                              ./Core/Src/syscalls.o (__errno)
c:/st/stm32cubeide_1.10.1/stm32cubeide/plugins/com.st.stm32cube.ide.mcu.externaltools.gnu-tools-for-stm32.10.3-2021.10.win32_1.0.0.202111181127/tools/bin/../lib/gcc/arm-none-eabi/10.3.1/../../../../arm-none-eabi/lib/thumb/v6-m/nofp\libc_nano.a(lib_a-exit.o)
                              c:/st/stm32cubeide_1.10.1/stm32cubeide/plugins/com.st.stm32cube.ide.mcu.externaltools.gnu-tools-for-stm32.10.3-2021.10.win32_1.0.0.202111181127/tools/bin/../lib/gcc/arm-none-eabi/10.3.1/../../../../arm-none-eabi/lib/thumb/v6-m/nofp/crt0.o (exit)
c:/st/stm32cubeide_1.10.1/stm32cubeide/plugins/com.st.stm32cube.ide.mcu.externaltools.gnu-tools-for-stm32.10.3-2021.10.win32_1.0.0.202111181127/tools/bin/../lib/gcc/arm-none-eabi/10.3.1/../../../../arm-none-eabi/lib/thumb/v6-m/nofp\libc_nano.a(lib_a-impure.o)
                              c:/st/stm32cubeide_1.10.1/stm32cubeide/plugins/com.st.stm32cube.ide.mcu.externaltools.gnu-tools-for-stm32.10.3-2021.10.win32_1.0.0.202111181127/tools/bin/../lib/gcc/arm-none-eabi/10.3.1/../../../../arm-none-eabi/lib/thumb/v6-m/nofp\libc_nano.a(lib_a-exit.o) (_global_impure_ptr)
[...]
Memory Configuration

Name             Origin             Length             Attributes
RAM              0x0000000020000000 0x0000000000005000 xrw
FLASH            0x0000000008000000 0x0000000000020000 xr
*default*        0x0000000000000000 0xffffffffffffffff

Linker script and memory map

LOAD c:/st/stm32cubeide_1.10.1/stm32cubeide/plugins/com.st.stm32cube.ide.mcu.externaltools.gnu-tools-for-stm32.10.3-2021.10.win32_1.0.0.202111181127/tools/bin/../lib/gcc/arm-none-eabi/10.3.1/thumb/v6-m/nofp/crti.o
LOAD c:/st/stm32cubeide_1.10.1/stm32cubeide/plugins/com.st.stm32cube.ide.mcu.externaltools.gnu-tools-for-stm32.10.3-2021.10.win32_1.0.0.202111181127/tools/bin/../lib/gcc/arm-none-eabi/10.3.1/thumb/v6-m/nofp/crtbegin.o
LOAD c:/st/stm32cubeide_1.10.1/stm32cubeide/plugins/com.st.stm32cube.ide.mcu.externaltools.gnu-tools-for-stm32.10.3-2021.10.win32_1.0.0.202111181127/tools/bin/../lib/gcc/arm-none-eabi/10.3.1/../../../../arm-none-eabi/lib/thumb/v6-m/nofp/crt0.o
LOAD ./Core/Src/led_functions.o
LOAD ./Core/Src/main.o
LOAD ./Core/Src/stm32l0xx_hal_msp.o
LOAD ./Core/Src/stm32l0xx_it.o
LOAD ./Core/Src/syscalls.o
LOAD ./Core/Src/sysmem.o
LOAD ./Core/Src/system_stm32l0xx.o
LOAD ./Core/Startup/startup_stm32l072cbtx.o
LOAD ./Drivers/STM32L0xx_HAL_Driver/Src/stm32l0xx_hal.o
LOAD ./Drivers/STM32L0xx_HAL_Driver/Src/stm32l0xx_hal_adc.o
LOAD ./Drivers/STM32L0xx_HAL_Driver/Src/stm32l0xx_hal_adc_ex.o
LOAD ./Drivers/STM32L0xx_HAL_Driver/Src/stm32l0xx_hal_cortex.o
LOAD ./Drivers/STM32L0xx_HAL_Driver/Src/stm32l0xx_hal_dma.o
LOAD ./Drivers/STM32L0xx_HAL_Driver/Src/stm32l0xx_hal_exti.o
LOAD ./Drivers/STM32L0xx_HAL_Driver/Src/stm32l0xx_hal_flash.o
LOAD ./Drivers/STM32L0xx_HAL_Driver/Src/stm32l0xx_hal_flash_ex.o
LOAD ./Drivers/STM32L0xx_HAL_Driver/Src/stm32l0xx_hal_flash_ramfunc.o
LOAD ./Drivers/STM32L0xx_HAL_Driver/Src/stm32l0xx_hal_gpio.o
LOAD ./Drivers/STM32L0xx_HAL_Driver/Src/stm32l0xx_hal_i2c.o
LOAD ./Drivers/STM32L0xx_HAL_Driver/Src/stm32l0xx_hal_i2c_ex.o
LOAD ./Drivers/STM32L0xx_HAL_Driver/Src/stm32l0xx_hal_pcd.o
LOAD ./Drivers/STM32L0xx_HAL_Driver/Src/stm32l0xx_hal_pcd_ex.o
LOAD ./Drivers/STM32L0xx_HAL_Driver/Src/stm32l0xx_hal_pwr.o
LOAD ./Drivers/STM32L0xx_HAL_Driver/Src/stm32l0xx_hal_pwr_ex.o
LOAD ./Drivers/STM32L0xx_HAL_Driver/Src/stm32l0xx_hal_rcc.o
LOAD ./Drivers/STM32L0xx_HAL_Driver/Src/stm32l0xx_hal_rcc_ex.o
LOAD ./Drivers/STM32L0xx_HAL_Driver/Src/stm32l0xx_hal_tim.o
LOAD ./Drivers/STM32L0xx_HAL_Driver/Src/stm32l0xx_hal_tim_ex.o
LOAD ./Drivers/STM32L0xx_HAL_Driver/Src/stm32l0xx_ll_usb.o
LOAD ./Middlewares/ST/STM32_USB_Device_Library/Class/CDC/Src/usbd_cdc.o
LOAD ./Middlewares/ST/STM32_USB_Device_Library/Core/Src/usbd_core.o
LOAD ./Middlewares/ST/STM32_USB_Device_Library/Core/Src/usbd_ctlreq.o
LOAD ./Middlewares/ST/STM32_USB_Device_Library/Core/Src/usbd_ioreq.o
LOAD ./USB_DEVICE/App/usb_device.o
LOAD ./USB_DEVICE/App/usbd_cdc_if.o
LOAD ./USB_DEVICE/App/usbd_desc.o
LOAD ./USB_DEVICE/Target/usbd_conf.o
LOAD C:\Users\Dane\Documents\GitHub\HeartRateBoard\software\Drivers\CMSIS\Lib\GCC\libarm_cortexM0l_math.a
START GROUP
LOAD c:/st/stm32cubeide_1.10.1/stm32cubeide/plugins/com.st.stm32cube.ide.mcu.externaltools.gnu-tools-for-stm32.10.3-2021.10.win32_1.0.0.202111181127/tools/bin/../lib/gcc/arm-none-eabi/10.3.1/../../../../arm-none-eabi/lib/thumb/v6-m/nofp\libc_nano.a
LOAD c:/st/stm32cubeide_1.10.1/stm32cubeide/plugins/com.st.stm32cube.ide.mcu.externaltools.gnu-tools-for-stm32.10.3-2021.10.win32_1.0.0.202111181127/tools/bin/../lib/gcc/arm-none-eabi/10.3.1/../../../../arm-none-eabi/lib/thumb/v6-m/nofp\libm.a
END GROUP
START GROUP
LOAD c:/st/stm32cubeide_1.10.1/stm32cubeide/plugins/com.st.stm32cube.ide.mcu.externaltools.gnu-tools-for-stm32.10.3-2021.10.win32_1.0.0.202111181127/tools/bin/../lib/gcc/arm-none-eabi/10.3.1/thumb/v6-m/nofp\libgcc.a
LOAD c:/st/stm32cubeide_1.10.1/stm32cubeide/plugins/com.st.stm32cube.ide.mcu.externaltools.gnu-tools-for-stm32.10.3-2021.10.win32_1.0.0.202111181127/tools/bin/../lib/gcc/arm-none-eabi/10.3.1/../../../../arm-none-eabi/lib/thumb/v6-m/nofp\libc_nano.a
END GROUP
START GROUP
LOAD c:/st/stm32cubeide_1.10.1/stm32cubeide/plugins/com.st.stm32cube.ide.mcu.externaltools.gnu-tools-for-stm32.10.3-2021.10.win32_1.0.0.202111181127/tools/bin/../lib/gcc/arm-none-eabi/10.3.1/thumb/v6-m/nofp\libgcc.a
LOAD c:/st/stm32cubeide_1.10.1/stm32cubeide/plugins/com.st.stm32cube.ide.mcu.externaltools.gnu-tools-for-stm32.10.3-2021.10.win32_1.0.0.202111181127/tools/bin/../lib/gcc/arm-none-eabi/10.3.1/../../../../arm-none-eabi/lib/thumb/v6-m/nofp\libc_nano.a
LOAD c:/st/stm32cubeide_1.10.1/stm32cubeide/plugins/com.st.stm32cube.ide.mcu.externaltools.gnu-tools-for-stm32.10.3-2021.10.win32_1.0.0.202111181127/tools/bin/../lib/gcc/arm-none-eabi/10.3.1/../../../../arm-none-eabi/lib/thumb/v6-m/nofp\libnosys.a
END GROUP
START GROUP
LOAD c:/st/stm32cubeide_1.10.1/stm32cubeide/plugins/com.st.stm32cube.ide.mcu.externaltools.gnu-tools-for-stm32.10.3-2021.10.win32_1.0.0.202111181127/tools/bin/../lib/gcc/arm-none-eabi/10.3.1/thumb/v6-m/nofp\libgcc.a
LOAD c:/st/stm32cubeide_1.10.1/stm32cubeide/plugins/com.st.stm32cube.ide.mcu.externaltools.gnu-tools-for-stm32.10.3-2021.10.win32_1.0.0.202111181127/tools/bin/../lib/gcc/arm-none-eabi/10.3.1/../../../../arm-none-eabi/lib/thumb/v6-m/nofp\libc_nano.a
LOAD c:/st/stm32cubeide_1.10.1/stm32cubeide/plugins/com.st.stm32cube.ide.mcu.externaltools.gnu-tools-for-stm32.10.3-2021.10.win32_1.0.0.202111181127/tools/bin/../lib/gcc/arm-none-eabi/10.3.1/../../../../arm-none-eabi/lib/thumb/v6-m/nofp\libnosys.a
END GROUP
LOAD c:/st/stm32cubeide_1.10.1/stm32cubeide/plugins/com.st.stm32cube.ide.mcu.externaltools.gnu-tools-for-stm32.10.3-2021.10.win32_1.0.0.202111181127/tools/bin/../lib/gcc/arm-none-eabi/10.3.1/thumb/v6-m/nofp/crtend.o
LOAD c:/st/stm32cubeide_1.10.1/stm32cubeide/plugins/com.st.stm32cube.ide.mcu.externaltools.gnu-tools-for-stm32.10.3-2021.10.win32_1.0.0.202111181127/tools/bin/../lib/gcc/arm-none-eabi/10.3.1/thumb/v6-m/nofp/crtn.o
                0x0000000020005000                _estack = (ORIGIN (RAM) + LENGTH (RAM))
                0x0000000000000200                _Min_Heap_Size = 0x200
                0x0000000000000400                _Min_Stack_Size = 0x400

.isr_vector     0x0000000008000000       0xc0
                0x0000000008000000                . = ALIGN (0x4)
 *(.isr_vector)
 .isr_vector    0x0000000008000000       0xc0 ./Core/Startup/startup_stm32l072cbtx.o
                0x0000000008000000                g_pfnVectors
                0x00000000080000c0                . = ALIGN (0x4)

.text           0x00000000080000c0     0x84c0
                0x00000000080000c0                . = ALIGN (0x4)
 *(.text)
 .text          0x00000000080000c0       0x48 c:/st/stm32cubeide_1.10.1/stm32cubeide/plugins/com.st.stm32cube.ide.mcu.externaltools.gnu-tools-for-stm32.10.3-2021.10.win32_1.0.0.202111181127/tools/bin/../lib/gcc/arm-none-eabi/10.3.1/thumb/v6-m/nofp/crtbegin.o
 .text          0x0000000008000108       0x50 C:\Users\Dane\Documents\GitHub\HeartRateBoard\software\Drivers\CMSIS\Lib\GCC\libarm_cortexM0l_math.a(arm_bitreversal2.o)
                0x0000000008000108                arm_bitreversal_32
                0x0000000008000132                arm_bitreversal_16
 .text          0x0000000008000158       0x14 c:/st/stm32cubeide_1.10.1/stm32cubeide/plugins/com.st.stm32cube.ide.mcu.externaltools.gnu-tools-for-stm32.10.3-2021.10.win32_1.0.0.202111181127/tools/bin/../lib/gcc/arm-none-eabi/10.3.1/thumb/v6-m/nofp\libgcc.a(_thumb1_case_uqi.o)
                0x0000000008000158                __gnu_thumb1_case_uqi
 .text          0x000000000800016c       0x14 c:/st/stm32cubeide_1.10.1/stm32cubeide/plugins/com.st.stm32cube.ide.mcu.externaltools.gnu-tools-for-stm32.10.3-2021.10.win32_1.0.0.202111181127/tools/bin/../lib/gcc/arm-none-eabi/10.3.1/thumb/v6-m/nofp\libgcc.a(_thumb1_case_shi.o)
                0x000000000800016c                __gnu_thumb1_case_shi
 .text          0x0000000008000180       0x14 c:/st/stm32cubeide_1.10.1/stm32cubeide/plugins/com.st.stm32cube.ide.mcu.externaltools.gnu-tools-for-stm32.10.3-2021.10.win32_1.0.0.202111181127/tools/bin/../lib/gcc/arm-none-eabi/10.3.1/thumb/v6-m/nofp\libgcc.a(_thumb1_case_uhi.o)
                0x0000000008000180                __gnu_thumb1_case_uhi
 .text          0x0000000008000194      0x114 c:/st/stm32cubeide_1.10.1/stm32cubeide/plugins/com.st.stm32cube.ide.mcu.externaltools.gnu-tools-for-stm32.10.3-2021.10.win32_1.0.0.202111181127/tools/bin/../lib/gcc/arm-none-eabi/10.3.1/thumb/v6-m/nofp\libgcc.a(_udivsi3.o)
                0x0000000008000194                __aeabi_uidiv
                0x0000000008000194                __udivsi3
                0x00000000080002a0                __aeabi_uidivmod
 .text          0x00000000080002a8      0x1d4 c:/st/stm32cubeide_1.10.1/stm32cubeide/plugins/com.st.stm32cube.ide.mcu.externaltools.gnu-tools-for-stm32.10.3-2021.10.win32_1.0.0.202111181127/tools/bin/../lib/gcc/arm-none-eabi/10.3.1/thumb/v6-m/nofp\libgcc.a(_divsi3.o)
                0x00000000080002a8                __divsi3
                0x00000000080002a8                __aeabi_idiv
                0x0000000008000474                __aeabi_idivmod
 .text          0x000000000800047c        0x4 c:/st/stm32cubeide_1.10.1/stm32cubeide/plugins/com.st.stm32cube.ide.mcu.externaltools.gnu-tools-for-stm32.10.3-2021.10.win32_1.0.0.202111181127/tools/bin/../lib/gcc/arm-none-eabi/10.3.1/thumb/v6-m/nofp\libgcc.a(_dvmd_tls.o)
                0x000000000800047c                __aeabi_idiv0
                0x000000000800047c                __aeabi_ldiv0
 .text          0x0000000008000480       0x3c c:/st/stm32cubeide_1.10.1/stm32cubeide/plugins/com.st.stm32cube.ide.mcu.externaltools.gnu-tools-for-stm32.10.3-2021.10.win32_1.0.0.202111181127/tools/bin/../lib/gcc/arm-none-eabi/10.3.1/thumb/v6-m/nofp\libgcc.a(_clzsi2.o)
                0x0000000008000480                __clzsi2
 .text          0x00000000080004bc       0x40 c:/st/stm32cubeide_1.10.1/stm32cubeide/plugins/com.st.stm32cube.ide.mcu.externaltools.gnu-tools-for-stm32.10.3-2021.10.win32_1.0.0.202111181127/tools/bin/../lib/gcc/arm-none-eabi/10.3.1/thumb/v6-m/nofp\libgcc.a(_aeabi_uldivmod.o)
                0x00000000080004bc                __aeabi_uldivmod
 .text          0x00000000080004fc       0x5c c:/st/stm32cubeide_1.10.1/stm32cubeide/plugins/com.st.stm32cube.ide.mcu.externaltools.gnu-tools-for-stm32.10.3-2021.10.win32_1.0.0.202111181127/tools/bin/../lib/gcc/arm-none-eabi/10.3.1/thumb/v6-m/nofp\libgcc.a(_muldi3.o)
                0x00000000080004fc                __muldi3
                0x00000000080004fc                __aeabi_lmul
 .text          0x0000000008000558       0x30 c:/st/stm32cubeide_1.10.1/stm32cubeide/plugins/com.st.stm32cube.ide.mcu.externaltools.gnu-tools-for-stm32.10.3-2021.10.win32_1.0.0.202111181127/tools/bin/../lib/gcc/arm-none-eabi/10.3.1/thumb/v6-m/nofp\libgcc.a(_fixunssfsi.o)
                0x0000000008000558                __fixunssfsi
                0x0000000008000558                __aeabi_f2uiz
 .text          0x0000000008000588      0x198 c:/st/stm32cubeide_1.10.1/stm32cubeide/plugins/com.st.stm32cube.ide.mcu.externaltools.gnu-tools-for-stm32.10.3-2021.10.win32_1.0.0.202111181127/tools/bin/../lib/gcc/arm-none-eabi/10.3.1/thumb/v6-m/nofp\libgcc.a(_udivmoddi4.o)
                0x0000000008000588                __udivmoddi4
 .text          0x0000000008000720      0x230 c:/st/stm32cubeide_1.10.1/stm32cubeide/plugins/com.st.stm32cube.ide.mcu.externaltools.gnu-tools-for-stm32.10.3-2021.10.win32_1.0.0.202111181127/tools/bin/../lib/gcc/arm-none-eabi/10.3.1/thumb/v6-m/nofp\libgcc.a(divsf3.o)
                0x0000000008000720                __aeabi_fdiv
 .text          0x0000000008000950      0x24c c:/st/stm32cubeide_1.10.1/stm32cubeide/plugins/com.st.stm32cube.ide.mcu.externaltools.gnu-tools-for-stm32.10.3-2021.10.win32_1.0.0.202111181127/tools/bin/../lib/gcc/arm-none-eabi/10.3.1/thumb/v6-m/nofp\libgcc.a(mulsf3.o)
                0x0000000008000950                __aeabi_fmul
 .text          0x0000000008000b9c      0x35c c:/st/stm32cubeide_1.10.1/stm32cubeide/plugins/com.st.stm32cube.ide.mcu.externaltools.gnu-tools-for-stm32.10.3-2021.10.win32_1.0.0.202111181127/tools/bin/../lib/gcc/arm-none-eabi/10.3.1/thumb/v6-m/nofp\libgcc.a(subsf3.o)
                0x0000000008000b9c                __aeabi_fsub
 .text          0x0000000008000ef8       0x40 c:/st/stm32cubeide_1.10.1/stm32cubeide/plugins/com.st.stm32cube.ide.mcu.externaltools.gnu-tools-for-stm32.10.3-2021.10.win32_1.0.0.202111181127/tools/bin/../lib/gcc/arm-none-eabi/10.3.1/thumb/v6-m/nofp\libgcc.a(fixsfsi.o)
                0x0000000008000ef8                __aeabi_f2iz
 .text          0x0000000008000f38       0x9c c:/st/stm32cubeide_1.10.1/stm32cubeide/plugins/com.st.stm32cube.ide.mcu.externaltools.gnu-tools-for-stm32.10.3-2021.10.win32_1.0.0.202111181127/tools/bin/../lib/gcc/arm-none-eabi/10.3.1/thumb/v6-m/nofp\libgcc.a(floatsisf.o)
                0x0000000008000f38                __aeabi_i2f
 .text          0x0000000008000fd4       0x84 c:/st/stm32cubeide_1.10.1/stm32cubeide/plugins/com.st.stm32cube.ide.mcu.externaltools.gnu-tools-for-stm32.10.3-2021.10.win32_1.0.0.202111181127/tools/bin/../lib/gcc/arm-none-eabi/10.3.1/thumb/v6-m/nofp\libgcc.a(floatunsisf.o)
                0x0000000008000fd4                __aeabi_ui2f
 .text          0x0000000008001058       0x74 c:/st/stm32cubeide_1.10.1/stm32cubeide/plugins/com.st.stm32cube.ide.mcu.externaltools.gnu-tools-for-stm32.10.3-2021.10.win32_1.0.0.202111181127/tools/bin/../lib/gcc/arm-none-eabi/10.3.1/thumb/v6-m/nofp\libgcc.a(_arm_cmpsf2.o)
                0x0000000008001058                __aeabi_cfrcmple
                0x0000000008001060                __aeabi_cfcmpeq
                0x0000000008001060                __aeabi_cfcmple
                0x0000000008001070                __aeabi_fcmpeq
                0x000000000800107c                __aeabi_fcmplt
                0x0000000008001090                __aeabi_fcmple
                0x00000000080010a4                __aeabi_fcmpgt
                0x00000000080010b8                __aeabi_fcmpge
 .text          0x00000000080010cc       0x18 c:/st/stm32cubeide_1.10.1/stm32cubeide/plugins/com.st.stm32cube.ide.mcu.externaltools.gnu-tools-for-stm32.10.3-2021.10.win32_1.0.0.202111181127/tools/bin/../lib/gcc/arm-none-eabi/10.3.1/thumb/v6-m/nofp\libgcc.a(_clzdi2.o)
                0x00000000080010cc                __clzdi2
 .text          0x00000000080010e4       0x4c c:/st/stm32cubeide_1.10.1/stm32cubeide/plugins/com.st.stm32cube.ide.mcu.externaltools.gnu-tools-for-stm32.10.3-2021.10.win32_1.0.0.202111181127/tools/bin/../lib/gcc/arm-none-eabi/10.3.1/thumb/v6-m/nofp\libgcc.a(eqsf2.o)
                0x00000000080010e4                __eqsf2
                0x00000000080010e4                __nesf2
 .text          0x0000000008001130       0x8c c:/st/stm32cubeide_1.10.1/stm32cubeide/plugins/com.st.stm32cube.ide.mcu.externaltools.gnu-tools-for-stm32.10.3-2021.10.win32_1.0.0.202111181127/tools/bin/../lib/gcc/arm-none-eabi/10.3.1/thumb/v6-m/nofp\libgcc.a(gesf2.o)
                0x0000000008001130                __gesf2
                0x0000000008001130                __gtsf2
 .text          0x00000000080011bc       0x88 c:/st/stm32cubeide_1.10.1/stm32cubeide/plugins/com.st.stm32cube.ide.mcu.externaltools.gnu-tools-for-stm32.10.3-2021.10.win32_1.0.0.202111181127/tools/bin/../lib/gcc/arm-none-eabi/10.3.1/thumb/v6-m/nofp\libgcc.a(lesf2.o)
                0x00000000080011bc                __ltsf2
                0x00000000080011bc                __lesf2
 *(.text*)
 .text.TurnOnLED
                0x0000000008001244       0x3c ./Core/Src/led_functions.o
                0x0000000008001244                TurnOnLED
 .text.TurnOffLED
                0x0000000008001280       0x3c ./Core/Src/led_functions.o
                0x0000000008001280                TurnOffLED
 .text.SetLEDQueue
                0x00000000080012bc       0x28 ./Core/Src/led_functions.o
                0x00000000080012bc                SetLEDQueue
 .text.AddToLEDQueue
                0x00000000080012e4       0x28 ./Core/Src/led_functions.o
                0x00000000080012e4                AddToLEDQueue
 .text.HandleLEDQueue
                0x000000000800130c       0x74 ./Core/Src/led_functions.o
                0x000000000800130c                HandleLEDQueue
 .text.TurnAllOff
                0x0000000008001380       0x2c ./Core/Src/led_functions.o
                0x0000000008001380                TurnAllOff
 .text.PulseHandler
                0x00000000080013ac       0x54 ./Core/Src/led_functions.o
                0x00000000080013ac                PulseHandler
 .text.PulseHandlerKeepOn
                0x0000000008001400       0x88 ./Core/Src/led_functions.o
                0x0000000008001400                PulseHandlerKeepOn
 .text.ResetIndexes
                0x0000000008001488       0x2c ./Core/Src/led_functions.o
                0x0000000008001488                ResetIndexes
 .text.PrintRate
                0x00000000080014b4       0x60 ./Core/Src/led_functions.o
                0x00000000080014b4                PrintRate
 .text.SystemClock_Config
                0x0000000008001514       0xa0 ./Core/Src/main.o
                0x0000000008001514                SystemClock_Config
 .text.startup.main
                0x00000000080015b4      0xa70 ./Core/Src/main.o
                0x00000000080015b4                main
 .text.HAL_TIM_PeriodElapsedCallback
                0x0000000008002024       0x90 ./Core/Src/main.o
                0x0000000008002024                HAL_TIM_PeriodElapsedCallback
 .text.Error_Handler
                0x00000000080020b4        0x4 ./Core/Src/main.o
                0x00000000080020b4                Error_Handler
 .text.HAL_MspInit
                0x00000000080020b8       0x1c ./Core/Src/stm32l0xx_hal_msp.o
                0x00000000080020b8                HAL_MspInit
 .text.HAL_ADC_MspInit
                0x00000000080020d4       0x54 ./Core/Src/stm32l0xx_hal_msp.o
                0x00000000080020d4                HAL_ADC_MspInit
 .text.HAL_TIM_Base_MspInit
                0x0000000008002128       0xbc ./Core/Src/stm32l0xx_hal_msp.o
                0x0000000008002128                HAL_TIM_Base_MspInit
 .text.HAL_TIM_MspPostInit
                0x00000000080021e4       0x4c ./Core/Src/stm32l0xx_hal_msp.o
                0x00000000080021e4                HAL_TIM_MspPostInit
 .text.NMI_Handler
                0x0000000008002230        0x2 ./Core/Src/stm32l0xx_it.o
                0x0000000008002230                NMI_Handler
 .text.HardFault_Handler
                0x0000000008002232        0x2 ./Core/Src/stm32l0xx_it.o
                0x0000000008002232                HardFault_Handler
 .text.SVC_Handler
                0x0000000008002234        0x2 ./Core/Src/stm32l0xx_it.o
                0x0000000008002234                SVC_Handler
 .text.PendSV_Handler
                0x0000000008002236        0x2 ./Core/Src/stm32l0xx_it.o
                0x0000000008002236                PendSV_Handler
 .text.SysTick_Handler
                0x0000000008002238        0x8 ./Core/Src/stm32l0xx_it.o
                0x0000000008002238                SysTick_Handler
 .text.TIM6_DAC_IRQHandler
                0x0000000008002240       0x10 ./Core/Src/stm32l0xx_it.o
                0x0000000008002240                TIM6_DAC_IRQHandler
 .text.TIM7_IRQHandler
                0x0000000008002250       0x10 ./Core/Src/stm32l0xx_it.o
                0x0000000008002250                TIM7_IRQHandler
 .text.TIM21_IRQHandler
                0x0000000008002260       0x10 ./Core/Src/stm32l0xx_it.o
                0x0000000008002260                TIM21_IRQHandler
 .text.TIM22_IRQHandler
                0x0000000008002270       0x10 ./Core/Src/stm32l0xx_it.o
                0x0000000008002270                TIM22_IRQHandler
 .text.USB_IRQHandler
                0x0000000008002280       0x10 ./Core/Src/stm32l0xx_it.o
                0x0000000008002280                USB_IRQHandler
 .text._sbrk    0x0000000008002290       0x40 ./Core/Src/sysmem.o
                0x0000000008002290                _sbrk
 .text.SystemInit
                0x00000000080022d0        0x2 ./Core/Src/system_stm32l0xx.o
                0x00000000080022d0                SystemInit
 *fill*         0x00000000080022d2        0x2 
 .text.Reset_Handler
                0x00000000080022d4       0x50 ./Core/Startup/startup_stm32l072cbtx.o
                0x00000000080022d4                Reset_Handler
 .text.Default_Handler
                0x0000000008002324        0x2 ./Core/Startup/startup_stm32l072cbtx.o
                0x0000000008002324                TSC_IRQHandler
                0x0000000008002324                ADC1_COMP_IRQHandler
                0x0000000008002324                PVD_IRQHandler
                0x0000000008002324                I2C1_IRQHandler
                0x0000000008002324                RCC_CRS_IRQHandler
                0x0000000008002324                SPI1_IRQHandler
                0x0000000008002324                EXTI2_3_IRQHandler
                0x0000000008002324                I2C2_IRQHandler
                0x0000000008002324                RTC_IRQHandler
                0x0000000008002324                DMA1_Channel4_5_6_7_IRQHandler
                0x0000000008002324                TIM3_IRQHandler
                0x0000000008002324                EXTI4_15_IRQHandler
                0x0000000008002324                DMA1_Channel1_IRQHandler
                0x0000000008002324                USART4_5_IRQHandler
                0x0000000008002324                Default_Handler
                0x0000000008002324                EXTI0_1_IRQHandler
                0x0000000008002324                I2C3_IRQHandler
                0x0000000008002324                SPI2_IRQHandler
                0x0000000008002324                WWDG_IRQHandler
                0x0000000008002324                TIM2_IRQHandler
                0x0000000008002324                DMA1_Channel2_3_IRQHandler
                0x0000000008002324                USART2_IRQHandler
                0x0000000008002324                FLASH_IRQHandler
                0x0000000008002324                USART1_IRQHandler
                0x0000000008002324                RNG_LPUART1_IRQHandler
                0x0000000008002324                LPTIM1_IRQHandler
 *fill*         0x0000000008002326        0x2 
 .text.HAL_InitTick
                0x0000000008002328       0x48 ./Drivers/STM32L0xx_HAL_Driver/Src/stm32l0xx_hal.o
                0x0000000008002328                HAL_InitTick
 .text.HAL_Init
                0x0000000008002370       0x28 ./Drivers/STM32L0xx_HAL_Driver/Src/stm32l0xx_hal.o
                0x0000000008002370                HAL_Init
 .text.HAL_IncTick
                0x0000000008002398       0x18 ./Drivers/STM32L0xx_HAL_Driver/Src/stm32l0xx_hal.o
                0x0000000008002398                HAL_IncTick
 .text.HAL_GetTick
                0x00000000080023b0        0xc ./Drivers/STM32L0xx_HAL_Driver/Src/stm32l0xx_hal.o
                0x00000000080023b0                HAL_GetTick
 .text.ADC_DelayMicroSecond
                0x00000000080023bc       0x2c ./Drivers/STM32L0xx_HAL_Driver/Src/stm32l0xx_hal_adc.o
 .text.ADC_Enable
                0x00000000080023e8       0x78 ./Drivers/STM32L0xx_HAL_Driver/Src/stm32l0xx_hal_adc.o
 .text.HAL_ADC_Init
                0x0000000008002460      0x1b4 ./Drivers/STM32L0xx_HAL_Driver/Src/stm32l0xx_hal_adc.o
                0x0000000008002460                HAL_ADC_Init
 .text.HAL_ADC_Start
                0x0000000008002614       0x58 ./Drivers/STM32L0xx_HAL_Driver/Src/stm32l0xx_hal_adc.o
                0x0000000008002614                HAL_ADC_Start
 .text.HAL_ADC_PollForConversion
                0x000000000800266c       0xc8 ./Drivers/STM32L0xx_HAL_Driver/Src/stm32l0xx_hal_adc.o
                0x000000000800266c                HAL_ADC_PollForConversion
 .text.HAL_ADC_GetValue
                0x0000000008002734        0x6 ./Drivers/STM32L0xx_HAL_Driver/Src/stm32l0xx_hal_adc.o
                0x0000000008002734                HAL_ADC_GetValue
 *fill*         0x000000000800273a        0x2 
 .text.HAL_ADC_ConfigChannel
                0x000000000800273c       0xa8 ./Drivers/STM32L0xx_HAL_Driver/Src/stm32l0xx_hal_adc.o
                0x000000000800273c                HAL_ADC_ConfigChannel
 .text.HAL_ADCEx_Calibration_Start
                0x00000000080027e4       0xa8 ./Drivers/STM32L0xx_HAL_Driver/Src/stm32l0xx_hal_adc_ex.o
                0x00000000080027e4                HAL_ADCEx_Calibration_Start
 .text.HAL_NVIC_SetPriority
                0x000000000800288c       0x54 ./Drivers/STM32L0xx_HAL_Driver/Src/stm32l0xx_hal_cortex.o
                0x000000000800288c                HAL_NVIC_SetPriority
 .text.HAL_NVIC_EnableIRQ
                0x00000000080028e0       0x18 ./Drivers/STM32L0xx_HAL_Driver/Src/stm32l0xx_hal_cortex.o
                0x00000000080028e0                HAL_NVIC_EnableIRQ
 .text.HAL_SYSTICK_Config
                0x00000000080028f8       0x34 ./Drivers/STM32L0xx_HAL_Driver/Src/stm32l0xx_hal_cortex.o
                0x00000000080028f8                HAL_SYSTICK_Config
 .text.HAL_GPIO_Init
                0x000000000800292c      0x18c ./Drivers/STM32L0xx_HAL_Driver/Src/stm32l0xx_hal_gpio.o
                0x000000000800292c                HAL_GPIO_Init
 .text.HAL_GPIO_ReadPin
                0x0000000008002ab8        0xc ./Drivers/STM32L0xx_HAL_Driver/Src/stm32l0xx_hal_gpio.o
                0x0000000008002ab8                HAL_GPIO_ReadPin
 .text.HAL_GPIO_WritePin
                0x0000000008002ac4        0xc ./Drivers/STM32L0xx_HAL_Driver/Src/stm32l0xx_hal_gpio.o
                0x0000000008002ac4                HAL_GPIO_WritePin
 .text.HAL_PCD_Init
                0x0000000008002ad0       0xd4 ./Drivers/STM32L0xx_HAL_Driver/Src/stm32l0xx_hal_pcd.o
                0x0000000008002ad0                HAL_PCD_Init
 .text.HAL_PCD_Start
                0x0000000008002ba4       0x26 ./Drivers/STM32L0xx_HAL_Driver/Src/stm32l0xx_hal_pcd.o
                0x0000000008002ba4                HAL_PCD_Start
 .text.HAL_PCD_SetAddress
                0x0000000008002bca       0x24 ./Drivers/STM32L0xx_HAL_Driver/Src/stm32l0xx_hal_pcd.o
                0x0000000008002bca                HAL_PCD_SetAddress
 *fill*         0x0000000008002bee        0x2 
 .text.HAL_PCD_IRQHandler
                0x0000000008002bf0      0x9bc ./Drivers/STM32L0xx_HAL_Driver/Src/stm32l0xx_hal_pcd.o
                0x0000000008002bf0                HAL_PCD_IRQHandler
 .text.HAL_PCD_EP_Open
                0x00000000080035ac       0x5c ./Drivers/STM32L0xx_HAL_Driver/Src/stm32l0xx_hal_pcd.o
                0x00000000080035ac                HAL_PCD_EP_Open
 .text.HAL_PCD_EP_Close
                0x0000000008003608       0x50 ./Drivers/STM32L0xx_HAL_Driver/Src/stm32l0xx_hal_pcd.o
                0x0000000008003608                HAL_PCD_EP_Close
 .text.HAL_PCD_EP_Receive
                0x0000000008003658       0x42 ./Drivers/STM32L0xx_HAL_Driver/Src/stm32l0xx_hal_pcd.o
                0x0000000008003658                HAL_PCD_EP_Receive
 .text.HAL_PCD_EP_GetRxCount
                0x000000000800369a       0x12 ./Drivers/STM32L0xx_HAL_Driver/Src/stm32l0xx_hal_pcd.o
                0x000000000800369a                HAL_PCD_EP_GetRxCount
 .text.HAL_PCD_EP_Transmit
                0x00000000080036ac       0x3a ./Drivers/STM32L0xx_HAL_Driver/Src/stm32l0xx_hal_pcd.o
                0x00000000080036ac                HAL_PCD_EP_Transmit
 .text.HAL_PCD_EP_SetStall
                0x00000000080036e6       0x5a ./Drivers/STM32L0xx_HAL_Driver/Src/stm32l0xx_hal_pcd.o
                0x00000000080036e6                HAL_PCD_EP_SetStall
 .text.HAL_PCD_EP_ClrStall
                0x0000000008003740       0x60 ./Drivers/STM32L0xx_HAL_Driver/Src/stm32l0xx_hal_pcd.o
                0x0000000008003740                HAL_PCD_EP_ClrStall
 .text.HAL_PCDEx_PMAConfig
                0x00000000080037a0       0x34 ./Drivers/STM32L0xx_HAL_Driver/Src/stm32l0xx_hal_pcd_ex.o
                0x00000000080037a0                HAL_PCDEx_PMAConfig
 .text.HAL_PCDEx_ActivateLPM
                0x00000000080037d4       0x28 ./Drivers/STM32L0xx_HAL_Driver/Src/stm32l0xx_hal_pcd_ex.o
                0x00000000080037d4                HAL_PCDEx_ActivateLPM
 .text.HAL_PCDEx_LPM_Callback
                0x00000000080037fc        0x2 ./Drivers/STM32L0xx_HAL_Driver/Src/stm32l0xx_hal_pcd_ex.o
                0x00000000080037fc                HAL_PCDEx_LPM_Callback
 *fill*         0x00000000080037fe        0x2 
 .text.HAL_RCC_GetSysClockFreq
                0x0000000008003800       0x88 ./Drivers/STM32L0xx_HAL_Driver/Src/stm32l0xx_hal_rcc.o
                0x0000000008003800                HAL_RCC_GetSysClockFreq
 .text.HAL_RCC_OscConfig
                0x0000000008003888      0x514 ./Drivers/STM32L0xx_HAL_Driver/Src/stm32l0xx_hal_rcc.o
                0x0000000008003888                HAL_RCC_OscConfig
 .text.HAL_RCC_ClockConfig
                0x0000000008003d9c      0x19c ./Drivers/STM32L0xx_HAL_Driver/Src/stm32l0xx_hal_rcc.o
                0x0000000008003d9c                HAL_RCC_ClockConfig
 .text.HAL_RCC_GetHCLKFreq
                0x0000000008003f38        0xc ./Drivers/STM32L0xx_HAL_Driver/Src/stm32l0xx_hal_rcc.o
                0x0000000008003f38                HAL_RCC_GetHCLKFreq
 .text.HAL_RCCEx_PeriphCLKConfig
                0x0000000008003f44      0x1c8 ./Drivers/STM32L0xx_HAL_Driver/Src/stm32l0xx_hal_rcc_ex.o
                0x0000000008003f44                HAL_RCCEx_PeriphCLKConfig
 .text.TIM_Base_SetConfig
                0x000000000800410c       0x70 ./Drivers/STM32L0xx_HAL_Driver/Src/stm32l0xx_hal_tim.o
 .text.TIM_OC1_SetConfig
                0x000000000800417c       0x2c ./Drivers/STM32L0xx_HAL_Driver/Src/stm32l0xx_hal_tim.o
 .text.TIM_OC2_SetConfig
                0x00000000080041a8       0x38 ./Drivers/STM32L0xx_HAL_Driver/Src/stm32l0xx_hal_tim.o
 .text.TIM_CCxChannelCmd
                0x00000000080041e0       0x1a ./Drivers/STM32L0xx_HAL_Driver/Src/stm32l0xx_hal_tim.o
 .text.HAL_TIM_Base_Init
                0x00000000080041fa       0x48 ./Drivers/STM32L0xx_HAL_Driver/Src/stm32l0xx_hal_tim.o
                0x00000000080041fa                HAL_TIM_Base_Init
 *fill*         0x0000000008004242        0x2 
 .text.HAL_TIM_Base_Start_IT
                0x0000000008004244       0x60 ./Drivers/STM32L0xx_HAL_Driver/Src/stm32l0xx_hal_tim.o
                0x0000000008004244                HAL_TIM_Base_Start_IT
 .text.HAL_TIM_OC_MspInit
                0x00000000080042a4        0x2 ./Drivers/STM32L0xx_HAL_Driver/Src/stm32l0xx_hal_tim.o
                0x00000000080042a4                HAL_TIM_OC_MspInit
 .text.HAL_TIM_OC_Init
                0x00000000080042a6       0x48 ./Drivers/STM32L0xx_HAL_Driver/Src/stm32l0xx_hal_tim.o
                0x00000000080042a6                HAL_TIM_OC_Init
 *fill*         0x00000000080042ee        0x2 
 .text.HAL_TIM_OC_Start
                0x00000000080042f0       0x80 ./Drivers/STM32L0xx_HAL_Driver/Src/stm32l0xx_hal_tim.o
                0x00000000080042f0                HAL_TIM_OC_Start
 .text.HAL_TIM_OC_Stop
                0x0000000008004370       0x48 ./Drivers/STM32L0xx_HAL_Driver/Src/stm32l0xx_hal_tim.o
                0x0000000008004370                HAL_TIM_OC_Stop
 .text.HAL_TIM_PWM_MspInit
                0x00000000080043b8        0x2 ./Drivers/STM32L0xx_HAL_Driver/Src/stm32l0xx_hal_tim.o
                0x00000000080043b8                HAL_TIM_PWM_MspInit
 .text.HAL_TIM_PWM_Init
                0x00000000080043ba       0x48 ./Drivers/STM32L0xx_HAL_Driver/Src/stm32l0xx_hal_tim.o
                0x00000000080043ba                HAL_TIM_PWM_Init
 .text.HAL_TIM_PWM_Start
                0x0000000008004402        0x8 ./Drivers/STM32L0xx_HAL_Driver/Src/stm32l0xx_hal_tim.o
                0x0000000008004402                HAL_TIM_PWM_Start
 .text.HAL_TIM_PWM_Stop
                0x000000000800440a        0x8 ./Drivers/STM32L0xx_HAL_Driver/Src/stm32l0xx_hal_tim.o
                0x000000000800440a                HAL_TIM_PWM_Stop
 *fill*         0x0000000008004412        0x2 
 .text.HAL_TIM_OC_ConfigChannel
                0x0000000008004414       0xb0 ./Drivers/STM32L0xx_HAL_Driver/Src/stm32l0xx_hal_tim.o
                0x0000000008004414                HAL_TIM_OC_ConfigChannel
 .text.HAL_TIM_PWM_ConfigChannel
                0x00000000080044c4      0x11c ./Drivers/STM32L0xx_HAL_Driver/Src/stm32l0xx_hal_tim.o
                0x00000000080044c4                HAL_TIM_PWM_ConfigChannel
 .text.HAL_TIM_ConfigClockSource
                0x00000000080045e0      0x15c ./Drivers/STM32L0xx_HAL_Driver/Src/stm32l0xx_hal_tim.o
                0x00000000080045e0                HAL_TIM_ConfigClockSource
 .text.HAL_TIM_OC_DelayElapsedCallback
                0x000000000800473c        0x2 ./Drivers/STM32L0xx_HAL_Driver/Src/stm32l0xx_hal_tim.o
                0x000000000800473c                HAL_TIM_OC_DelayElapsedCallback
 .text.HAL_TIM_IC_CaptureCallback
                0x000000000800473e        0x2 ./Drivers/STM32L0xx_HAL_Driver/Src/stm32l0xx_hal_tim.o
                0x000000000800473e                HAL_TIM_IC_CaptureCallback
 .text.HAL_TIM_PWM_PulseFinishedCallback
                0x0000000008004740        0x2 ./Drivers/STM32L0xx_HAL_Driver/Src/stm32l0xx_hal_tim.o
                0x0000000008004740                HAL_TIM_PWM_PulseFinishedCallback
 .text.HAL_TIM_TriggerCallback
                0x0000000008004742        0x2 ./Drivers/STM32L0xx_HAL_Driver/Src/stm32l0xx_hal_tim.o
                0x0000000008004742                HAL_TIM_TriggerCallback
 .text.HAL_TIM_IRQHandler
                0x0000000008004744      0x110 ./Drivers/STM32L0xx_HAL_Driver/Src/stm32l0xx_hal_tim.o
                0x0000000008004744                HAL_TIM_IRQHandler
 .text.HAL_TIMEx_MasterConfigSynchronization
                0x0000000008004854       0x64 ./Drivers/STM32L0xx_HAL_Driver/Src/stm32l0xx_hal_tim_ex.o
                0x0000000008004854                HAL_TIMEx_MasterConfigSynchronization
 .text.USB_EnableGlobalInt
                0x00000000080048b8       0x14 ./Drivers/STM32L0xx_HAL_Driver/Src/stm32l0xx_ll_usb.o
                0x00000000080048b8                USB_EnableGlobalInt
 .text.USB_DisableGlobalInt
                0x00000000080048cc       0x14 ./Drivers/STM32L0xx_HAL_Driver/Src/stm32l0xx_ll_usb.o
                0x00000000080048cc                USB_DisableGlobalInt
 .text.USB_DevInit
                0x00000000080048e0       0x26 ./Drivers/STM32L0xx_HAL_Driver/Src/stm32l0xx_ll_usb.o
                0x00000000080048e0                USB_DevInit
 *fill*         0x0000000008004906        0x2 
 .text.USB_ActivateEndpoint
                0x0000000008004908      0x228 ./Drivers/STM32L0xx_HAL_Driver/Src/stm32l0xx_ll_usb.o
                0x0000000008004908                USB_ActivateEndpoint
 .text.USB_DeactivateEndpoint
                0x0000000008004b30       0xf8 ./Drivers/STM32L0xx_HAL_Driver/Src/stm32l0xx_ll_usb.o
                0x0000000008004b30                USB_DeactivateEndpoint
 .text.USB_EPSetStall
                0x0000000008004c28       0x3c ./Drivers/STM32L0xx_HAL_Driver/Src/stm32l0xx_ll_usb.o
                0x0000000008004c28                USB_EPSetStall
 .text.USB_EPClearStall
                0x0000000008004c64       0x74 ./Drivers/STM32L0xx_HAL_Driver/Src/stm32l0xx_ll_usb.o
                0x0000000008004c64                USB_EPClearStall
 .text.USB_SetDevAddress
                0x0000000008004cd8        0xe ./Drivers/STM32L0xx_HAL_Driver/Src/stm32l0xx_ll_usb.o
                0x0000000008004cd8                USB_SetDevAddress
 .text.USB_DevConnect
                0x0000000008004ce6       0x10 ./Drivers/STM32L0xx_HAL_Driver/Src/stm32l0xx_ll_usb.o
                0x0000000008004ce6                USB_DevConnect
 .text.USB_ReadInterrupts
                0x0000000008004cf6        0x8 ./Drivers/STM32L0xx_HAL_Driver/Src/stm32l0xx_ll_usb.o
                0x0000000008004cf6                USB_ReadInterrupts
 .text.USB_WritePMA
                0x0000000008004cfe       0x2a ./Drivers/STM32L0xx_HAL_Driver/Src/stm32l0xx_ll_usb.o
                0x0000000008004cfe                USB_WritePMA
 .text.USB_EPStartXfer
                0x0000000008004d28      0x490 ./Drivers/STM32L0xx_HAL_Driver/Src/stm32l0xx_ll_usb.o
                0x0000000008004d28                USB_EPStartXfer
 .text.USB_ReadPMA
                0x00000000080051b8       0x38 ./Drivers/STM32L0xx_HAL_Driver/Src/stm32l0xx_ll_usb.o
                0x00000000080051b8                USB_ReadPMA
 .text.USBD_CDC_EP0_RxReady
                0x00000000080051f0       0x34 ./Middlewares/ST/STM32_USB_Device_Library/Class/CDC/Src/usbd_cdc.o
 .text.USBD_CDC_GetFSCfgDesc
                0x0000000008005224        0xc ./Middlewares/ST/STM32_USB_Device_Library/Class/CDC/Src/usbd_cdc.o
 .text.USBD_CDC_GetHSCfgDesc
                0x0000000008005230        0xc ./Middlewares/ST/STM32_USB_Device_Library/Class/CDC/Src/usbd_cdc.o
 .text.USBD_CDC_GetOtherSpeedCfgDesc
                0x000000000800523c        0xc ./Middlewares/ST/STM32_USB_Device_Library/Class/CDC/Src/usbd_cdc.o
 .text.USBD_CDC_GetDeviceQualifierDescriptor
                0x0000000008005248        0xc ./Middlewares/ST/STM32_USB_Device_Library/Class/CDC/Src/usbd_cdc.o
                0x0000000008005248                USBD_CDC_GetDeviceQualifierDescriptor
 .text.USBD_CDC_DataOut
                0x0000000008005254       0x34 ./Middlewares/ST/STM32_USB_Device_Library/Class/CDC/Src/usbd_cdc.o
 .text.USBD_CDC_DataIn
                0x0000000008005288       0x54 ./Middlewares/ST/STM32_USB_Device_Library/Class/CDC/Src/usbd_cdc.o
 .text.USBD_CDC_Setup
                0x00000000080052dc       0xc8 ./Middlewares/ST/STM32_USB_Device_Library/Class/CDC/Src/usbd_cdc.o
 .text.USBD_CDC_DeInit
                0x00000000080053a4       0x46 ./Middlewares/ST/STM32_USB_Device_Library/Class/CDC/Src/usbd_cdc.o
 .text.USBD_CDC_Init
                0x00000000080053ea       0xa4 ./Middlewares/ST/STM32_USB_Device_Library/Class/CDC/Src/usbd_cdc.o
 .text.USBD_CDC_RegisterInterface
                0x000000000800548e       0x12 ./Middlewares/ST/STM32_USB_Device_Library/Class/CDC/Src/usbd_cdc.o
                0x000000000800548e                USBD_CDC_RegisterInterface
 .text.USBD_CDC_SetTxBuffer
                0x00000000080054a0       0x16 ./Middlewares/ST/STM32_USB_Device_Library/Class/CDC/Src/usbd_cdc.o
                0x00000000080054a0                USBD_CDC_SetTxBuffer
 .text.USBD_CDC_SetRxBuffer
                0x00000000080054b6        0xe ./Middlewares/ST/STM32_USB_Device_Library/Class/CDC/Src/usbd_cdc.o
                0x00000000080054b6                USBD_CDC_SetRxBuffer
 .text.USBD_CDC_TransmitPacket
                0x00000000080054c4       0x38 ./Middlewares/ST/STM32_USB_Device_Library/Class/CDC/Src/usbd_cdc.o
                0x00000000080054c4                USBD_CDC_TransmitPacket
 .text.USBD_CDC_ReceivePacket
                0x00000000080054fc       0x34 ./Middlewares/ST/STM32_USB_Device_Library/Class/CDC/Src/usbd_cdc.o
                0x00000000080054fc                USBD_CDC_ReceivePacket
 .text.USBD_Init
                0x0000000008005530       0x34 ./Middlewares/ST/STM32_USB_Device_Library/Core/Src/usbd_core.o
                0x0000000008005530                USBD_Init
 .text.USBD_RegisterClass
                0x0000000008005564       0x12 ./Middlewares/ST/STM32_USB_Device_Library/Core/Src/usbd_core.o
                0x0000000008005564                USBD_RegisterClass
 .text.USBD_Start
                0x0000000008005576        0xa ./Middlewares/ST/STM32_USB_Device_Library/Core/Src/usbd_core.o
                0x0000000008005576                USBD_Start
 .text.USBD_SetClassConfig
                0x0000000008005580       0x1a ./Middlewares/ST/STM32_USB_Device_Library/Core/Src/usbd_core.o
                0x0000000008005580                USBD_SetClassConfig
 .text.USBD_ClrClassConfig
                0x000000000800559a       0x10 ./Middlewares/ST/STM32_USB_Device_Library/Core/Src/usbd_core.o
                0x000000000800559a                USBD_ClrClassConfig
 *fill*         0x00000000080055aa        0x2 
 .text.USBD_LL_SetupStage
                0x00000000080055ac       0x64 ./Middlewares/ST/STM32_USB_Device_Library/Core/Src/usbd_core.o
                0x00000000080055ac                USBD_LL_SetupStage
 .text.USBD_LL_DataOutStage
                0x0000000008005610       0x8c ./Middlewares/ST/STM32_USB_Device_Library/Core/Src/usbd_core.o
                0x0000000008005610                USBD_LL_DataOutStage
 .text.USBD_LL_DataInStage
                0x000000000800569c       0xca ./Middlewares/ST/STM32_USB_Device_Library/Core/Src/usbd_core.o
                0x000000000800569c                USBD_LL_DataInStage
 .text.USBD_LL_Reset
                0x0000000008005766       0x54 ./Middlewares/ST/STM32_USB_Device_Library/Core/Src/usbd_core.o
                0x0000000008005766                USBD_LL_Reset
 .text.USBD_LL_SetSpeed
                0x00000000080057ba        0x6 ./Middlewares/ST/STM32_USB_Device_Library/Core/Src/usbd_core.o
                0x00000000080057ba                USBD_LL_SetSpeed
 .text.USBD_LL_Suspend
                0x00000000080057c0       0x18 ./Middlewares/ST/STM32_USB_Device_Library/Core/Src/usbd_core.o
                0x00000000080057c0                USBD_LL_Suspend
 .text.USBD_LL_Resume
                0x00000000080057d8       0x18 ./Middlewares/ST/STM32_USB_Device_Library/Core/Src/usbd_core.o
                0x00000000080057d8                USBD_LL_Resume
 .text.USBD_LL_SOF
                0x00000000080057f0       0x1e ./Middlewares/ST/STM32_USB_Device_Library/Core/Src/usbd_core.o
                0x00000000080057f0                USBD_LL_SOF
 .text.USBD_CtlError.constprop.0
                0x000000000800580e       0x14 ./Middlewares/ST/STM32_USB_Device_Library/Core/Src/usbd_ctlreq.o
 *fill*         0x0000000008005822        0x2 
 .text.USBD_StdDevReq
                0x0000000008005824      0x26c ./Middlewares/ST/STM32_USB_Device_Library/Core/Src/usbd_ctlreq.o
                0x0000000008005824                USBD_StdDevReq
 .text.USBD_StdItfReq
                0x0000000008005a90       0x50 ./Middlewares/ST/STM32_USB_Device_Library/Core/Src/usbd_ctlreq.o
                0x0000000008005a90                USBD_StdItfReq
 .text.USBD_StdEPReq
                0x0000000008005ae0      0x12c ./Middlewares/ST/STM32_USB_Device_Library/Core/Src/usbd_ctlreq.o
                0x0000000008005ae0                USBD_StdEPReq
 .text.USBD_ParseSetupRequest
                0x0000000008005c0c       0x28 ./Middlewares/ST/STM32_USB_Device_Library/Core/Src/usbd_ctlreq.o
                0x0000000008005c0c                USBD_ParseSetupRequest
 .text.USBD_CtlError
                0x0000000008005c34       0x14 ./Middlewares/ST/STM32_USB_Device_Library/Core/Src/usbd_ctlreq.o
                0x0000000008005c34                USBD_CtlError
 .text.USBD_GetString
                0x0000000008005c48       0x3c ./Middlewares/ST/STM32_USB_Device_Library/Core/Src/usbd_ctlreq.o
                0x0000000008005c48                USBD_GetString
 .text.USBD_CtlSendData
                0x0000000008005c84       0x1c ./Middlewares/ST/STM32_USB_Device_Library/Core/Src/usbd_ioreq.o
                0x0000000008005c84                USBD_CtlSendData
 .text.USBD_CtlContinueSendData
                0x0000000008005ca0       0x10 ./Middlewares/ST/STM32_USB_Device_Library/Core/Src/usbd_ioreq.o
                0x0000000008005ca0                USBD_CtlContinueSendData
 .text.USBD_CtlPrepareRx
                0x0000000008005cb0       0x20 ./Middlewares/ST/STM32_USB_Device_Library/Core/Src/usbd_ioreq.o
                0x0000000008005cb0                USBD_CtlPrepareRx
 .text.USBD_CtlContinueRx
                0x0000000008005cd0       0x10 ./Middlewares/ST/STM32_USB_Device_Library/Core/Src/usbd_ioreq.o
                0x0000000008005cd0                USBD_CtlContinueRx
 .text.USBD_CtlSendStatus
                0x0000000008005ce0       0x18 ./Middlewares/ST/STM32_USB_Device_Library/Core/Src/usbd_ioreq.o
                0x0000000008005ce0                USBD_CtlSendStatus
 .text.USBD_CtlReceiveStatus
                0x0000000008005cf8       0x18 ./Middlewares/ST/STM32_USB_Device_Library/Core/Src/usbd_ioreq.o
                0x0000000008005cf8                USBD_CtlReceiveStatus
 .text.MX_USB_DEVICE_Init
                0x0000000008005d10       0x58 ./USB_DEVICE/App/usb_device.o
                0x0000000008005d10                MX_USB_DEVICE_Init
 .text.CDC_DeInit_FS
                0x0000000008005d68        0x4 ./USB_DEVICE/App/usbd_cdc_if.o
 .text.CDC_Control_FS
                0x0000000008005d6c        0x4 ./USB_DEVICE/App/usbd_cdc_if.o
 .text.CDC_Receive_FS
                0x0000000008005d70       0x1c ./USB_DEVICE/App/usbd_cdc_if.o
 .text.CDC_Init_FS
                0x0000000008005d8c       0x28 ./USB_DEVICE/App/usbd_cdc_if.o
 .text.CDC_Transmit_FS
                0x0000000008005db4       0x2c ./USB_DEVICE/App/usbd_cdc_if.o
                0x0000000008005db4                CDC_Transmit_FS
 .text.USBD_FS_DeviceDescriptor
                0x0000000008005de0        0xc ./USB_DEVICE/App/usbd_desc.o
                0x0000000008005de0                USBD_FS_DeviceDescriptor
 .text.USBD_FS_LangIDStrDescriptor
                0x0000000008005dec        0xc ./USB_DEVICE/App/usbd_desc.o
                0x0000000008005dec                USBD_FS_LangIDStrDescriptor
 .text.IntToUnicode
                0x0000000008005df8       0x24 ./USB_DEVICE/App/usbd_desc.o
 .text.USBD_FS_SerialStrDescriptor
                0x0000000008005e1c       0x44 ./USB_DEVICE/App/usbd_desc.o
                0x0000000008005e1c                USBD_FS_SerialStrDescriptor
 .text.USBD_FS_ManufacturerStrDescriptor
                0x0000000008005e60       0x1c ./USB_DEVICE/App/usbd_desc.o
                0x0000000008005e60                USBD_FS_ManufacturerStrDescriptor
 .text.USBD_FS_ProductStrDescriptor
                0x0000000008005e7c       0x1c ./USB_DEVICE/App/usbd_desc.o
                0x0000000008005e7c                USBD_FS_ProductStrDescriptor
 .text.USBD_FS_ConfigStrDescriptor
                0x0000000008005e98       0x1c ./USB_DEVICE/App/usbd_desc.o
                0x0000000008005e98                USBD_FS_ConfigStrDescriptor
 .text.USBD_FS_InterfaceStrDescriptor
                0x0000000008005eb4       0x1c ./USB_DEVICE/App/usbd_desc.o
                0x0000000008005eb4                USBD_FS_InterfaceStrDescriptor
 .text.USBD_Get_USB_Status
                0x0000000008005ed0       0x14 ./USB_DEVICE/Target/usbd_conf.o
 .text.HAL_PCD_MspInit
                0x0000000008005ee4       0x30 ./USB_DEVICE/Target/usbd_conf.o
                0x0000000008005ee4                HAL_PCD_MspInit
 .text.HAL_PCD_SetupStageCallback
                0x0000000008005f14       0x12 ./USB_DEVICE/Target/usbd_conf.o
                0x0000000008005f14                HAL_PCD_SetupStageCallback
 .text.HAL_PCD_DataOutStageCallback
                0x0000000008005f26       0x1a ./USB_DEVICE/Target/usbd_conf.o
                0x0000000008005f26                HAL_PCD_DataOutStageCallback
 .text.HAL_PCD_DataInStageCallback
                0x0000000008005f40       0x16 ./USB_DEVICE/Target/usbd_conf.o
                0x0000000008005f40                HAL_PCD_DataInStageCallback
 .text.HAL_PCD_SOFCallback
                0x0000000008005f56        0xe ./USB_DEVICE/Target/usbd_conf.o
                0x0000000008005f56                HAL_PCD_SOFCallback
 .text.HAL_PCD_ResetCallback
                0x0000000008005f64       0x22 ./USB_DEVICE/Target/usbd_conf.o
                0x0000000008005f64                HAL_PCD_ResetCallback
 *fill*         0x0000000008005f86        0x2 
 .text.HAL_PCD_SuspendCallback
                0x0000000008005f88       0x24 ./USB_DEVICE/Target/usbd_conf.o
                0x0000000008005f88                HAL_PCD_SuspendCallback
 .text.HAL_PCD_ResumeCallback
                0x0000000008005fac       0x28 ./USB_DEVICE/Target/usbd_conf.o
                0x0000000008005fac                HAL_PCD_ResumeCallback
 .text.USBD_LL_Init
                0x0000000008005fd4       0x80 ./USB_DEVICE/Target/usbd_conf.o
                0x0000000008005fd4                USBD_LL_Init
 .text.USBD_LL_Start
                0x0000000008006054       0x12 ./USB_DEVICE/Target/usbd_conf.o
                0x0000000008006054                USBD_LL_Start
 .text.USBD_LL_OpenEP
                0x0000000008006066       0x18 ./USB_DEVICE/Target/usbd_conf.o
                0x0000000008006066                USBD_LL_OpenEP
 .text.USBD_LL_CloseEP
                0x000000000800607e       0x12 ./USB_DEVICE/Target/usbd_conf.o
                0x000000000800607e                USBD_LL_CloseEP
 .text.USBD_LL_StallEP
                0x0000000008006090       0x12 ./USB_DEVICE/Target/usbd_conf.o
                0x0000000008006090                USBD_LL_StallEP
 .text.USBD_LL_ClearStallEP
                0x00000000080060a2       0x12 ./USB_DEVICE/Target/usbd_conf.o
                0x00000000080060a2                USBD_LL_ClearStallEP
 .text.USBD_LL_IsStallEP
                0x00000000080060b4       0x2a ./USB_DEVICE/Target/usbd_conf.o
                0x00000000080060b4                USBD_LL_IsStallEP
 .text.USBD_LL_SetUSBAddress
                0x00000000080060de       0x12 ./USB_DEVICE/Target/usbd_conf.o
                0x00000000080060de                USBD_LL_SetUSBAddress
 .text.USBD_LL_Transmit
                0x00000000080060f0       0x12 ./USB_DEVICE/Target/usbd_conf.o
                0x00000000080060f0                USBD_LL_Transmit
 .text.USBD_LL_PrepareReceive
                0x0000000008006102       0x12 ./USB_DEVICE/Target/usbd_conf.o
                0x0000000008006102                USBD_LL_PrepareReceive
 .text.USBD_LL_GetRxDataSize
                0x0000000008006114        0xe ./USB_DEVICE/Target/usbd_conf.o
                0x0000000008006114                USBD_LL_GetRxDataSize
 *fill*         0x0000000008006122        0x2 
 .text.USBD_static_malloc
                0x0000000008006124        0x8 ./USB_DEVICE/Target/usbd_conf.o
                0x0000000008006124                USBD_static_malloc
 .text.USBD_static_free
                0x000000000800612c        0x2 ./USB_DEVICE/Target/usbd_conf.o
                0x000000000800612c                USBD_static_free
 *fill*         0x000000000800612e        0x2 
 .text.arm_split_rfft_q15
                0x0000000008006130      0x13c C:\Users\Dane\Documents\GitHub\HeartRateBoard\software\Drivers\CMSIS\Lib\GCC\libarm_cortexM0l_math.a(arm_rfft_q15.o)
                0x0000000008006130                arm_split_rfft_q15
 .text.arm_rfft_q15
                0x000000000800626c      0x128 C:\Users\Dane\Documents\GitHub\HeartRateBoard\software\Drivers\CMSIS\Lib\GCC\libarm_cortexM0l_math.a(arm_rfft_q15.o)
                0x000000000800626c                arm_rfft_q15
 .text.arm_rfft_init_q15
                0x0000000008006394       0xf8 C:\Users\Dane\Documents\GitHub\HeartRateBoard\software\Drivers\CMSIS\Lib\GCC\libarm_cortexM0l_math.a(arm_rfft_init_q15.o)
                0x0000000008006394                arm_rfft_init_q15
 .text.arm_fir_init_q15
                0x000000000800648c       0x28 C:\Users\Dane\Documents\GitHub\HeartRateBoard\software\Drivers\CMSIS\Lib\GCC\libarm_cortexM0l_math.a(arm_fir_init_q15.o)
                0x000000000800648c                arm_fir_init_q15
 .text.arm_fir_fast_q15
                0x00000000080064b4      0x484 C:\Users\Dane\Documents\GitHub\HeartRateBoard\software\Drivers\CMSIS\Lib\GCC\libarm_cortexM0l_math.a(arm_fir_fast_q15.o)
                0x00000000080064b4                arm_fir_fast_q15
 .text.arm_cmplx_mag_q15
                0x0000000008006938       0x64 C:\Users\Dane\Documents\GitHub\HeartRateBoard\software\Drivers\CMSIS\Lib\GCC\libarm_cortexM0l_math.a(arm_cmplx_mag_q15.o)
                0x0000000008006938                arm_cmplx_mag_q15
 .text.arm_sqrt_q15
                0x000000000800699c       0xc8 C:\Users\Dane\Documents\GitHub\HeartRateBoard\software\Drivers\CMSIS\Lib\GCC\libarm_cortexM0l_math.a(arm_sqrt_q15.o)
                0x000000000800699c                arm_sqrt_q15
 .text.arm_shift_q15
                0x0000000008006a64       0x6c C:\Users\Dane\Documents\GitHub\HeartRateBoard\software\Drivers\CMSIS\Lib\GCC\libarm_cortexM0l_math.a(arm_shift_q15.o)
                0x0000000008006a64                arm_shift_q15
 .text.arm_cfft_radix4by2_q15
                0x0000000008006ad0      0x11c C:\Users\Dane\Documents\GitHub\HeartRateBoard\software\Drivers\CMSIS\Lib\GCC\libarm_cortexM0l_math.a(arm_cfft_q15.o)
                0x0000000008006ad0                arm_cfft_radix4by2_q15
 .text.arm_cfft_radix4by2_inverse_q15
                0x0000000008006bec      0x128 C:\Users\Dane\Documents\GitHub\HeartRateBoard\software\Drivers\CMSIS\Lib\GCC\libarm_cortexM0l_math.a(arm_cfft_q15.o)
                0x0000000008006bec                arm_cfft_radix4by2_inverse_q15
 .text.arm_cfft_q15
                0x0000000008006d14       0xc8 C:\Users\Dane\Documents\GitHub\HeartRateBoard\software\Drivers\CMSIS\Lib\GCC\libarm_cortexM0l_math.a(arm_cfft_q15.o)
                0x0000000008006d14                arm_cfft_q15
 .text.arm_radix4_butterfly_q15
                0x0000000008006ddc      0x740 C:\Users\Dane\Documents\GitHub\HeartRateBoard\software\Drivers\CMSIS\Lib\GCC\libarm_cortexM0l_math.a(arm_cfft_radix4_q15.o)
                0x0000000008006ddc                arm_radix4_butterfly_q15
 .text.arm_radix4_butterfly_inverse_q15
                0x000000000800751c      0x714 C:\Users\Dane\Documents\GitHub\HeartRateBoard\software\Drivers\CMSIS\Lib\GCC\libarm_cortexM0l_math.a(arm_cfft_radix4_q15.o)
                0x000000000800751c                arm_radix4_butterfly_inverse_q15
 .text.__errno  0x0000000008007c30        0xc c:/st/stm32cubeide_1.10.1/stm32cubeide/plugins/com.st.stm32cube.ide.mcu.externaltools.gnu-tools-for-stm32.10.3-2021.10.win32_1.0.0.202111181127/tools/bin/../lib/gcc/arm-none-eabi/10.3.1/../../../../arm-none-eabi/lib/thumb/v6-m/nofp\libc_nano.a(lib_a-errno.o)
                0x0000000008007c30                __errno
 .text.__libc_init_array
                0x0000000008007c3c       0x48 c:/st/stm32cubeide_1.10.1/stm32cubeide/plugins/com.st.stm32cube.ide.mcu.externaltools.gnu-tools-for-stm32.10.3-2021.10.win32_1.0.0.202111181127/tools/bin/../lib/gcc/arm-none-eabi/10.3.1/../../../../arm-none-eabi/lib/thumb/v6-m/nofp\libc_nano.a(lib_a-init.o)
                0x0000000008007c3c                __libc_init_array
 .text.memcpy   0x0000000008007c84       0x12 c:/st/stm32cubeide_1.10.1/stm32cubeide/plugins/com.st.stm32cube.ide.mcu.externaltools.gnu-tools-for-stm32.10.3-2021.10.win32_1.0.0.202111181127/tools/bin/../lib/gcc/arm-none-eabi/10.3.1/../../../../arm-none-eabi/lib/thumb/v6-m/nofp\libc_nano.a(lib_a-memcpy-stub.o)
                0x0000000008007c84                memcpy
 .text.memset   0x0000000008007c96       0x10 c:/st/stm32cubeide_1.10.1/stm32cubeide/plugins/com.st.stm32cube.ide.mcu.externaltools.gnu-tools-for-stm32.10.3-2021.10.win32_1.0.0.202111181127/tools/bin/../lib/gcc/arm-none-eabi/10.3.1/../../../../arm-none-eabi/lib/thumb/v6-m/nofp\libc_nano.a(lib_a-memset.o)
                0x0000000008007c96                memset
 *fill*         0x0000000008007ca6        0x2 
 .text.sprintf  0x0000000008007ca8       0x40 c:/st/stm32cubeide_1.10.1/stm32cubeide/plugins/com.st.stm32cube.ide.mcu.externaltools.gnu-tools-for-stm32.10.3-2021.10.win32_1.0.0.202111181127/tools/bin/../lib/gcc/arm-none-eabi/10.3.1/../../../../arm-none-eabi/lib/thumb/v6-m/nofp\libc_nano.a(lib_a-sprintf.o)
                0x0000000008007ca8                siprintf
                0x0000000008007ca8                sprintf
 .text.__ssputs_r
                0x0000000008007ce8       0xc4 c:/st/stm32cubeide_1.10.1/stm32cubeide/plugins/com.st.stm32cube.ide.mcu.externaltools.gnu-tools-for-stm32.10.3-2021.10.win32_1.0.0.202111181127/tools/bin/../lib/gcc/arm-none-eabi/10.3.1/../../../../arm-none-eabi/lib/thumb/v6-m/nofp\libc_nano.a(lib_a-nano-svfprintf.o)
                0x0000000008007ce8                __ssputs_r
 .text._svfprintf_r
                0x0000000008007dac      0x200 c:/st/stm32cubeide_1.10.1/stm32cubeide/plugins/com.st.stm32cube.ide.mcu.externaltools.gnu-tools-for-stm32.10.3-2021.10.win32_1.0.0.202111181127/tools/bin/../lib/gcc/arm-none-eabi/10.3.1/../../../../arm-none-eabi/lib/thumb/v6-m/nofp\libc_nano.a(lib_a-nano-svfprintf.o)
                0x0000000008007dac                _svfiprintf_r
                0x0000000008007dac                _svfprintf_r
 .text._printf_common
                0x0000000008007fac       0xde c:/st/stm32cubeide_1.10.1/stm32cubeide/plugins/com.st.stm32cube.ide.mcu.externaltools.gnu-tools-for-stm32.10.3-2021.10.win32_1.0.0.202111181127/tools/bin/../lib/gcc/arm-none-eabi/10.3.1/../../../../arm-none-eabi/lib/thumb/v6-m/nofp\libc_nano.a(lib_a-nano-vfprintf_i.o)
                0x0000000008007fac                _printf_common
 *fill*         0x000000000800808a        0x2 
 .text._printf_i
                0x000000000800808c      0x224 c:/st/stm32cubeide_1.10.1/stm32cubeide/plugins/com.st.stm32cube.ide.mcu.externaltools.gnu-tools-for-stm32.10.3-2021.10.win32_1.0.0.202111181127/tools/bin/../lib/gcc/arm-none-eabi/10.3.1/../../../../arm-none-eabi/lib/thumb/v6-m/nofp\libc_nano.a(lib_a-nano-vfprintf_i.o)
                0x000000000800808c                _printf_i
 .text.memchr   0x00000000080082b0       0x16 c:/st/stm32cubeide_1.10.1/stm32cubeide/plugins/com.st.stm32cube.ide.mcu.externaltools.gnu-tools-for-stm32.10.3-2021.10.win32_1.0.0.202111181127/tools/bin/../lib/gcc/arm-none-eabi/10.3.1/../../../../arm-none-eabi/lib/thumb/v6-m/nofp\libc_nano.a(lib_a-memchr-stub.o)
                0x00000000080082b0                memchr
 .text.memmove  0x00000000080082c6       0x26 c:/st/stm32cubeide_1.10.1/stm32cubeide/plugins/com.st.stm32cube.ide.mcu.externaltools.gnu-tools-for-stm32.10.3-2021.10.win32_1.0.0.202111181127/tools/bin/../lib/gcc/arm-none-eabi/10.3.1/../../../../arm-none-eabi/lib/thumb/v6-m/nofp\libc_nano.a(lib_a-memmove.o)
                0x00000000080082c6                memmove
 .text._free_r  0x00000000080082ec       0x94 c:/st/stm32cubeide_1.10.1/stm32cubeide/plugins/com.st.stm32cube.ide.mcu.externaltools.gnu-tools-for-stm32.10.3-2021.10.win32_1.0.0.202111181127/tools/bin/../lib/gcc/arm-none-eabi/10.3.1/../../../../arm-none-eabi/lib/thumb/v6-m/nofp\libc_nano.a(lib_a-nano-freer.o)
                0x00000000080082ec                _free_r
 .text.sbrk_aligned
                0x0000000008008380       0x44 c:/st/stm32cubeide_1.10.1/stm32cubeide/plugins/com.st.stm32cube.ide.mcu.externaltools.gnu-tools-for-stm32.10.3-2021.10.win32_1.0.0.202111181127/tools/bin/../lib/gcc/arm-none-eabi/10.3.1/../../../../arm-none-eabi/lib/thumb/v6-m/nofp\libc_nano.a(lib_a-nano-mallocr.o)
 .text._malloc_r
                0x00000000080083c4       0xec c:/st/stm32cubeide_1.10.1/stm32cubeide/plugins/com.st.stm32cube.ide.mcu.externaltools.gnu-tools-for-stm32.10.3-2021.10.win32_1.0.0.202111181127/tools/bin/../lib/gcc/arm-none-eabi/10.3.1/../../../../arm-none-eabi/lib/thumb/v6-m/nofp\libc_nano.a(lib_a-nano-mallocr.o)
                0x00000000080083c4                _malloc_r
 .text._realloc_r
                0x00000000080084b0       0x5e c:/st/stm32cubeide_1.10.1/stm32cubeide/plugins/com.st.stm32cube.ide.mcu.externaltools.gnu-tools-for-stm32.10.3-2021.10.win32_1.0.0.202111181127/tools/bin/../lib/gcc/arm-none-eabi/10.3.1/../../../../arm-none-eabi/lib/thumb/v6-m/nofp\libc_nano.a(lib_a-nano-reallocr.o)
                0x00000000080084b0                _realloc_r
 *fill*         0x000000000800850e        0x2 
 .text._sbrk_r  0x0000000008008510       0x24 c:/st/stm32cubeide_1.10.1/stm32cubeide/plugins/com.st.stm32cube.ide.mcu.externaltools.gnu-tools-for-stm32.10.3-2021.10.win32_1.0.0.202111181127/tools/bin/../lib/gcc/arm-none-eabi/10.3.1/../../../../arm-none-eabi/lib/thumb/v6-m/nofp\libc_nano.a(lib_a-sbrkr.o)
                0x0000000008008510                _sbrk_r
 .text.__malloc_lock
                0x0000000008008534       0x10 c:/st/stm32cubeide_1.10.1/stm32cubeide/plugins/com.st.stm32cube.ide.mcu.externaltools.gnu-tools-for-stm32.10.3-2021.10.win32_1.0.0.202111181127/tools/bin/../lib/gcc/arm-none-eabi/10.3.1/../../../../arm-none-eabi/lib/thumb/v6-m/nofp\libc_nano.a(lib_a-mlock.o)
                0x0000000008008534                __malloc_lock
 .text.__malloc_unlock
                0x0000000008008544       0x10 c:/st/stm32cubeide_1.10.1/stm32cubeide/plugins/com.st.stm32cube.ide.mcu.externaltools.gnu-tools-for-stm32.10.3-2021.10.win32_1.0.0.202111181127/tools/bin/../lib/gcc/arm-none-eabi/10.3.1/../../../../arm-none-eabi/lib/thumb/v6-m/nofp\libc_nano.a(lib_a-mlock.o)
                0x0000000008008544                __malloc_unlock
 .text._malloc_usable_size_r
                0x0000000008008554       0x10 c:/st/stm32cubeide_1.10.1/stm32cubeide/plugins/com.st.stm32cube.ide.mcu.externaltools.gnu-tools-for-stm32.10.3-2021.10.win32_1.0.0.202111181127/tools/bin/../lib/gcc/arm-none-eabi/10.3.1/../../../../arm-none-eabi/lib/thumb/v6-m/nofp\libc_nano.a(lib_a-nano-msizer.o)
                0x0000000008008554                _malloc_usable_size_r
 .text.__retarget_lock_acquire_recursive
                0x0000000008008564        0x2 c:/st/stm32cubeide_1.10.1/stm32cubeide/plugins/com.st.stm32cube.ide.mcu.externaltools.gnu-tools-for-stm32.10.3-2021.10.win32_1.0.0.202111181127/tools/bin/../lib/gcc/arm-none-eabi/10.3.1/../../../../arm-none-eabi/lib/thumb/v6-m/nofp\libc_nano.a(lib_a-lock.o)
                0x0000000008008564                __retarget_lock_acquire_recursive
 .text.__retarget_lock_release_recursive
                0x0000000008008566        0x2 c:/st/stm32cubeide_1.10.1/stm32cubeide/plugins/com.st.stm32cube.ide.mcu.externaltools.gnu-tools-for-stm32.10.3-2021.10.win32_1.0.0.202111181127/tools/bin/../lib/gcc/arm-none-eabi/10.3.1/../../../../arm-none-eabi/lib/thumb/v6-m/nofp\libc_nano.a(lib_a-lock.o)
                0x0000000008008566                __retarget_lock_release_recursive
 *(.glue_7)
 .glue_7        0x0000000008008568        0x0 linker stubs
 *(.glue_7t)
 .glue_7t       0x0000000008008568        0x0 linker stubs
 *(.eh_frame)
 .eh_frame      0x0000000008008568        0x0 c:/st/stm32cubeide_1.10.1/stm32cubeide/plugins/com.st.stm32cube.ide.mcu.externaltools.gnu-tools-for-stm32.10.3-2021.10.win32_1.0.0.202111181127/tools/bin/../lib/gcc/arm-none-eabi/10.3.1/thumb/v6-m/nofp/crtbegin.o
 *(.init)
 .init          0x0000000008008568        0x4 c:/st/stm32cubeide_1.10.1/stm32cubeide/plugins/com.st.stm32cube.ide.mcu.externaltools.gnu-tools-for-stm32.10.3-2021.10.win32_1.0.0.202111181127/tools/bin/../lib/gcc/arm-none-eabi/10.3.1/thumb/v6-m/nofp/crti.o
                0x0000000008008568                _init
 .init          0x000000000800856c        0x8 c:/st/stm32cubeide_1.10.1/stm32cubeide/plugins/com.st.stm32cube.ide.mcu.externaltools.gnu-tools-for-stm32.10.3-2021.10.win32_1.0.0.202111181127/tools/bin/../lib/gcc/arm-none-eabi/10.3.1/thumb/v6-m/nofp/crtn.o
 *(.fini)
 .fini          0x0000000008008574        0x4 c:/st/stm32cubeide_1.10.1/stm32cubeide/plugins/com.st.stm32cube.ide.mcu.externaltools.gnu-tools-for-stm32.10.3-2021.10.win32_1.0.0.202111181127/tools/bin/../lib/gcc/arm-none-eabi/10.3.1/thumb/v6-m/nofp/crti.o
                0x0000000008008574                _fini
 .fini          0x0000000008008578        0x8 c:/st/stm32cubeide_1.10.1/stm32cubeide/plugins/com.st.stm32cube.ide.mcu.externaltools.gnu-tools-for-stm32.10.3-2021.10.win32_1.0.0.202111181127/tools/bin/../lib/gcc/arm-none-eabi/10.3.1/thumb/v6-m/nofp/crtn.o
                0x0000000008008580                . = ALIGN (0x4)
                0x0000000008008580                _etext = .

.vfp11_veneer   0x0000000008008580        0x0
 .vfp11_veneer  0x0000000008008580        0x0 linker stubs

.v4_bx          0x0000000008008580        0x0
 .v4_bx         0x0000000008008580        0x0 linker stubs

.iplt           0x0000000008008580        0x0
 .iplt          0x0000000008008580        0x0 c:/st/stm32cubeide_1.10.1/stm32cubeide/plugins/com.st.stm32cube.ide.mcu.externaltools.gnu-tools-for-stm32.10.3-2021.10.win32_1.0.0.202111181127/tools/bin/../lib/gcc/arm-none-eabi/10.3.1/thumb/v6-m/nofp/crtbegin.o

.rodata         0x0000000008008580    0x11fb8
                0x0000000008008580                . = ALIGN (0x4)
 *(.rodata)
 .rodata        0x0000000008008580       0x80 c:/st/stm32cubeide_1.10.1/stm32cubeide/plugins/com.st.stm32cube.ide.mcu.externaltools.gnu-tools-for-stm32.10.3-2021.10.win32_1.0.0.202111181127/tools/bin/../lib/gcc/arm-none-eabi/10.3.1/thumb/v6-m/nofp\libgcc.a(divsf3.o)
 .rodata        0x0000000008008600       0x40 c:/st/stm32cubeide_1.10.1/stm32cubeide/plugins/com.st.stm32cube.ide.mcu.externaltools.gnu-tools-for-stm32.10.3-2021.10.win32_1.0.0.202111181127/tools/bin/../lib/gcc/arm-none-eabi/10.3.1/thumb/v6-m/nofp\libgcc.a(mulsf3.o)
 *(.rodata*)
 .rodata.main.str1.1
                0x0000000008008640        0x8 ./Core/Src/main.o
 .rodata.pattern_steps
                0x0000000008008648        0x5 ./Core/Src/main.o
 .rodata.AHBPrescTable
                0x000000000800864d       0x10 ./Core/Src/system_stm32l0xx.o
                0x000000000800864d                AHBPrescTable
 .rodata.PLLMulTable
                0x000000000800865d        0x9 ./Core/Src/system_stm32l0xx.o
                0x000000000800865d                PLLMulTable
 .rodata.USBD_FS_ManufacturerStrDescriptor.str1.1
                0x0000000008008666       0x13 ./USB_DEVICE/App/usbd_desc.o
 .rodata.USBD_FS_ProductStrDescriptor.str1.1
                0x0000000008008679       0x16 ./USB_DEVICE/App/usbd_desc.o
 .rodata.USBD_FS_ConfigStrDescriptor.str1.1
                0x000000000800868f        0xb ./USB_DEVICE/App/usbd_desc.o
 .rodata.USBD_FS_InterfaceStrDescriptor.str1.1
                0x000000000800869a        0xe ./USB_DEVICE/App/usbd_desc.o
 .rodata.CSWTCH.2
                0x00000000080086a8        0x4 ./USB_DEVICE/Target/usbd_conf.o
 .rodata.realCoefAQ15
                0x00000000080086ac     0x4000 C:\Users\Dane\Documents\GitHub\HeartRateBoard\software\Drivers\CMSIS\Lib\GCC\libarm_cortexM0l_math.a(arm_rfft_init_q15.o)
                0x00000000080086ac                realCoefAQ15
 .rodata.realCoefBQ15
                0x000000000800c6ac     0x4000 C:\Users\Dane\Documents\GitHub\HeartRateBoard\software\Drivers\CMSIS\Lib\GCC\libarm_cortexM0l_math.a(arm_rfft_init_q15.o)
                0x000000000800c6ac                realCoefBQ15
 .rodata.arm_cfft_sR_q15_len256
                0x00000000080106ac       0x10 C:\Users\Dane\Documents\GitHub\HeartRateBoard\software\Drivers\CMSIS\Lib\GCC\libarm_cortexM0l_math.a(arm_const_structs.o)
                0x00000000080106ac                arm_cfft_sR_q15_len256
 .rodata.arm_cfft_sR_q15_len128
                0x00000000080106bc       0x10 C:\Users\Dane\Documents\GitHub\HeartRateBoard\software\Drivers\CMSIS\Lib\GCC\libarm_cortexM0l_math.a(arm_const_structs.o)
                0x00000000080106bc                arm_cfft_sR_q15_len128
 .rodata.arm_cfft_sR_q15_len512
                0x00000000080106cc       0x10 C:\Users\Dane\Documents\GitHub\HeartRateBoard\software\Drivers\CMSIS\Lib\GCC\libarm_cortexM0l_math.a(arm_const_structs.o)
                0x00000000080106cc                arm_cfft_sR_q15_len512
 .rodata.arm_cfft_sR_q15_len1024
                0x00000000080106dc       0x10 C:\Users\Dane\Documents\GitHub\HeartRateBoard\software\Drivers\CMSIS\Lib\GCC\libarm_cortexM0l_math.a(arm_const_structs.o)
                0x00000000080106dc                arm_cfft_sR_q15_len1024
 .rodata.arm_cfft_sR_q15_len64
                0x00000000080106ec       0x10 C:\Users\Dane\Documents\GitHub\HeartRateBoard\software\Drivers\CMSIS\Lib\GCC\libarm_cortexM0l_math.a(arm_const_structs.o)
                0x00000000080106ec                arm_cfft_sR_q15_len64
 .rodata.arm_cfft_sR_q15_len2048
                0x00000000080106fc       0x10 C:\Users\Dane\Documents\GitHub\HeartRateBoard\software\Drivers\CMSIS\Lib\GCC\libarm_cortexM0l_math.a(arm_const_structs.o)
                0x00000000080106fc                arm_cfft_sR_q15_len2048
 .rodata.arm_cfft_sR_q15_len4096
                0x000000000801070c       0x10 C:\Users\Dane\Documents\GitHub\HeartRateBoard\software\Drivers\CMSIS\Lib\GCC\libarm_cortexM0l_math.a(arm_const_structs.o)
                0x000000000801070c                arm_cfft_sR_q15_len4096
 .rodata.arm_cfft_sR_q15_len16
                0x000000000801071c       0x10 C:\Users\Dane\Documents\GitHub\HeartRateBoard\software\Drivers\CMSIS\Lib\GCC\libarm_cortexM0l_math.a(arm_const_structs.o)
                0x000000000801071c                arm_cfft_sR_q15_len16
 .rodata.arm_cfft_sR_q15_len32
                0x000000000801072c       0x10 C:\Users\Dane\Documents\GitHub\HeartRateBoard\software\Drivers\CMSIS\Lib\GCC\libarm_cortexM0l_math.a(arm_const_structs.o)
                0x000000000801072c                arm_cfft_sR_q15_len32
 .rodata.armBitRevIndexTable_fixed_128
                0x000000000801073c       0xe0 C:\Users\Dane\Documents\GitHub\HeartRateBoard\software\Drivers\CMSIS\Lib\GCC\libarm_cortexM0l_math.a(arm_common_tables.o)
                0x000000000801073c                armBitRevIndexTable_fixed_128
 .rodata.armBitRevIndexTable_fixed_2048
                0x000000000801081c      0xf80 C:\Users\Dane\Documents\GitHub\HeartRateBoard\software\Drivers\CMSIS\Lib\GCC\libarm_cortexM0l_math.a(arm_common_tables.o)
                0x000000000801081c                armBitRevIndexTable_fixed_2048
 .rodata.armBitRevIndexTable_fixed_4096
                0x000000000801179c     0x1f80 C:\Users\Dane\Documents\GitHub\HeartRateBoard\software\Drivers\CMSIS\Lib\GCC\libarm_cortexM0l_math.a(arm_common_tables.o)
                0x000000000801179c                armBitRevIndexTable_fixed_4096
 .rodata.armBitRevIndexTable_fixed_1024
                0x000000000801371c      0x7c0 C:\Users\Dane\Documents\GitHub\HeartRateBoard\software\Drivers\CMSIS\Lib\GCC\libarm_cortexM0l_math.a(arm_common_tables.o)
                0x000000000801371c                armBitRevIndexTable_fixed_1024
 .rodata.twiddleCoef_1024_q15
                0x0000000008013edc      0xc00 C:\Users\Dane\Documents\GitHub\HeartRateBoard\software\Drivers\CMSIS\Lib\GCC\libarm_cortexM0l_math.a(arm_common_tables.o)
                0x0000000008013edc                twiddleCoef_1024_q15
 .rodata.twiddleCoef_32_q15
                0x0000000008014adc       0x60 C:\Users\Dane\Documents\GitHub\HeartRateBoard\software\Drivers\CMSIS\Lib\GCC\libarm_cortexM0l_math.a(arm_common_tables.o)
                0x0000000008014adc                twiddleCoef_32_q15
 .rodata.twiddleCoef_4096_q15
                0x0000000008014b3c     0x3000 C:\Users\Dane\Documents\GitHub\HeartRateBoard\software\Drivers\CMSIS\Lib\GCC\libarm_cortexM0l_math.a(arm_common_tables.o)
                0x0000000008014b3c                twiddleCoef_4096_q15
 .rodata.twiddleCoef_16_q15
                0x0000000008017b3c       0x30 C:\Users\Dane\Documents\GitHub\HeartRateBoard\software\Drivers\CMSIS\Lib\GCC\libarm_cortexM0l_math.a(arm_common_tables.o)
                0x0000000008017b3c                twiddleCoef_16_q15
 .rodata.twiddleCoef_64_q15
                0x0000000008017b6c       0xc0 C:\Users\Dane\Documents\GitHub\HeartRateBoard\software\Drivers\CMSIS\Lib\GCC\libarm_cortexM0l_math.a(arm_common_tables.o)
                0x0000000008017b6c                twiddleCoef_64_q15
 .rodata.twiddleCoef_2048_q15
                0x0000000008017c2c     0x1800 C:\Users\Dane\Documents\GitHub\HeartRateBoard\software\Drivers\CMSIS\Lib\GCC\libarm_cortexM0l_math.a(arm_common_tables.o)
                0x0000000008017c2c                twiddleCoef_2048_q15
 .rodata.twiddleCoef_256_q15
                0x000000000801942c      0x300 C:\Users\Dane\Documents\GitHub\HeartRateBoard\software\Drivers\CMSIS\Lib\GCC\libarm_cortexM0l_math.a(arm_common_tables.o)
                0x000000000801942c                twiddleCoef_256_q15
 .rodata.twiddleCoef_512_q15
                0x000000000801972c      0x600 C:\Users\Dane\Documents\GitHub\HeartRateBoard\software\Drivers\CMSIS\Lib\GCC\libarm_cortexM0l_math.a(arm_common_tables.o)
                0x000000000801972c                twiddleCoef_512_q15
 .rodata.armBitRevIndexTable_fixed_512
                0x0000000008019d2c      0x3c0 C:\Users\Dane\Documents\GitHub\HeartRateBoard\software\Drivers\CMSIS\Lib\GCC\libarm_cortexM0l_math.a(arm_common_tables.o)
                0x0000000008019d2c                armBitRevIndexTable_fixed_512
 .rodata.armBitRevIndexTable_fixed_16
                0x000000000801a0ec       0x18 C:\Users\Dane\Documents\GitHub\HeartRateBoard\software\Drivers\CMSIS\Lib\GCC\libarm_cortexM0l_math.a(arm_common_tables.o)
                0x000000000801a0ec                armBitRevIndexTable_fixed_16
 .rodata.twiddleCoef_128_q15
                0x000000000801a104      0x180 C:\Users\Dane\Documents\GitHub\HeartRateBoard\software\Drivers\CMSIS\Lib\GCC\libarm_cortexM0l_math.a(arm_common_tables.o)
                0x000000000801a104                twiddleCoef_128_q15
 .rodata.armBitRevIndexTable_fixed_32
                0x000000000801a284       0x30 C:\Users\Dane\Documents\GitHub\HeartRateBoard\software\Drivers\CMSIS\Lib\GCC\libarm_cortexM0l_math.a(arm_common_tables.o)
                0x000000000801a284                armBitRevIndexTable_fixed_32
 .rodata.armBitRevIndexTable_fixed_256
                0x000000000801a2b4      0x1e0 C:\Users\Dane\Documents\GitHub\HeartRateBoard\software\Drivers\CMSIS\Lib\GCC\libarm_cortexM0l_math.a(arm_common_tables.o)
                0x000000000801a2b4                armBitRevIndexTable_fixed_256
 .rodata.armBitRevIndexTable_fixed_64
                0x000000000801a494       0x70 C:\Users\Dane\Documents\GitHub\HeartRateBoard\software\Drivers\CMSIS\Lib\GCC\libarm_cortexM0l_math.a(arm_common_tables.o)
                0x000000000801a494                armBitRevIndexTable_fixed_64
 .rodata._svfprintf_r.str1.1
                0x000000000801a504       0x11 c:/st/stm32cubeide_1.10.1/stm32cubeide/plugins/com.st.stm32cube.ide.mcu.externaltools.gnu-tools-for-stm32.10.3-2021.10.win32_1.0.0.202111181127/tools/bin/../lib/gcc/arm-none-eabi/10.3.1/../../../../arm-none-eabi/lib/thumb/v6-m/nofp\libc_nano.a(lib_a-nano-svfprintf.o)
 .rodata._printf_i.str1.1
                0x000000000801a515       0x22 c:/st/stm32cubeide_1.10.1/stm32cubeide/plugins/com.st.stm32cube.ide.mcu.externaltools.gnu-tools-for-stm32.10.3-2021.10.win32_1.0.0.202111181127/tools/bin/../lib/gcc/arm-none-eabi/10.3.1/../../../../arm-none-eabi/lib/thumb/v6-m/nofp\libc_nano.a(lib_a-nano-vfprintf_i.o)
                0x000000000801a538                . = ALIGN (0x4)
 *fill*         0x000000000801a537        0x1 

.ARM.extab      0x000000000801a538        0x0
                0x000000000801a538                . = ALIGN (0x4)
 *(.ARM.extab* .gnu.linkonce.armextab.*)
                0x000000000801a538                . = ALIGN (0x4)

.ARM            0x000000000801a538        0x8
                0x000000000801a538                . = ALIGN (0x4)
                0x000000000801a538                __exidx_start = .
 *(.ARM.exidx*)
 .ARM.exidx     0x000000000801a538        0x8 c:/st/stm32cubeide_1.10.1/stm32cubeide/plugins/com.st.stm32cube.ide.mcu.externaltools.gnu-tools-for-stm32.10.3-2021.10.win32_1.0.0.202111181127/tools/bin/../lib/gcc/arm-none-eabi/10.3.1/thumb/v6-m/nofp\libgcc.a(_udivmoddi4.o)
                0x000000000801a540                __exidx_end = .
                0x000000000801a540                . = ALIGN (0x4)

.rel.dyn        0x000000000801a540        0x0
 .rel.iplt      0x000000000801a540        0x0 c:/st/stm32cubeide_1.10.1/stm32cubeide/plugins/com.st.stm32cube.ide.mcu.externaltools.gnu-tools-for-stm32.10.3-2021.10.win32_1.0.0.202111181127/tools/bin/../lib/gcc/arm-none-eabi/10.3.1/thumb/v6-m/nofp/crtbegin.o

.preinit_array  0x000000000801a540        0x0
                0x000000000801a540                . = ALIGN (0x4)
                0x000000000801a540                PROVIDE (__preinit_array_start = .)
 *(.preinit_array*)
                0x000000000801a540                PROVIDE (__preinit_array_end = .)
                0x000000000801a540                . = ALIGN (0x4)

.init_array     0x000000000801a540        0x4
                0x000000000801a540                . = ALIGN (0x4)
                0x000000000801a540                PROVIDE (__init_array_start = .)
 *(SORT_BY_NAME(.init_array.*))
 *(.init_array*)
 .init_array    0x000000000801a540        0x4 c:/st/stm32cubeide_1.10.1/stm32cubeide/plugins/com.st.stm32cube.ide.mcu.externaltools.gnu-tools-for-stm32.10.3-2021.10.win32_1.0.0.202111181127/tools/bin/../lib/gcc/arm-none-eabi/10.3.1/thumb/v6-m/nofp/crtbegin.o
                0x000000000801a544                PROVIDE (__init_array_end = .)
                0x000000000801a544                . = ALIGN (0x4)

.fini_array     0x000000000801a544        0x4
                0x000000000801a544                . = ALIGN (0x4)
                [!provide]                        PROVIDE (__fini_array_start = .)
 *(SORT_BY_NAME(.fini_array.*))
 *(.fini_array*)
 .fini_array    0x000000000801a544        0x4 c:/st/stm32cubeide_1.10.1/stm32cubeide/plugins/com.st.stm32cube.ide.mcu.externaltools.gnu-tools-for-stm32.10.3-2021.10.win32_1.0.0.202111181127/tools/bin/../lib/gcc/arm-none-eabi/10.3.1/thumb/v6-m/nofp/crtbegin.o
                [!provide]                        PROVIDE (__fini_array_end = .)
                0x000000000801a548                . = ALIGN (0x4)
                0x000000000801a548                _sidata = LOADADDR (.data)

.data           0x0000000020000000      0x9e8 load address 0x000000000801a548
                0x0000000020000000                . = ALIGN (0x4)
                0x0000000020000000                _sdata = .
 *(.data)
 *(.data*)
 .data.anode_pins
                0x0000000020000000       0x16 ./Core/Src/led_functions.o
                0x0000000020000000                anode_pins
 *fill*         0x0000000020000016        0x2 
 .data.anode_ports
                0x0000000020000018       0x2c ./Core/Src/led_functions.o
                0x0000000020000018                anode_ports
 .data.cathode_pins
                0x0000000020000044       0x10 ./Core/Src/led_functions.o
                0x0000000020000044                cathode_pins
 .data.cathode_ports
                0x0000000020000054       0x20 ./Core/Src/led_functions.o
                0x0000000020000054                cathode_ports
 .data.digit_sizes
                0x0000000020000074        0xa ./Core/Src/led_functions.o
                0x0000000020000074                digit_sizes
 .data.eight_ones
                0x000000002000007e       0x1a ./Core/Src/led_functions.o
                0x000000002000007e                eight_ones
 .data.eight_tens
                0x0000000020000098       0x1a ./Core/Src/led_functions.o
                0x0000000020000098                eight_tens
 .data.five_ones
                0x00000000200000b2       0x14 ./Core/Src/led_functions.o
                0x00000000200000b2                five_ones
 .data.five_tens
                0x00000000200000c6       0x14 ./Core/Src/led_functions.o
                0x00000000200000c6                five_tens
 .data.four_ones
                0x00000000200000da       0x12 ./Core/Src/led_functions.o
                0x00000000200000da                four_ones
 .data.four_tens
                0x00000000200000ec       0x12 ./Core/Src/led_functions.o
                0x00000000200000ec                four_tens
 .data.nine_ones
                0x00000000200000fe       0x18 ./Core/Src/led_functions.o
                0x00000000200000fe                nine_ones
 .data.nine_tens
                0x0000000020000116       0x18 ./Core/Src/led_functions.o
                0x0000000020000116                nine_tens
 .data.one_hundreds
                0x000000002000012e        0x4 ./Core/Src/led_functions.o
                0x000000002000012e                one_hundreds
 .data.one_ones
                0x0000000020000132        0xc ./Core/Src/led_functions.o
                0x0000000020000132                one_ones
 .data.one_tens
                0x000000002000013e        0xc ./Core/Src/led_functions.o
                0x000000002000013e                one_tens
 *fill*         0x000000002000014a        0x2 
 .data.ones_digits
                0x000000002000014c       0x28 ./Core/Src/led_functions.o
                0x000000002000014c                ones_digits
 .data.pulse_dir
                0x0000000020000174        0x1 ./Core/Src/led_functions.o
                0x0000000020000174                pulse_dir
 .data.pulse_step0
                0x0000000020000175        0x2 ./Core/Src/led_functions.o
                0x0000000020000175                pulse_step0
 .data.pulse_step1
                0x0000000020000177        0x8 ./Core/Src/led_functions.o
                0x0000000020000177                pulse_step1
 .data.pulse_step2
                0x000000002000017f       0x10 ./Core/Src/led_functions.o
                0x000000002000017f                pulse_step2
 .data.pulse_step3
                0x000000002000018f       0x28 ./Core/Src/led_functions.o
                0x000000002000018f                pulse_step3
 .data.pulse_step4
                0x00000000200001b7       0x30 ./Core/Src/led_functions.o
                0x00000000200001b7                pulse_step4
 *fill*         0x00000000200001e7        0x1 
 .data.pulse_step_list
                0x00000000200001e8       0x14 ./Core/Src/led_functions.o
                0x00000000200001e8                pulse_step_list
 .data.pulse_step_sizes
                0x00000000200001fc        0x5 ./Core/Src/led_functions.o
                0x00000000200001fc                pulse_step_sizes
 .data.seven_ones
                0x0000000020000201        0xc ./Core/Src/led_functions.o
                0x0000000020000201                seven_ones
 .data.seven_tens
                0x000000002000020d        0xc ./Core/Src/led_functions.o
                0x000000002000020d                seven_tens
 .data.six_ones
                0x0000000020000219       0x12 ./Core/Src/led_functions.o
                0x0000000020000219                six_ones
 .data.six_tens
                0x000000002000022b       0x12 ./Core/Src/led_functions.o
                0x000000002000022b                six_tens
 *fill*         0x000000002000023d        0x3 
 .data.tens_digits
                0x0000000020000240       0x28 ./Core/Src/led_functions.o
                0x0000000020000240                tens_digits
 .data.three_ones
                0x0000000020000268        0xe ./Core/Src/led_functions.o
                0x0000000020000268                three_ones
 .data.three_tens
                0x0000000020000276        0xe ./Core/Src/led_functions.o
                0x0000000020000276                three_tens
 .data.two_ones
                0x0000000020000284       0x10 ./Core/Src/led_functions.o
                0x0000000020000284                two_ones
 .data.two_tens
                0x0000000020000294       0x10 ./Core/Src/led_functions.o
                0x0000000020000294                two_tens
 .data.zero_ones
                0x00000000200002a4       0x10 ./Core/Src/led_functions.o
                0x00000000200002a4                zero_ones
 .data.zero_tens
                0x00000000200002b4       0x10 ./Core/Src/led_functions.o
                0x00000000200002b4                zero_tens
 .data.BPM_Filt_Coeffs
                0x00000000200002c4       0x10 ./Core/Src/main.o
                0x00000000200002c4                BPM_Filt_Coeffs
 .data.Filt_Coeffs
                0x00000000200002d4      0x12c ./Core/Src/main.o
                0x00000000200002d4                Filt_Coeffs
 .data.Zeros_Filt_Coeffs
                0x0000000020000400      0x400 ./Core/Src/main.o
                0x0000000020000400                Zeros_Filt_Coeffs
 .data.button_prev
                0x0000000020000800        0x1 ./Core/Src/main.o
                0x0000000020000800                button_prev
 *fill*         0x0000000020000801        0x1 
 .data.heartbeat_freq
                0x0000000020000802        0x2 ./Core/Src/main.o
                0x0000000020000802                heartbeat_freq
 .data.low_flag
                0x0000000020000804        0x1 ./Core/Src/main.o
                0x0000000020000804                low_flag
 *fill*         0x0000000020000805        0x3 
 .data.SystemCoreClock
                0x0000000020000808        0x4 ./Core/Src/system_stm32l0xx.o
                0x0000000020000808                SystemCoreClock
 .data.uwTickFreq
                0x000000002000080c        0x1 ./Drivers/STM32L0xx_HAL_Driver/Src/stm32l0xx_hal.o
                0x000000002000080c                uwTickFreq
 *fill*         0x000000002000080d        0x3 
 .data.uwTickPrio
                0x0000000020000810        0x4 ./Drivers/STM32L0xx_HAL_Driver/Src/stm32l0xx_hal.o
                0x0000000020000810                uwTickPrio
 .data.USBD_CDC
                0x0000000020000814       0x38 ./Middlewares/ST/STM32_USB_Device_Library/Class/CDC/Src/usbd_cdc.o
                0x0000000020000814                USBD_CDC
 .data.USBD_CDC_CfgFSDesc
                0x000000002000084c       0x43 ./Middlewares/ST/STM32_USB_Device_Library/Class/CDC/Src/usbd_cdc.o
                0x000000002000084c                USBD_CDC_CfgFSDesc
 *fill*         0x000000002000088f        0x1 
 .data.USBD_CDC_CfgHSDesc
                0x0000000020000890       0x43 ./Middlewares/ST/STM32_USB_Device_Library/Class/CDC/Src/usbd_cdc.o
                0x0000000020000890                USBD_CDC_CfgHSDesc
 *fill*         0x00000000200008d3        0x1 
 .data.USBD_CDC_DeviceQualifierDesc
                0x00000000200008d4        0xa ./Middlewares/ST/STM32_USB_Device_Library/Class/CDC/Src/usbd_cdc.o
 *fill*         0x00000000200008de        0x2 
 .data.USBD_CDC_OtherSpeedCfgDesc
                0x00000000200008e0       0x43 ./Middlewares/ST/STM32_USB_Device_Library/Class/CDC/Src/usbd_cdc.o
                0x00000000200008e0                USBD_CDC_OtherSpeedCfgDesc
 *fill*         0x0000000020000923        0x1 
 .data.USBD_Interface_fops_FS
                0x0000000020000924       0x10 ./USB_DEVICE/App/usbd_cdc_if.o
                0x0000000020000924                USBD_Interface_fops_FS
 .data.FS_Desc  0x0000000020000934       0x1c ./USB_DEVICE/App/usbd_desc.o
                0x0000000020000934                FS_Desc
 .data.USBD_FS_DeviceDesc
                0x0000000020000950       0x12 ./USB_DEVICE/App/usbd_desc.o
                0x0000000020000950                USBD_FS_DeviceDesc
 *fill*         0x0000000020000962        0x2 
 .data.USBD_LangIDDesc
                0x0000000020000964        0x4 ./USB_DEVICE/App/usbd_desc.o
                0x0000000020000964                USBD_LangIDDesc
 .data.USBD_StringSerial
                0x0000000020000968       0x1a ./USB_DEVICE/App/usbd_desc.o
                0x0000000020000968                USBD_StringSerial
 *fill*         0x0000000020000982        0x2 
 .data._impure_ptr
                0x0000000020000984        0x4 c:/st/stm32cubeide_1.10.1/stm32cubeide/plugins/com.st.stm32cube.ide.mcu.externaltools.gnu-tools-for-stm32.10.3-2021.10.win32_1.0.0.202111181127/tools/bin/../lib/gcc/arm-none-eabi/10.3.1/../../../../arm-none-eabi/lib/thumb/v6-m/nofp\libc_nano.a(lib_a-impure.o)
                0x0000000020000984                _impure_ptr
 .data.impure_data
                0x0000000020000988       0x60 c:/st/stm32cubeide_1.10.1/stm32cubeide/plugins/com.st.stm32cube.ide.mcu.externaltools.gnu-tools-for-stm32.10.3-2021.10.win32_1.0.0.202111181127/tools/bin/../lib/gcc/arm-none-eabi/10.3.1/../../../../arm-none-eabi/lib/thumb/v6-m/nofp\libc_nano.a(lib_a-impure.o)
 *(.RamFunc)
 *(.RamFunc*)
                0x00000000200009e8                . = ALIGN (0x4)
                0x00000000200009e8                _edata = .

.igot.plt       0x00000000200009e8        0x0 load address 0x000000000801af30
 .igot.plt      0x00000000200009e8        0x0 c:/st/stm32cubeide_1.10.1/stm32cubeide/plugins/com.st.stm32cube.ide.mcu.externaltools.gnu-tools-for-stm32.10.3-2021.10.win32_1.0.0.202111181127/tools/bin/../lib/gcc/arm-none-eabi/10.3.1/thumb/v6-m/nofp/crtbegin.o
                0x00000000200009e8                . = ALIGN (0x4)

.bss            0x00000000200009e8     0x1c10 load address 0x000000000801af30
                0x00000000200009e8                _sbss = .
                0x00000000200009e8                __bss_start__ = _sbss
 *(.bss)
 .bss           0x00000000200009e8       0x1c c:/st/stm32cubeide_1.10.1/stm32cubeide/plugins/com.st.stm32cube.ide.mcu.externaltools.gnu-tools-for-stm32.10.3-2021.10.win32_1.0.0.202111181127/tools/bin/../lib/gcc/arm-none-eabi/10.3.1/thumb/v6-m/nofp/crtbegin.o
 *(.bss*)
 .bss.cathode_timers
                0x0000000020000a04       0x20 ./Core/Src/led_functions.o
                0x0000000020000a04                cathode_timers
 .bss.led_queue
                0x0000000020000a24       0xb2 ./Core/Src/led_functions.o
                0x0000000020000a24                led_queue
 .bss.pulse_step
                0x0000000020000ad6        0x1 ./Core/Src/led_functions.o
                0x0000000020000ad6                pulse_step
 .bss.queue_index
                0x0000000020000ad7        0x1 ./Core/Src/led_functions.o
                0x0000000020000ad7                queue_index
 .bss.queue_len
                0x0000000020000ad8        0x1 ./Core/Src/led_functions.o
                0x0000000020000ad8                queue_len
 *fill*         0x0000000020000ad9        0x1 
 .bss.BPM_Filt_State
                0x0000000020000ada       0x10 ./Core/Src/main.o
                0x0000000020000ada                BPM_Filt_State
 .bss.DEBUG_MODE
                0x0000000020000aea        0x1 ./Core/Src/main.o
                0x0000000020000aea                DEBUG_MODE
 *fill*         0x0000000020000aeb        0x1 
 .bss.Filt_State
                0x0000000020000aec      0x12c ./Core/Src/main.o
                0x0000000020000aec                Filt_State
 .bss.S_BPM     0x0000000020000c18        0xc ./Core/Src/main.o
                0x0000000020000c18                S_BPM
 .bss.S_FIR     0x0000000020000c24        0xc ./Core/Src/main.o
                0x0000000020000c24                S_FIR
 .bss.S_ZEROS   0x0000000020000c30        0xc ./Core/Src/main.o
                0x0000000020000c30                S_ZEROS
 .bss.Zeros_Filt_State
                0x0000000020000c3c      0x400 ./Core/Src/main.o
                0x0000000020000c3c                Zeros_Filt_State
 .bss.adc_val   0x000000002000103c        0x4 ./Core/Src/main.o
                0x000000002000103c                adc_val
 .bss.button_flag
                0x0000000020001040        0x1 ./Core/Src/main.o
                0x0000000020001040                button_flag
 .bss.button_state
                0x0000000020001041        0x1 ./Core/Src/main.o
                0x0000000020001041                button_state
 *fill*         0x0000000020001042        0x2 
 .bss.hadc      0x0000000020001044       0x5c ./Core/Src/main.o
                0x0000000020001044                hadc
 .bss.high_flag
                0x00000000200010a0        0x1 ./Core/Src/main.o
                0x00000000200010a0                high_flag
 *fill*         0x00000000200010a1        0x3 
 .bss.htim2     0x00000000200010a4       0x40 ./Core/Src/main.o
                0x00000000200010a4                htim2
 .bss.htim21    0x00000000200010e4       0x40 ./Core/Src/main.o
                0x00000000200010e4                htim21
 .bss.htim22    0x0000000020001124       0x40 ./Core/Src/main.o
                0x0000000020001124                htim22
 .bss.htim3     0x0000000020001164       0x40 ./Core/Src/main.o
                0x0000000020001164                htim3
 .bss.htim6     0x00000000200011a4       0x40 ./Core/Src/main.o
                0x00000000200011a4                htim6
 .bss.htim7     0x00000000200011e4       0x40 ./Core/Src/main.o
                0x00000000200011e4                htim7
 .bss.led_timer_lock_flag
                0x0000000020001224        0x1 ./Core/Src/main.o
                0x0000000020001224                led_timer_lock_flag
 .bss.pattern_flag
                0x0000000020001225        0x1 ./Core/Src/main.o
                0x0000000020001225                pattern_flag
 .bss.pattern_select
                0x0000000020001226        0x1 ./Core/Src/main.o
                0x0000000020001226                pattern_select
 *fill*         0x0000000020001227        0x1 
 .bss.prev_adc_val
                0x0000000020001228        0x4 ./Core/Src/main.o
                0x0000000020001228                prev_adc_val
 .bss.sample_count
                0x000000002000122c        0x2 ./Core/Src/main.o
                0x000000002000122c                sample_count
 .bss.sample_flag
                0x000000002000122e        0x1 ./Core/Src/main.o
                0x000000002000122e                sample_flag
 *fill*         0x000000002000122f        0x1 
 .bss.window_index
                0x0000000020001230        0x2 ./Core/Src/main.o
                0x0000000020001230                window_index
 .bss.window_values
                0x0000000020001232      0x200 ./Core/Src/main.o
                0x0000000020001232                window_values
 *fill*         0x0000000020001432        0x2 
 .bss.__sbrk_heap_end
                0x0000000020001434        0x4 ./Core/Src/sysmem.o
 .bss.uwTick    0x0000000020001438        0x4 ./Drivers/STM32L0xx_HAL_Driver/Src/stm32l0xx_hal.o
                0x0000000020001438                uwTick
 .bss.cfgidx.0  0x000000002000143c        0x1 ./Middlewares/ST/STM32_USB_Device_Library/Core/Src/usbd_ctlreq.o
 *fill*         0x000000002000143d        0x3 
 .bss.hUsbDeviceFS
                0x0000000020001440      0x2c4 ./USB_DEVICE/App/usb_device.o
                0x0000000020001440                hUsbDeviceFS
 .bss.UserRxBufferFS
                0x0000000020001704      0x3e8 ./USB_DEVICE/App/usbd_cdc_if.o
                0x0000000020001704                UserRxBufferFS
 .bss.UserTxBufferFS
                0x0000000020001aec      0x3e8 ./USB_DEVICE/App/usbd_cdc_if.o
                0x0000000020001aec                UserTxBufferFS
 .bss.USBD_StrDesc
                0x0000000020001ed4      0x200 ./USB_DEVICE/App/usbd_desc.o
                0x0000000020001ed4                USBD_StrDesc
 .bss.hpcd_USB_FS