../Core/Src/led_functions.c:67:6:TurnOnLED	16	static
../Core/Src/led_functions.c:73:6:TurnOffLED	16	static
../Core/Src/led_functions.c:88:6:SetLEDQueue	16	static
../Core/Src/led_functions.c:99:6:AddToLEDQueue	16	static
../Core/Src/led_functions.c:105:6:HandleLEDQueue	8	static
../Core/Src/led_functions.c:128:6:PulseHandler	8	static
../Core/Src/led_functions.c:141:6:PulseHandlerKeepOn	8	static
../Core/Src/led_functions.c:168:6:PrintRate	32	static
../Core/Src/led_functions.c:186:6:TurnAllOff	16	static
../Core/Src/led_functions.c:192:6:ResetIndexes	8	static
