../Core/Src/main.c:97:5:main	16	static
../Core/Src/main.c:263:6:SystemClock_Config	128	static
../Core/Src/main.c:314:13:MX_ADC_Init	16	static
../Core/Src/main.c:373:13:MX_TIM2_Init	32	static
../Core/Src/main.c:418:13:MX_TIM3_Init	32	static
../Core/Src/main.c:463:13:MX_TIM6_Init	16	static
../Core/Src/main.c:501:13:MX_TIM7_Init	16	static
../Core/Src/main.c:539:13:MX_TIM21_Init	48	static
../Core/Src/main.c:597:13:MX_GPIO_Init	56	static
../Core/Src/main.c:654:6:HAL_TIM_PeriodElapsedCallback	16	static
../Core/Src/main.c:688:6:Error_Handler	8	static,ignoring_inline_asm
