../Core/Src/main.c:108:5:main	24	static
../Core/Src/main.c:346:6:SystemClock_Config	128	static
../Core/Src/main.c:397:13:MX_ADC_Init	16	static
../Core/Src/main.c:456:13:MX_TIM2_Init	48	static
../Core/Src/main.c:515:13:MX_TIM3_Init	32	static
../Core/Src/main.c:560:13:MX_TIM6_Init	16	static
../Core/Src/main.c:598:13:MX_TIM7_Init	16	static
../Core/Src/main.c:636:13:MX_TIM21_Init	48	static
../Core/Src/main.c:694:13:MX_GPIO_Init	56	static
../Core/Src/main.c:748:6:HAL_TIM_PeriodElapsedCallback	16	static
../Core/Src/main.c:782:6:Error_Handler	8	static,ignoring_inline_asm
