Archive member included to satisfy reference by file (symbol)

c:/st/stm32cubeide_1.10.1/stm32cubeide/plugins/com.st.stm32cube.ide.mcu.externaltools.gnu-tools-for-stm32.10.3-2021.10.win32_1.0.0.202111181127/tools/bin/../lib/gcc/arm-none-eabi/10.3.1/../../../../arm-none-eabi/lib/thumb/v6-m/nofp\libc_nano.a(lib_a-errno.o)
                              ./Core/Src/syscalls.o (__errno)
c:/st/stm32cubeide_1.10.1/stm32cubeide/plugins/com.st.stm32cube.ide.mcu.externaltools.gnu-tools-for-stm32.10.3-2021.10.win32_1.0.0.202111181127/tools/bin/../lib/gcc/arm-none-eabi/10.3.1/../../../../arm-none-eabi/lib/thumb/v6-m/nofp\libc_nano.a(lib_a-exit.o)
                              c:/st/stm32cubeide_1.10.1/stm32cubeide/plugins/com.st.stm32cube.ide.mcu.externaltools.gnu-tools-for-stm32.10.3-2021.10.win32_1.0.0.202111181127/tools/bin/../lib/gcc/arm-none-eabi/10.3.1/../../../../arm-none-eabi/lib/thumb/v6-m/nofp/crt0.o (exit)
c:/st/stm32cubeide_1.10.1/stm32cubeide/plugins/com.st.stm32cube.ide.mcu.externaltools.gnu-tools-for-stm32.10.3-2021.10.win32_1.0.0.202111181127/tools/bin/../lib/gcc/arm-none-eabi/10.3.1/../../../../arm-none-eabi/lib/thumb/v6-m/nofp\libc_nano.a(lib_a-impure.o)
                              c:/st/stm32cubeide_1.10.1/stm32cubeide/plugins/com.st.stm32cube.ide.mcu.externaltools.gnu-tools-for-stm32.10.3-2021.10.win32_1.0.0.202111181127/tools/bin/../lib/gcc/arm-none-eabi/10.3.1/../../../../arm-none-eabi/lib/thumb/v6-m/nofp\libc_nano.a(lib_a-exit.o) (_global_impure_ptr)
c:/st/stm32cubeide_1.10.1/stm32cubeide/plugins/com.st.stm32cube.ide.mcu.externaltools.gnu-tools-for-stm32.10.3-2021.10.win32_1.0.0.202111181127/tools/bin/../lib/gcc/arm-none-eabi/10.3.1/../../../../arm-none-eabi/lib/thumb/v6-m/nofp\libc_nano.a(lib_a-init.o)
                              c:/st/stm32cubeide_1.10.1/stm32cubeide/plugins/com.st.stm32cube.ide.mcu.externaltools.gnu-tools-for-stm32.10.3-2021.10.win32_1.0.0.202111181127/tools/bin/../lib/gcc/arm-none-eabi/10.3.1/../../../../arm-none-eabi/lib/thumb/v6-m/nofp/crt0.o (__libc_init_array)
c:/st/stm32cubeide_1.10.1/stm32cubeide/plugins/com.st.stm32cube.ide.mcu.externaltools.gnu-tools-for-stm32.10.3-2021.10.win32_1.0.0.202111181127/tools/bin/../lib/gcc/arm-none-eabi/10.3.1/../../../../arm-none-eabi/lib/thumb/v6-m/nofp\libc_nano.a(lib_a-memcpy-stub.o)
                              ./Core/Src/led_functions.o (memcpy)
c:/st/stm32cubeide_1.10.1/stm32cubeide/plugins/com.st.stm32cube.ide.mcu.externaltools.gnu-tools-for-stm32.10.3-2021.10.win32_1.0.0.202111181127/tools/bin/../lib/gcc/arm-none-eabi/10.3.1/../../../../arm-none-eabi/lib/thumb/v6-m/nofp\libc_nano.a(lib_a-memset.o)
                              c:/st/stm32cubeide_1.10.1/stm32cubeide/plugins/com.st.stm32cube.ide.mcu.externaltools.gnu-tools-for-stm32.10.3-2021.10.win32_1.0.0.202111181127/tools/bin/../lib/gcc/arm-none-eabi/10.3.1/../../../../arm-none-eabi/lib/thumb/v6-m/nofp/crt0.o (memset)
c:/st/stm32cubeide_1.10.1/stm32cubeide/plugins/com.st.stm32cube.ide.mcu.externaltools.gnu-tools-for-stm32.10.3-2021.10.win32_1.0.0.202111181127/tools/bin/../lib/gcc/arm-none-eabi/10.3.1/../../../../arm-none-eabi/lib/thumb/v6-m/nofp\libc_nano.a(lib_a-sprintf.o)
                              ./Core/Src/main.o (sprintf)
c:/st/stm32cubeide_1.10.1/stm32cubeide/plugins/com.st.stm32cube.ide.mcu.externaltools.gnu-tools-for-stm32.10.3-2021.10.win32_1.0.0.202111181127/tools/bin/../lib/gcc/arm-none-eabi/10.3.1/../../../../arm-none-eabi/lib/thumb/v6-m/nofp\libc_nano.a(lib_a-nano-svfprintf.o)
                              c:/st/stm32cubeide_1.10.1/stm32cubeide/plugins/com.st.stm32cube.ide.mcu.externaltools.gnu-tools-for-stm32.10.3-2021.10.win32_1.0.0.202111181127/tools/bin/../lib/gcc/arm-none-eabi/10.3.1/../../../../arm-none-eabi/lib/thumb/v6-m/nofp\libc_nano.a(lib_a-sprintf.o) (_svfprintf_r)
c:/st/stm32cubeide_1.10.1/stm32cubeide/plugins/com.st.stm32cube.ide.mcu.externaltools.gnu-tools-for-stm32.10.3-2021.10.win32_1.0.0.202111181127/tools/bin/../lib/gcc/arm-none-eabi/10.3.1/../../../../arm-none-eabi/lib/thumb/v6-m/nofp\libc_nano.a(lib_a-nano-vfprintf_i.o)
                              c:/st/stm32cubeide_1.10.1/stm32cubeide/plugins/com.st.stm32cube.ide.mcu.externaltools.gnu-tools-for-stm32.10.3-2021.10.win32_1.0.0.202111181127/tools/bin/../lib/gcc/arm-none-eabi/10.3.1/../../../../arm-none-eabi/lib/thumb/v6-m/nofp\libc_nano.a(lib_a-nano-svfprintf.o) (_printf_i)
c:/st/stm32cubeide_1.10.1/stm32cubeide/plugins/com.st.stm32cube.ide.mcu.externaltools.gnu-tools-for-stm32.10.3-2021.10.win32_1.0.0.202111181127/tools/bin/../lib/gcc/arm-none-eabi/10.3.1/../../../../arm-none-eabi/lib/thumb/v6-m/nofp\libc_nano.a(lib_a-memchr-stub.o)
                              c:/st/stm32cubeide_1.10.1/stm32cubeide/plugins/com.st.stm32cube.ide.mcu.externaltools.gnu-tools-for-stm32.10.3-2021.10.win32_1.0.0.202111181127/tools/bin/../lib/gcc/arm-none-eabi/10.3.1/../../../../arm-none-eabi/lib/thumb/v6-m/nofp\libc_nano.a(lib_a-nano-svfprintf.o) (memchr)
[...]
Memory Configuration

Name             Origin             Length             Attributes
RAM              0x0000000020000000 0x0000000000005000 xrw
FLASH            0x0000000008000000 0x0000000000020000 xr
*default*        0x0000000000000000 0xffffffffffffffff

Linker script and memory map

LOAD c:/st/stm32cubeide_1.10.1/stm32cubeide/plugins/com.st.stm32cube.ide.mcu.externaltools.gnu-tools-for-stm32.10.3-2021.10.win32_1.0.0.202111181127/tools/bin/../lib/gcc/arm-none-eabi/10.3.1/thumb/v6-m/nofp/crti.o
LOAD c:/st/stm32cubeide_1.10.1/stm32cubeide/plugins/com.st.stm32cube.ide.mcu.externaltools.gnu-tools-for-stm32.10.3-2021.10.win32_1.0.0.202111181127/tools/bin/../lib/gcc/arm-none-eabi/10.3.1/thumb/v6-m/nofp/crtbegin.o
LOAD c:/st/stm32cubeide_1.10.1/stm32cubeide/plugins/com.st.stm32cube.ide.mcu.externaltools.gnu-tools-for-stm32.10.3-2021.10.win32_1.0.0.202111181127/tools/bin/../lib/gcc/arm-none-eabi/10.3.1/../../../../arm-none-eabi/lib/thumb/v6-m/nofp/crt0.o
LOAD ./Core/Src/led_functions.o
LOAD ./Core/Src/main.o
LOAD ./Core/Src/stm32l0xx_hal_msp.o
LOAD ./Core/Src/stm32l0xx_it.o
LOAD ./Core/Src/syscalls.o
LOAD ./Core/Src/sysmem.o
LOAD ./Core/Src/system_stm32l0xx.o
LOAD ./Core/Startup/startup_stm32l072cbtx.o
LOAD ./Drivers/STM32L0xx_HAL_Driver/Src/stm32l0xx_hal.o
LOAD ./Drivers/STM32L0xx_HAL_Driver/Src/stm32l0xx_hal_adc.o
LOAD ./Drivers/STM32L0xx_HAL_Driver/Src/stm32l0xx_hal_adc_ex.o
LOAD ./Drivers/STM32L0xx_HAL_Driver/Src/stm32l0xx_hal_cortex.o
LOAD ./Drivers/STM32L0xx_HAL_Driver/Src/stm32l0xx_hal_dma.o
LOAD ./Drivers/STM32L0xx_HAL_Driver/Src/stm32l0xx_hal_exti.o
LOAD ./Drivers/STM32L0xx_HAL_Driver/Src/stm32l0xx_hal_flash.o
LOAD ./Drivers/STM32L0xx_HAL_Driver/Src/stm32l0xx_hal_flash_ex.o
LOAD ./Drivers/STM32L0xx_HAL_Driver/Src/stm32l0xx_hal_flash_ramfunc.o
LOAD ./Drivers/STM32L0xx_HAL_Driver/Src/stm32l0xx_hal_gpio.o
LOAD ./Drivers/STM32L0xx_HAL_Driver/Src/stm32l0xx_hal_i2c.o
LOAD ./Drivers/STM32L0xx_HAL_Driver/Src/stm32l0xx_hal_i2c_ex.o
LOAD ./Drivers/STM32L0xx_HAL_Driver/Src/stm32l0xx_hal_pcd.o
LOAD ./Drivers/STM32L0xx_HAL_Driver/Src/stm32l0xx_hal_pcd_ex.o
LOAD ./Drivers/STM32L0xx_HAL_Driver/Src/stm32l0xx_hal_pwr.o
LOAD ./Drivers/STM32L0xx_HAL_Driver/Src/stm32l0xx_hal_pwr_ex.o
LOAD ./Drivers/STM32L0xx_HAL_Driver/Src/stm32l0xx_hal_rcc.o
LOAD ./Drivers/STM32L0xx_HAL_Driver/Src/stm32l0xx_hal_rcc_ex.o
LOAD ./Drivers/STM32L0xx_HAL_Driver/Src/stm32l0xx_hal_tim.o
LOAD ./Drivers/STM32L0xx_HAL_Driver/Src/stm32l0xx_hal_tim_ex.o
LOAD ./Drivers/STM32L0xx_HAL_Driver/Src/stm32l0xx_ll_usb.o
LOAD ./Middlewares/ST/STM32_USB_Device_Library/Class/CDC/Src/usbd_cdc.o
LOAD ./Middlewares/ST/STM32_USB_Device_Library/Core/Src/usbd_core.o
LOAD ./Middlewares/ST/STM32_USB_Device_Library/Core/Src/usbd_ctlreq.o
LOAD ./Middlewares/ST/STM32_USB_Device_Library/Core/Src/usbd_ioreq.o
LOAD ./USB_DEVICE/App/usb_device.o
LOAD ./USB_DEVICE/App/usbd_cdc_if.o
LOAD ./USB_DEVICE/App/usbd_desc.o
LOAD ./USB_DEVICE/Target/usbd_conf.o
START GROUP
LOAD c:/st/stm32cubeide_1.10.1/stm32cubeide/plugins/com.st.stm32cube.ide.mcu.externaltools.gnu-tools-for-stm32.10.3-2021.10.win32_1.0.0.202111181127/tools/bin/../lib/gcc/arm-none-eabi/10.3.1/../../../../arm-none-eabi/lib/thumb/v6-m/nofp\libc_nano.a
LOAD c:/st/stm32cubeide_1.10.1/stm32cubeide/plugins/com.st.stm32cube.ide.mcu.externaltools.gnu-tools-for-stm32.10.3-2021.10.win32_1.0.0.202111181127/tools/bin/../lib/gcc/arm-none-eabi/10.3.1/../../../../arm-none-eabi/lib/thumb/v6-m/nofp\libm.a
END GROUP
START GROUP
LOAD c:/st/stm32cubeide_1.10.1/stm32cubeide/plugins/com.st.stm32cube.ide.mcu.externaltools.gnu-tools-for-stm32.10.3-2021.10.win32_1.0.0.202111181127/tools/bin/../lib/gcc/arm-none-eabi/10.3.1/thumb/v6-m/nofp\libgcc.a
LOAD c:/st/stm32cubeide_1.10.1/stm32cubeide/plugins/com.st.stm32cube.ide.mcu.externaltools.gnu-tools-for-stm32.10.3-2021.10.win32_1.0.0.202111181127/tools/bin/../lib/gcc/arm-none-eabi/10.3.1/../../../../arm-none-eabi/lib/thumb/v6-m/nofp\libc_nano.a
END GROUP
START GROUP
LOAD c:/st/stm32cubeide_1.10.1/stm32cubeide/plugins/com.st.stm32cube.ide.mcu.externaltools.gnu-tools-for-stm32.10.3-2021.10.win32_1.0.0.202111181127/tools/bin/../lib/gcc/arm-none-eabi/10.3.1/thumb/v6-m/nofp\libgcc.a
LOAD c:/st/stm32cubeide_1.10.1/stm32cubeide/plugins/com.st.stm32cube.ide.mcu.externaltools.gnu-tools-for-stm32.10.3-2021.10.win32_1.0.0.202111181127/tools/bin/../lib/gcc/arm-none-eabi/10.3.1/../../../../arm-none-eabi/lib/thumb/v6-m/nofp\libc_nano.a
LOAD c:/st/stm32cubeide_1.10.1/stm32cubeide/plugins/com.st.stm32cube.ide.mcu.externaltools.gnu-tools-for-stm32.10.3-2021.10.win32_1.0.0.202111181127/tools/bin/../lib/gcc/arm-none-eabi/10.3.1/../../../../arm-none-eabi/lib/thumb/v6-m/nofp\libnosys.a
END GROUP
START GROUP
LOAD c:/st/stm32cubeide_1.10.1/stm32cubeide/plugins/com.st.stm32cube.ide.mcu.externaltools.gnu-tools-for-stm32.10.3-2021.10.win32_1.0.0.202111181127/tools/bin/../lib/gcc/arm-none-eabi/10.3.1/thumb/v6-m/nofp\libgcc.a
LOAD c:/st/stm32cubeide_1.10.1/stm32cubeide/plugins/com.st.stm32cube.ide.mcu.externaltools.gnu-tools-for-stm32.10.3-2021.10.win32_1.0.0.202111181127/tools/bin/../lib/gcc/arm-none-eabi/10.3.1/../../../../arm-none-eabi/lib/thumb/v6-m/nofp\libc_nano.a
LOAD c:/st/stm32cubeide_1.10.1/stm32cubeide/plugins/com.st.stm32cube.ide.mcu.externaltools.gnu-tools-for-stm32.10.3-2021.10.win32_1.0.0.202111181127/tools/bin/../lib/gcc/arm-none-eabi/10.3.1/../../../../arm-none-eabi/lib/thumb/v6-m/nofp\libnosys.a
END GROUP
LOAD c:/st/stm32cubeide_1.10.1/stm32cubeide/plugins/com.st.stm32cube.ide.mcu.externaltools.gnu-tools-for-stm32.10.3-2021.10.win32_1.0.0.202111181127/tools/bin/../lib/gcc/arm-none-eabi/10.3.1/thumb/v6-m/nofp/crtend.o
LOAD c:/st/stm32cubeide_1.10.1/stm32cubeide/plugins/com.st.stm32cube.ide.mcu.externaltools.gnu-tools-for-stm32.10.3-2021.10.win32_1.0.0.202111181127/tools/bin/../lib/gcc/arm-none-eabi/10.3.1/thumb/v6-m/nofp/crtn.o
                0x0000000020005000                _estack = (ORIGIN (RAM) + LENGTH (RAM))
                0x0000000000000200                _Min_Heap_Size = 0x200
                0x0000000000000400                _Min_Stack_Size = 0x400

.isr_vector     0x0000000008000000       0xc0
                0x0000000008000000                . = ALIGN (0x4)
 *(.isr_vector)
 .isr_vector    0x0000000008000000       0xc0 ./Core/Startup/startup_stm32l072cbtx.o
                0x0000000008000000                g_pfnVectors
                0x00000000080000c0                . = ALIGN (0x4)

.text           0x00000000080000c0     0xafe4
                0x00000000080000c0                . = ALIGN (0x4)
 *(.text)
 .text          0x00000000080000c0       0x48 c:/st/stm32cubeide_1.10.1/stm32cubeide/plugins/com.st.stm32cube.ide.mcu.externaltools.gnu-tools-for-stm32.10.3-2021.10.win32_1.0.0.202111181127/tools/bin/../lib/gcc/arm-none-eabi/10.3.1/thumb/v6-m/nofp/crtbegin.o
 .text          0x0000000008000108       0x14 c:/st/stm32cubeide_1.10.1/stm32cubeide/plugins/com.st.stm32cube.ide.mcu.externaltools.gnu-tools-for-stm32.10.3-2021.10.win32_1.0.0.202111181127/tools/bin/../lib/gcc/arm-none-eabi/10.3.1/thumb/v6-m/nofp\libgcc.a(_thumb1_case_shi.o)
                0x0000000008000108                __gnu_thumb1_case_shi
 .text          0x000000000800011c      0x114 c:/st/stm32cubeide_1.10.1/stm32cubeide/plugins/com.st.stm32cube.ide.mcu.externaltools.gnu-tools-for-stm32.10.3-2021.10.win32_1.0.0.202111181127/tools/bin/../lib/gcc/arm-none-eabi/10.3.1/thumb/v6-m/nofp\libgcc.a(_udivsi3.o)
                0x000000000800011c                __aeabi_uidiv
                0x000000000800011c                __udivsi3
                0x0000000008000228                __aeabi_uidivmod
 .text          0x0000000008000230      0x1d4 c:/st/stm32cubeide_1.10.1/stm32cubeide/plugins/com.st.stm32cube.ide.mcu.externaltools.gnu-tools-for-stm32.10.3-2021.10.win32_1.0.0.202111181127/tools/bin/../lib/gcc/arm-none-eabi/10.3.1/thumb/v6-m/nofp\libgcc.a(_divsi3.o)
                0x0000000008000230                __divsi3
                0x0000000008000230                __aeabi_idiv
                0x00000000080003fc                __aeabi_idivmod
 .text          0x0000000008000404        0x4 c:/st/stm32cubeide_1.10.1/stm32cubeide/plugins/com.st.stm32cube.ide.mcu.externaltools.gnu-tools-for-stm32.10.3-2021.10.win32_1.0.0.202111181127/tools/bin/../lib/gcc/arm-none-eabi/10.3.1/thumb/v6-m/nofp\libgcc.a(_dvmd_tls.o)
                0x0000000008000404                __aeabi_idiv0
                0x0000000008000404                __aeabi_ldiv0
 .text          0x0000000008000408       0x40 c:/st/stm32cubeide_1.10.1/stm32cubeide/plugins/com.st.stm32cube.ide.mcu.externaltools.gnu-tools-for-stm32.10.3-2021.10.win32_1.0.0.202111181127/tools/bin/../lib/gcc/arm-none-eabi/10.3.1/thumb/v6-m/nofp\libgcc.a(_aeabi_uldivmod.o)
                0x0000000008000408                __aeabi_uldivmod
 .text          0x0000000008000448       0x5c c:/st/stm32cubeide_1.10.1/stm32cubeide/plugins/com.st.stm32cube.ide.mcu.externaltools.gnu-tools-for-stm32.10.3-2021.10.win32_1.0.0.202111181127/tools/bin/../lib/gcc/arm-none-eabi/10.3.1/thumb/v6-m/nofp\libgcc.a(_muldi3.o)
                0x0000000008000448                __muldi3
                0x0000000008000448                __aeabi_lmul
 .text          0x00000000080004a4      0x198 c:/st/stm32cubeide_1.10.1/stm32cubeide/plugins/com.st.stm32cube.ide.mcu.externaltools.gnu-tools-for-stm32.10.3-2021.10.win32_1.0.0.202111181127/tools/bin/../lib/gcc/arm-none-eabi/10.3.1/thumb/v6-m/nofp\libgcc.a(_udivmoddi4.o)
                0x00000000080004a4                __udivmoddi4
 .text          0x000000000800063c       0x18 c:/st/stm32cubeide_1.10.1/stm32cubeide/plugins/com.st.stm32cube.ide.mcu.externaltools.gnu-tools-for-stm32.10.3-2021.10.win32_1.0.0.202111181127/tools/bin/../lib/gcc/arm-none-eabi/10.3.1/thumb/v6-m/nofp\libgcc.a(_clzdi2.o)
                0x000000000800063c                __clzdi2
 .text          0x0000000008000654       0x3c c:/st/stm32cubeide_1.10.1/stm32cubeide/plugins/com.st.stm32cube.ide.mcu.externaltools.gnu-tools-for-stm32.10.3-2021.10.win32_1.0.0.202111181127/tools/bin/../lib/gcc/arm-none-eabi/10.3.1/thumb/v6-m/nofp\libgcc.a(_clzsi2.o)
                0x0000000008000654                __clzsi2
 *(.text*)
 .text.TurnOnLED
                0x0000000008000690       0x64 ./Core/Src/led_functions.o
                0x0000000008000690                TurnOnLED
 .text.TurnOffLED
                0x00000000080006f4       0x64 ./Core/Src/led_functions.o
                0x00000000080006f4                TurnOffLED
 .text.SetLEDQueue
                0x0000000008000758       0x44 ./Core/Src/led_functions.o
                0x0000000008000758                SetLEDQueue
 .text.AddToLEDQueue
                0x000000000800079c       0x4c ./Core/Src/led_functions.o
                0x000000000800079c                AddToLEDQueue
 .text.HandleLEDQueue
                0x00000000080007e8       0xdc ./Core/Src/led_functions.o
                0x00000000080007e8                HandleLEDQueue
 .text.PulseHandler
                0x00000000080008c4       0x88 ./Core/Src/led_functions.o
                0x00000000080008c4                PulseHandler
 .text.PulseHandlerKeepOn
                0x000000000800094c       0xd0 ./Core/Src/led_functions.o
                0x000000000800094c                PulseHandlerKeepOn
 .text.PrintRate
                0x0000000008000a1c       0xb4 ./Core/Src/led_functions.o
                0x0000000008000a1c                PrintRate
 .text.TurnAllOff
                0x0000000008000ad0       0x5c ./Core/Src/led_functions.o
                0x0000000008000ad0                TurnAllOff
 .text.ResetIndexes
                0x0000000008000b2c       0x38 ./Core/Src/led_functions.o
                0x0000000008000b2c                ResetIndexes
 .text.main     0x0000000008000b64      0x43c ./Core/Src/main.o
                0x0000000008000b64                main
 .text.SystemClock_Config
                0x0000000008000fa0       0xe8 ./Core/Src/main.o
                0x0000000008000fa0                SystemClock_Config
 .text.MX_ADC_Init
                0x0000000008001088       0xdc ./Core/Src/main.o
 .text.MX_TIM2_Init
                0x0000000008001164       0xfc ./Core/Src/main.o
 .text.MX_TIM3_Init
                0x0000000008001260       0xa8 ./Core/Src/main.o
 .text.MX_TIM6_Init
                0x0000000008001308       0x78 ./Core/Src/main.o
 .text.MX_TIM7_Init
                0x0000000008001380       0x74 ./Core/Src/main.o
 .text.MX_TIM21_Init
                0x00000000080013f4       0xfc ./Core/Src/main.o
 .text.MX_GPIO_Init
                0x00000000080014f0      0x124 ./Core/Src/main.o
 .text.HAL_TIM_PeriodElapsedCallback
                0x0000000008001614       0xa8 ./Core/Src/main.o
                0x0000000008001614                HAL_TIM_PeriodElapsedCallback
 .text.Error_Handler
                0x00000000080016bc        0xa ./Core/Src/main.o
                0x00000000080016bc                Error_Handler
 *fill*         0x00000000080016c6        0x2 
 .text.HAL_MspInit
                0x00000000080016c8       0x28 ./Core/Src/stm32l0xx_hal_msp.o
                0x00000000080016c8                HAL_MspInit
 .text.HAL_ADC_MspInit
                0x00000000080016f0       0x78 ./Core/Src/stm32l0xx_hal_msp.o
                0x00000000080016f0                HAL_ADC_MspInit
 .text.HAL_TIM_Base_MspInit
                0x0000000008001768       0xcc ./Core/Src/stm32l0xx_hal_msp.o
                0x0000000008001768                HAL_TIM_Base_MspInit
 .text.HAL_TIM_MspPostInit
                0x0000000008001834       0x78 ./Core/Src/stm32l0xx_hal_msp.o
                0x0000000008001834                HAL_TIM_MspPostInit
 .text.NMI_Handler
                0x00000000080018ac        0x6 ./Core/Src/stm32l0xx_it.o
                0x00000000080018ac                NMI_Handler
 .text.HardFault_Handler
                0x00000000080018b2        0x6 ./Core/Src/stm32l0xx_it.o
                0x00000000080018b2                HardFault_Handler
 .text.SVC_Handler
                0x00000000080018b8        0xa ./Core/Src/stm32l0xx_it.o
                0x00000000080018b8                SVC_Handler
 .text.PendSV_Handler
                0x00000000080018c2        0xa ./Core/Src/stm32l0xx_it.o
                0x00000000080018c2                PendSV_Handler
 .text.SysTick_Handler
                0x00000000080018cc        0xe ./Core/Src/stm32l0xx_it.o
                0x00000000080018cc                SysTick_Handler
 *fill*         0x00000000080018da        0x2 
 .text.TIM6_DAC_IRQHandler
                0x00000000080018dc       0x18 ./Core/Src/stm32l0xx_it.o
                0x00000000080018dc                TIM6_DAC_IRQHandler
 .text.TIM7_IRQHandler
                0x00000000080018f4       0x18 ./Core/Src/stm32l0xx_it.o
                0x00000000080018f4                TIM7_IRQHandler
 .text.TIM21_IRQHandler
                0x000000000800190c       0x18 ./Core/Src/stm32l0xx_it.o
                0x000000000800190c                TIM21_IRQHandler
 .text.USB_IRQHandler
                0x0000000008001924       0x18 ./Core/Src/stm32l0xx_it.o
                0x0000000008001924                USB_IRQHandler
 .text._sbrk    0x000000000800193c       0x6c ./Core/Src/sysmem.o
                0x000000000800193c                _sbrk
 .text.SystemInit
                0x00000000080019a8        0xa ./Core/Src/system_stm32l0xx.o
                0x00000000080019a8                SystemInit
 *fill*         0x00000000080019b2        0x2 
 .text.Reset_Handler
                0x00000000080019b4       0x50 ./Core/Startup/startup_stm32l072cbtx.o
                0x00000000080019b4                Reset_Handler
 .text.Default_Handler
                0x0000000008001a04        0x2 ./Core/Startup/startup_stm32l072cbtx.o
                0x0000000008001a04                TSC_IRQHandler
                0x0000000008001a04                ADC1_COMP_IRQHandler
                0x0000000008001a04                PVD_IRQHandler
                0x0000000008001a04                I2C1_IRQHandler
                0x0000000008001a04                RCC_CRS_IRQHandler
                0x0000000008001a04                SPI1_IRQHandler
                0x0000000008001a04                EXTI2_3_IRQHandler
                0x0000000008001a04                I2C2_IRQHandler
                0x0000000008001a04                RTC_IRQHandler
                0x0000000008001a04                DMA1_Channel4_5_6_7_IRQHandler
                0x0000000008001a04                TIM3_IRQHandler
                0x0000000008001a04                EXTI4_15_IRQHandler
                0x0000000008001a04                DMA1_Channel1_IRQHandler
                0x0000000008001a04                USART4_5_IRQHandler
                0x0000000008001a04                Default_Handler
                0x0000000008001a04                TIM22_IRQHandler
                0x0000000008001a04                EXTI0_1_IRQHandler
                0x0000000008001a04                I2C3_IRQHandler
                0x0000000008001a04                SPI2_IRQHandler
                0x0000000008001a04                WWDG_IRQHandler
                0x0000000008001a04                TIM2_IRQHandler
                0x0000000008001a04                DMA1_Channel2_3_IRQHandler
                0x0000000008001a04                USART2_IRQHandler
                0x0000000008001a04                FLASH_IRQHandler
                0x0000000008001a04                USART1_IRQHandler
                0x0000000008001a04                RNG_LPUART1_IRQHandler
                0x0000000008001a04                LPTIM1_IRQHandler
 *fill*         0x0000000008001a06        0x2 
 .text.HAL_Init
                0x0000000008001a08       0x40 ./Drivers/STM32L0xx_HAL_Driver/Src/stm32l0xx_hal.o
                0x0000000008001a08                HAL_Init
 .text.HAL_InitTick
                0x0000000008001a48       0x68 ./Drivers/STM32L0xx_HAL_Driver/Src/stm32l0xx_hal.o
                0x0000000008001a48                HAL_InitTick
 .text.HAL_IncTick
                0x0000000008001ab0       0x24 ./Drivers/STM32L0xx_HAL_Driver/Src/stm32l0xx_hal.o
                0x0000000008001ab0                HAL_IncTick
 .text.HAL_GetTick
                0x0000000008001ad4       0x14 ./Drivers/STM32L0xx_HAL_Driver/Src/stm32l0xx_hal.o
                0x0000000008001ad4                HAL_GetTick
 .text.HAL_ADC_Init
                0x0000000008001ae8      0x2e8 ./Drivers/STM32L0xx_HAL_Driver/Src/stm32l0xx_hal_adc.o
                0x0000000008001ae8                HAL_ADC_Init
 .text.HAL_ADC_Start
                0x0000000008001dd0       0xa8 ./Drivers/STM32L0xx_HAL_Driver/Src/stm32l0xx_hal_adc.o
                0x0000000008001dd0                HAL_ADC_Start
 .text.HAL_ADC_PollForConversion
                0x0000000008001e78      0x138 ./Drivers/STM32L0xx_HAL_Driver/Src/stm32l0xx_hal_adc.o
                0x0000000008001e78                HAL_ADC_PollForConversion
 .text.HAL_ADC_GetValue
                0x0000000008001fb0       0x16 ./Drivers/STM32L0xx_HAL_Driver/Src/stm32l0xx_hal_adc.o
                0x0000000008001fb0                HAL_ADC_GetValue
 *fill*         0x0000000008001fc6        0x2 
 .text.HAL_ADC_ConfigChannel
                0x0000000008001fc8      0x10c ./Drivers/STM32L0xx_HAL_Driver/Src/stm32l0xx_hal_adc.o
                0x0000000008001fc8                HAL_ADC_ConfigChannel
 .text.ADC_Enable
                0x00000000080020d4       0xd0 ./Drivers/STM32L0xx_HAL_Driver/Src/stm32l0xx_hal_adc.o
 .text.ADC_DelayMicroSecond
                0x00000000080021a4       0x40 ./Drivers/STM32L0xx_HAL_Driver/Src/stm32l0xx_hal_adc.o
 .text.__NVIC_EnableIRQ
                0x00000000080021e4       0x34 ./Drivers/STM32L0xx_HAL_Driver/Src/stm32l0xx_hal_cortex.o
 .text.__NVIC_SetPriority
                0x0000000008002218       0xdc ./Drivers/STM32L0xx_HAL_Driver/Src/stm32l0xx_hal_cortex.o
 .text.SysTick_Config
                0x00000000080022f4       0x48 ./Drivers/STM32L0xx_HAL_Driver/Src/stm32l0xx_hal_cortex.o
 .text.HAL_NVIC_SetPriority
                0x000000000800233c       0x2a ./Drivers/STM32L0xx_HAL_Driver/Src/stm32l0xx_hal_cortex.o
                0x000000000800233c                HAL_NVIC_SetPriority
 .text.HAL_NVIC_EnableIRQ
                0x0000000008002366       0x20 ./Drivers/STM32L0xx_HAL_Driver/Src/stm32l0xx_hal_cortex.o
                0x0000000008002366                HAL_NVIC_EnableIRQ
 .text.HAL_SYSTICK_Config
                0x0000000008002386       0x1a ./Drivers/STM32L0xx_HAL_Driver/Src/stm32l0xx_hal_cortex.o
                0x0000000008002386                HAL_SYSTICK_Config
 .text.HAL_GPIO_Init
                0x00000000080023a0      0x2fc ./Drivers/STM32L0xx_HAL_Driver/Src/stm32l0xx_hal_gpio.o
                0x00000000080023a0                HAL_GPIO_Init
 .text.HAL_GPIO_ReadPin
                0x000000000800269c       0x3a ./Drivers/STM32L0xx_HAL_Driver/Src/stm32l0xx_hal_gpio.o
                0x000000000800269c                HAL_GPIO_ReadPin
 .text.HAL_GPIO_WritePin
                0x00000000080026d6       0x3a ./Drivers/STM32L0xx_HAL_Driver/Src/stm32l0xx_hal_gpio.o
                0x00000000080026d6                HAL_GPIO_WritePin
 .text.HAL_PCD_Init
                0x0000000008002710      0x200 ./Drivers/STM32L0xx_HAL_Driver/Src/stm32l0xx_hal_pcd.o
                0x0000000008002710                HAL_PCD_Init
 .text.HAL_PCD_Start
                0x0000000008002910       0x4a ./Drivers/STM32L0xx_HAL_Driver/Src/stm32l0xx_hal_pcd.o
                0x0000000008002910                HAL_PCD_Start
 *fill*         0x000000000800295a        0x2 
 .text.HAL_PCD_IRQHandler
                0x000000000800295c      0x288 ./Drivers/STM32L0xx_HAL_Driver/Src/stm32l0xx_hal_pcd.o
                0x000000000800295c                HAL_PCD_IRQHandler
 .text.HAL_PCD_SetAddress
                0x0000000008002be4       0x56 ./Drivers/STM32L0xx_HAL_Driver/Src/stm32l0xx_hal_pcd.o
                0x0000000008002be4                HAL_PCD_SetAddress
 .text.HAL_PCD_EP_Open
                0x0000000008002c3a       0xde ./Drivers/STM32L0xx_HAL_Driver/Src/stm32l0xx_hal_pcd.o
                0x0000000008002c3a                HAL_PCD_EP_Open
 .text.HAL_PCD_EP_Close
                0x0000000008002d18       0xa2 ./Drivers/STM32L0xx_HAL_Driver/Src/stm32l0xx_hal_pcd.o
                0x0000000008002d18                HAL_PCD_EP_Close
 .text.HAL_PCD_EP_Receive
                0x0000000008002dba       0x6e ./Drivers/STM32L0xx_HAL_Driver/Src/stm32l0xx_hal_pcd.o
                0x0000000008002dba                HAL_PCD_EP_Receive
 .text.HAL_PCD_EP_GetRxCount
                0x0000000008002e28       0x32 ./Drivers/STM32L0xx_HAL_Driver/Src/stm32l0xx_hal_pcd.o
                0x0000000008002e28                HAL_PCD_EP_GetRxCount
 .text.HAL_PCD_EP_Transmit
                0x0000000008002e5a       0x78 ./Drivers/STM32L0xx_HAL_Driver/Src/stm32l0xx_hal_pcd.o
                0x0000000008002e5a                HAL_PCD_EP_Transmit
 .text.HAL_PCD_EP_SetStall
                0x0000000008002ed2       0xb8 ./Drivers/STM32L0xx_HAL_Driver/Src/stm32l0xx_hal_pcd.o
                0x0000000008002ed2                HAL_PCD_EP_SetStall
 .text.HAL_PCD_EP_ClrStall
                0x0000000008002f8a       0xbc ./Drivers/STM32L0xx_HAL_Driver/Src/stm32l0xx_hal_pcd.o
                0x0000000008002f8a                HAL_PCD_EP_ClrStall
 *fill*         0x0000000008003046        0x2 
 .text.PCD_EP_ISR_Handler
                0x0000000008003048      0x80c ./Drivers/STM32L0xx_HAL_Driver/Src/stm32l0xx_hal_pcd.o
 .text.HAL_PCD_EP_DB_Receive
                0x0000000008003854      0x238 ./Drivers/STM32L0xx_HAL_Driver/Src/stm32l0xx_hal_pcd.o
 .text.HAL_PCD_EP_DB_Transmit
                0x0000000008003a8c      0x820 ./Drivers/STM32L0xx_HAL_Driver/Src/stm32l0xx_hal_pcd.o
 .text.HAL_PCDEx_PMAConfig
                0x00000000080042ac       0x9c ./Drivers/STM32L0xx_HAL_Driver/Src/stm32l0xx_hal_pcd_ex.o
                0x00000000080042ac                HAL_PCDEx_PMAConfig
 .text.HAL_PCDEx_ActivateLPM
                0x0000000008004348       0x54 ./Drivers/STM32L0xx_HAL_Driver/Src/stm32l0xx_hal_pcd_ex.o
                0x0000000008004348                HAL_PCDEx_ActivateLPM
 .text.HAL_PCDEx_LPM_Callback
                0x000000000800439c       0x16 ./Drivers/STM32L0xx_HAL_Driver/Src/stm32l0xx_hal_pcd_ex.o
                0x000000000800439c                HAL_PCDEx_LPM_Callback
 *fill*         0x00000000080043b2        0x2 
 .text.HAL_RCC_OscConfig
                0x00000000080043b4      0x7a8 ./Drivers/STM32L0xx_HAL_Driver/Src/stm32l0xx_hal_rcc.o
                0x00000000080043b4                HAL_RCC_OscConfig
 .text.HAL_RCC_ClockConfig
                0x0000000008004b5c      0x290 ./Drivers/STM32L0xx_HAL_Driver/Src/stm32l0xx_hal_rcc.o
                0x0000000008004b5c                HAL_RCC_ClockConfig
 .text.HAL_RCC_GetSysClockFreq
                0x0000000008004dec      0x148 ./Drivers/STM32L0xx_HAL_Driver/Src/stm32l0xx_hal_rcc.o
                0x0000000008004dec                HAL_RCC_GetSysClockFreq
 .text.HAL_RCCEx_PeriphCLKConfig
                0x0000000008004f34      0x2b8 ./Drivers/STM32L0xx_HAL_Driver/Src/stm32l0xx_hal_rcc_ex.o
                0x0000000008004f34                HAL_RCCEx_PeriphCLKConfig
 .text.HAL_TIM_Base_Init
                0x00000000080051ec       0x80 ./Drivers/STM32L0xx_HAL_Driver/Src/stm32l0xx_hal_tim.o
                0x00000000080051ec                HAL_TIM_Base_Init
 .text.HAL_TIM_Base_Start_IT
                0x000000000800526c       0xa4 ./Drivers/STM32L0xx_HAL_Driver/Src/stm32l0xx_hal_tim.o
                0x000000000800526c                HAL_TIM_Base_Start_IT
 .text.HAL_TIM_OC_Init
                0x0000000008005310       0x80 ./Drivers/STM32L0xx_HAL_Driver/Src/stm32l0xx_hal_tim.o
                0x0000000008005310                HAL_TIM_OC_Init
 .text.HAL_TIM_OC_MspInit
                0x0000000008005390       0x10 ./Drivers/STM32L0xx_HAL_Driver/Src/stm32l0xx_hal_tim.o
                0x0000000008005390                HAL_TIM_OC_MspInit
 .text.HAL_TIM_PWM_Init
                0x00000000080053a0       0x80 ./Drivers/STM32L0xx_HAL_Driver/Src/stm32l0xx_hal_tim.o
                0x00000000080053a0                HAL_TIM_PWM_Init
 .text.HAL_TIM_PWM_MspInit
                0x0000000008005420       0x10 ./Drivers/STM32L0xx_HAL_Driver/Src/stm32l0xx_hal_tim.o
                0x0000000008005420                HAL_TIM_PWM_MspInit
 .text.HAL_TIM_PWM_Start
                0x0000000008005430      0x124 ./Drivers/STM32L0xx_HAL_Driver/Src/stm32l0xx_hal_tim.o
                0x0000000008005430                HAL_TIM_PWM_Start
 .text.HAL_TIM_PWM_Stop
                0x0000000008005554       0x7c ./Drivers/STM32L0xx_HAL_Driver/Src/stm32l0xx_hal_tim.o
                0x0000000008005554                HAL_TIM_PWM_Stop
 .text.HAL_TIM_IRQHandler
                0x00000000080055d0      0x1d0 ./Drivers/STM32L0xx_HAL_Driver/Src/stm32l0xx_hal_tim.o
                0x00000000080055d0                HAL_TIM_IRQHandler
 .text.HAL_TIM_OC_ConfigChannel
                0x00000000080057a0       0xb0 ./Drivers/STM32L0xx_HAL_Driver/Src/stm32l0xx_hal_tim.o
                0x00000000080057a0                HAL_TIM_OC_ConfigChannel
 .text.HAL_TIM_PWM_ConfigChannel
                0x0000000008005850      0x18c ./Drivers/STM32L0xx_HAL_Driver/Src/stm32l0xx_hal_tim.o
                0x0000000008005850                HAL_TIM_PWM_ConfigChannel
 .text.HAL_TIM_ConfigClockSource
                0x00000000080059dc      0x1a8 ./Drivers/STM32L0xx_HAL_Driver/Src/stm32l0xx_hal_tim.o
                0x00000000080059dc                HAL_TIM_ConfigClockSource
 .text.HAL_TIM_OC_DelayElapsedCallback
                0x0000000008005b84       0x10 ./Drivers/STM32L0xx_HAL_Driver/Src/stm32l0xx_hal_tim.o
                0x0000000008005b84                HAL_TIM_OC_DelayElapsedCallback
 .text.HAL_TIM_IC_CaptureCallback
                0x0000000008005b94       0x10 ./Drivers/STM32L0xx_HAL_Driver/Src/stm32l0xx_hal_tim.o
                0x0000000008005b94                HAL_TIM_IC_CaptureCallback
 .text.HAL_TIM_PWM_PulseFinishedCallback
                0x0000000008005ba4       0x10 ./Drivers/STM32L0xx_HAL_Driver/Src/stm32l0xx_hal_tim.o
                0x0000000008005ba4                HAL_TIM_PWM_PulseFinishedCallback
 .text.HAL_TIM_TriggerCallback
                0x0000000008005bb4       0x10 ./Drivers/STM32L0xx_HAL_Driver/Src/stm32l0xx_hal_tim.o
                0x0000000008005bb4                HAL_TIM_TriggerCallback
 .text.TIM_Base_SetConfig
                0x0000000008005bc4       0xbc ./Drivers/STM32L0xx_HAL_Driver/Src/stm32l0xx_hal_tim.o
 .text.TIM_OC1_SetConfig
                0x0000000008005c80       0x78 ./Drivers/STM32L0xx_HAL_Driver/Src/stm32l0xx_hal_tim.o
 .text.TIM_OC2_SetConfig
                0x0000000008005cf8       0x84 ./Drivers/STM32L0xx_HAL_Driver/Src/stm32l0xx_hal_tim.o
 .text.TIM_OC3_SetConfig
                0x0000000008005d7c       0x80 ./Drivers/STM32L0xx_HAL_Driver/Src/stm32l0xx_hal_tim.o
 .text.TIM_OC4_SetConfig
                0x0000000008005dfc       0x8c ./Drivers/STM32L0xx_HAL_Driver/Src/stm32l0xx_hal_tim.o
 .text.TIM_TI1_ConfigInputStage
                0x0000000008005e88       0x5c ./Drivers/STM32L0xx_HAL_Driver/Src/stm32l0xx_hal_tim.o
 .text.TIM_TI2_ConfigInputStage
                0x0000000008005ee4       0x64 ./Drivers/STM32L0xx_HAL_Driver/Src/stm32l0xx_hal_tim.o
 .text.TIM_ITRx_SetConfig
                0x0000000008005f48       0x32 ./Drivers/STM32L0xx_HAL_Driver/Src/stm32l0xx_hal_tim.o
 *fill*         0x0000000008005f7a        0x2 
 .text.TIM_ETR_SetConfig
                0x0000000008005f7c       0x40 ./Drivers/STM32L0xx_HAL_Driver/Src/stm32l0xx_hal_tim.o
 .text.TIM_CCxChannelCmd
                0x0000000008005fbc       0x46 ./Drivers/STM32L0xx_HAL_Driver/Src/stm32l0xx_hal_tim.o
 *fill*         0x0000000008006002        0x2 
 .text.HAL_TIMEx_MasterConfigSynchronization
                0x0000000008006004       0xbc ./Drivers/STM32L0xx_HAL_Driver/Src/stm32l0xx_hal_tim_ex.o
                0x0000000008006004                HAL_TIMEx_MasterConfigSynchronization
 .text.USB_EnableGlobalInt
                0x00000000080060c0       0x2c ./Drivers/STM32L0xx_HAL_Driver/Src/stm32l0xx_ll_usb.o
                0x00000000080060c0                USB_EnableGlobalInt
 .text.USB_DisableGlobalInt
                0x00000000080060ec       0x34 ./Drivers/STM32L0xx_HAL_Driver/Src/stm32l0xx_ll_usb.o
                0x00000000080060ec                USB_DisableGlobalInt
 .text.USB_DevInit
                0x0000000008006120       0x4e ./Drivers/STM32L0xx_HAL_Driver/Src/stm32l0xx_ll_usb.o
                0x0000000008006120                USB_DevInit
 *fill*         0x000000000800616e        0x2 
 .text.USB_ActivateEndpoint
                0x0000000008006170      0x744 ./Drivers/STM32L0xx_HAL_Driver/Src/stm32l0xx_ll_usb.o
                0x0000000008006170                USB_ActivateEndpoint
 .text.USB_DeactivateEndpoint
                0x00000000080068b4      0x380 ./Drivers/STM32L0xx_HAL_Driver/Src/stm32l0xx_ll_usb.o
                0x00000000080068b4                USB_DeactivateEndpoint
 .text.USB_EPStartXfer
                0x0000000008006c34     0x1270 ./Drivers/STM32L0xx_HAL_Driver/Src/stm32l0xx_ll_usb.o
                0x0000000008006c34                USB_EPStartXfer
 .text.USB_EPSetStall
                0x0000000008007ea4       0xa0 ./Drivers/STM32L0xx_HAL_Driver/Src/stm32l0xx_ll_usb.o
                0x0000000008007ea4                USB_EPSetStall
 .text.USB_EPClearStall
                0x0000000008007f44      0x164 ./Drivers/STM32L0xx_HAL_Driver/Src/stm32l0xx_ll_usb.o
                0x0000000008007f44                USB_EPClearStall
 .text.USB_SetDevAddress
                0x00000000080080a8       0x28 ./Drivers/STM32L0xx_HAL_Driver/Src/stm32l0xx_ll_usb.o
                0x00000000080080a8                USB_SetDevAddress
 .text.USB_DevConnect
                0x00000000080080d0       0x2c ./Drivers/STM32L0xx_HAL_Driver/Src/stm32l0xx_ll_usb.o
                0x00000000080080d0                USB_DevConnect
 .text.USB_ReadInterrupts
                0x00000000080080fc       0x1c ./Drivers/STM32L0xx_HAL_Driver/Src/stm32l0xx_ll_usb.o
                0x00000000080080fc                USB_ReadInterrupts
 .text.USB_WritePMA
                0x0000000008008118       0x92 ./Drivers/STM32L0xx_HAL_Driver/Src/stm32l0xx_ll_usb.o
                0x0000000008008118                USB_WritePMA
 .text.USB_ReadPMA
                0x00000000080081aa       0x9e ./Drivers/STM32L0xx_HAL_Driver/Src/stm32l0xx_ll_usb.o
                0x00000000080081aa                USB_ReadPMA
 .text.USBD_CDC_Init
                0x0000000008008248      0x118 ./Middlewares/ST/STM32_USB_Device_Library/Class/CDC/Src/usbd_cdc.o
 .text.USBD_CDC_DeInit
                0x0000000008008360       0x88 ./Middlewares/ST/STM32_USB_Device_Library/Class/CDC/Src/usbd_cdc.o
 .text.USBD_CDC_Setup
                0x00000000080083e8      0x190 ./Middlewares/ST/STM32_USB_Device_Library/Class/CDC/Src/usbd_cdc.o
 .text.USBD_CDC_DataIn
                0x0000000008008578       0xb6 ./Middlewares/ST/STM32_USB_Device_Library/Class/CDC/Src/usbd_cdc.o
 .text.USBD_CDC_DataOut
                0x000000000800862e       0x6a ./Middlewares/ST/STM32_USB_Device_Library/Class/CDC/Src/usbd_cdc.o
 .text.USBD_CDC_EP0_RxReady
                0x0000000008008698       0x60 ./Middlewares/ST/STM32_USB_Device_Library/Class/CDC/Src/usbd_cdc.o
 .text.USBD_CDC_GetFSCfgDesc
                0x00000000080086f8       0x1c ./Middlewares/ST/STM32_USB_Device_Library/Class/CDC/Src/usbd_cdc.o
 .text.USBD_CDC_GetHSCfgDesc
                0x0000000008008714       0x1c ./Middlewares/ST/STM32_USB_Device_Library/Class/CDC/Src/usbd_cdc.o
 .text.USBD_CDC_GetOtherSpeedCfgDesc
                0x0000000008008730       0x1c ./Middlewares/ST/STM32_USB_Device_Library/Class/CDC/Src/usbd_cdc.o
 .text.USBD_CDC_GetDeviceQualifierDescriptor
                0x000000000800874c       0x1c ./Middlewares/ST/STM32_USB_Device_Library/Class/CDC/Src/usbd_cdc.o
                0x000000000800874c                USBD_CDC_GetDeviceQualifierDescriptor
 .text.USBD_CDC_RegisterInterface
                0x0000000008008768       0x36 ./Middlewares/ST/STM32_USB_Device_Library/Class/CDC/Src/usbd_cdc.o
                0x0000000008008768                USBD_CDC_RegisterInterface
 .text.USBD_CDC_SetTxBuffer
                0x000000000800879e       0x38 ./Middlewares/ST/STM32_USB_Device_Library/Class/CDC/Src/usbd_cdc.o
                0x000000000800879e                USBD_CDC_SetTxBuffer
 .text.USBD_CDC_SetRxBuffer
                0x00000000080087d6       0x28 ./Middlewares/ST/STM32_USB_Device_Library/Class/CDC/Src/usbd_cdc.o
                0x00000000080087d6                USBD_CDC_SetRxBuffer
 .text.USBD_CDC_TransmitPacket
                0x00000000080087fe       0x6e ./Middlewares/ST/STM32_USB_Device_Library/Class/CDC/Src/usbd_cdc.o
                0x00000000080087fe                USBD_CDC_TransmitPacket
 .text.USBD_CDC_ReceivePacket
                0x000000000800886c       0x5c ./Middlewares/ST/STM32_USB_Device_Library/Class/CDC/Src/usbd_cdc.o
                0x000000000800886c                USBD_CDC_ReceivePacket
 .text.USBD_Init
                0x00000000080088c8       0x62 ./Middlewares/ST/STM32_USB_Device_Library/Core/Src/usbd_core.o
                0x00000000080088c8                USBD_Init
 .text.USBD_RegisterClass
                0x000000000800892a       0x40 ./Middlewares/ST/STM32_USB_Device_Library/Core/Src/usbd_core.o
                0x000000000800892a                USBD_RegisterClass
 .text.USBD_Start
                0x000000000800896a       0x1a ./Middlewares/ST/STM32_USB_Device_Library/Core/Src/usbd_core.o
                0x000000000800896a                USBD_Start
 .text.USBD_RunTestMode
                0x0000000008008984       0x12 ./Middlewares/ST/STM32_USB_Device_Library/Core/Src/usbd_core.o
                0x0000000008008984                USBD_RunTestMode
 .text.USBD_SetClassConfig
                0x0000000008008996       0x4e ./Middlewares/ST/STM32_USB_Device_Library/Core/Src/usbd_core.o
                0x0000000008008996                USBD_SetClassConfig
 .text.USBD_ClrClassConfig
                0x00000000080089e4       0x2c ./Middlewares/ST/STM32_USB_Device_Library/Core/Src/usbd_core.o
                0x00000000080089e4                USBD_ClrClassConfig
 .text.USBD_LL_SetupStage
                0x0000000008008a10       0xbc ./Middlewares/ST/STM32_USB_Device_Library/Core/Src/usbd_core.o
                0x0000000008008a10                USBD_LL_SetupStage
 .text.USBD_LL_DataOutStage
                0x0000000008008acc      0x104 ./Middlewares/ST/STM32_USB_Device_Library/Core/Src/usbd_core.o
                0x0000000008008acc                USBD_LL_DataOutStage
 .text.USBD_LL_DataInStage
                0x0000000008008bd0      0x17a ./Middlewares/ST/STM32_USB_Device_Library/Core/Src/usbd_core.o
                0x0000000008008bd0                USBD_LL_DataInStage
 .text.USBD_LL_Reset
                0x0000000008008d4a       0x90 ./Middlewares/ST/STM32_USB_Device_Library/Core/Src/usbd_core.o
                0x0000000008008d4a                USBD_LL_Reset
 .text.USBD_LL_SetSpeed
                0x0000000008008dda       0x20 ./Middlewares/ST/STM32_USB_Device_Library/Core/Src/usbd_core.o
                0x0000000008008dda                USBD_LL_SetSpeed
 *fill*         0x0000000008008dfa        0x2 
 .text.USBD_LL_Suspend
                0x0000000008008dfc       0x30 ./Middlewares/ST/STM32_USB_Device_Library/Core/Src/usbd_core.o
                0x0000000008008dfc                USBD_LL_Suspend
 .text.USBD_LL_Resume
                0x0000000008008e2c       0x30 ./Middlewares/ST/STM32_USB_Device_Library/Core/Src/usbd_core.o
                0x0000000008008e2c                USBD_LL_Resume
 .text.USBD_LL_SOF
                0x0000000008008e5c       0x3c ./Middlewares/ST/STM32_USB_Device_Library/Core/Src/usbd_core.o
                0x0000000008008e5c                USBD_LL_SOF
 .text.USBD_StdDevReq
                0x0000000008008e98       0xe4 ./Middlewares/ST/STM32_USB_Device_Library/Core/Src/usbd_ctlreq.o
                0x0000000008008e98                USBD_StdDevReq
 .text.USBD_StdItfReq
                0x0000000008008f7c       0xae ./Middlewares/ST/STM32_USB_Device_Library/Core/Src/usbd_ctlreq.o
                0x0000000008008f7c                USBD_StdItfReq
 .text.USBD_StdEPReq
                0x000000000800902a      0x36c ./Middlewares/ST/STM32_USB_Device_Library/Core/Src/usbd_ctlreq.o
                0x000000000800902a                USBD_StdEPReq
 *fill*         0x0000000008009396        0x2 
 .text.USBD_GetDescriptor
                0x0000000008009398      0x364 ./Middlewares/ST/STM32_USB_Device_Library/Core/Src/usbd_ctlreq.o
 .text.USBD_SetAddress
                0x00000000080096fc       0xa8 ./Middlewares/ST/STM32_USB_Device_Library/Core/Src/usbd_ctlreq.o
 .text.USBD_SetConfig
                0x00000000080097a4      0x148 ./Middlewares/ST/STM32_USB_Device_Library/Core/Src/usbd_ctlreq.o
 .text.USBD_GetConfig
                0x00000000080098ec       0x76 ./Middlewares/ST/STM32_USB_Device_Library/Core/Src/usbd_ctlreq.o
 .text.USBD_GetStatus
                0x0000000008009962       0x74 ./Middlewares/ST/STM32_USB_Device_Library/Core/Src/usbd_ctlreq.o
 .text.USBD_SetFeature
                0x00000000080099d6       0x2c ./Middlewares/ST/STM32_USB_Device_Library/Core/Src/usbd_ctlreq.o
 .text.USBD_ClrFeature
                0x0000000008009a02       0x4c ./Middlewares/ST/STM32_USB_Device_Library/Core/Src/usbd_ctlreq.o
 .text.USBD_ParseSetupRequest
                0x0000000008009a4e       0x76 ./Middlewares/ST/STM32_USB_Device_Library/Core/Src/usbd_ctlreq.o
                0x0000000008009a4e                USBD_ParseSetupRequest
 .text.USBD_CtlError
                0x0000000008009ac4       0x26 ./Middlewares/ST/STM32_USB_Device_Library/Core/Src/usbd_ctlreq.o
                0x0000000008009ac4                USBD_CtlError
 .text.USBD_GetString
                0x0000000008009aea       0x9c ./Middlewares/ST/STM32_USB_Device_Library/Core/Src/usbd_ctlreq.o
                0x0000000008009aea                USBD_GetString
 .text.USBD_GetLen
                0x0000000008009b86       0x3a ./Middlewares/ST/STM32_USB_Device_Library/Core/Src/usbd_ctlreq.o
 .text.USBD_CtlSendData
                0x0000000008009bc0       0x40 ./Middlewares/ST/STM32_USB_Device_Library/Core/Src/usbd_ioreq.o
                0x0000000008009bc0                USBD_CtlSendData
 .text.USBD_CtlContinueSendData
                0x0000000008009c00       0x26 ./Middlewares/ST/STM32_USB_Device_Library/Core/Src/usbd_ioreq.o
                0x0000000008009c00                USBD_CtlContinueSendData
 .text.USBD_CtlPrepareRx
                0x0000000008009c26       0x48 ./Middlewares/ST/STM32_USB_Device_Library/Core/Src/usbd_ioreq.o
                0x0000000008009c26                USBD_CtlPrepareRx
 .text.USBD_CtlContinueRx
                0x0000000008009c6e       0x26 ./Middlewares/ST/STM32_USB_Device_Library/Core/Src/usbd_ioreq.o
                0x0000000008009c6e                USBD_CtlContinueRx
 .text.USBD_CtlSendStatus
                0x0000000008009c94       0x28 ./Middlewares/ST/STM32_USB_Device_Library/Core/Src/usbd_ioreq.o
                0x0000000008009c94                USBD_CtlSendStatus
 .text.USBD_CtlReceiveStatus
                0x0000000008009cbc       0x28 ./Middlewares/ST/STM32_USB_Device_Library/Core/Src/usbd_ioreq.o
                0x0000000008009cbc                USBD_CtlReceiveStatus
 .text.MX_USB_DEVICE_Init
                0x0000000008009ce4       0x68 ./USB_DEVICE/App/usb_device.o
                0x0000000008009ce4                MX_USB_DEVICE_Init
 .text.CDC_Init_FS
                0x0000000008009d4c       0x30 ./USB_DEVICE/App/usbd_cdc_if.o
 .text.CDC_DeInit_FS
                0x0000000008009d7c        0xc ./USB_DEVICE/App/usbd_cdc_if.o
 .text.CDC_Control_FS
                0x0000000008009d88       0x38 ./USB_DEVICE/App/usbd_cdc_if.o
 .text.CDC_Receive_FS
                0x0000000008009dc0       0x2c ./USB_DEVICE/App/usbd_cdc_if.o
 .text.CDC_Transmit_FS
                0x0000000008009dec       0x60 ./USB_DEVICE/App/usbd_cdc_if.o
                0x0000000008009dec                CDC_Transmit_FS
 .text.USBD_FS_DeviceDescriptor
                0x0000000008009e4c       0x24 ./USB_DEVICE/App/usbd_desc.o
                0x0000000008009e4c                USBD_FS_DeviceDescriptor
 .text.USBD_FS_LangIDStrDescriptor
                0x0000000008009e70       0x24 ./USB_DEVICE/App/usbd_desc.o
                0x0000000008009e70                USBD_FS_LangIDStrDescriptor
 .text.USBD_FS_ProductStrDescriptor
                0x0000000008009e94       0x44 ./USB_DEVICE/App/usbd_desc.o
                0x0000000008009e94                USBD_FS_ProductStrDescriptor
 .text.USBD_FS_ManufacturerStrDescriptor
                0x0000000008009ed8       0x2c ./USB_DEVICE/App/usbd_desc.o
                0x0000000008009ed8                USBD_FS_ManufacturerStrDescriptor
 .text.USBD_FS_SerialStrDescriptor
                0x0000000008009f04       0x28 ./USB_DEVICE/App/usbd_desc.o
                0x0000000008009f04                USBD_FS_SerialStrDescriptor
 .text.USBD_FS_ConfigStrDescriptor
                0x0000000008009f2c       0x44 ./USB_DEVICE/App/usbd_desc.o
                0x0000000008009f2c                USBD_FS_ConfigStrDescriptor
 .text.USBD_FS_InterfaceStrDescriptor
                0x0000000008009f70       0x44 ./USB_DEVICE/App/usbd_desc.o
                0x0000000008009f70                USBD_FS_InterfaceStrDescriptor
 .text.Get_SerialNum
                0x0000000008009fb4       0x5c ./USB_DEVICE/App/usbd_desc.o
 .text.IntToUnicode
                0x000000000800a010       0x96 ./USB_DEVICE/App/usbd_desc.o
 *fill*         0x000000000800a0a6        0x2 
 .text.HAL_PCD_MspInit
                0x000000000800a0a8       0x40 ./USB_DEVICE/Target/usbd_conf.o
                0x000000000800a0a8                HAL_PCD_MspInit
 .text.HAL_PCD_SetupStageCallback
                0x000000000800a0e8       0x2a ./USB_DEVICE/Target/usbd_conf.o
                0x000000000800a0e8                HAL_PCD_SetupStageCallback
 .text.HAL_PCD_DataOutStageCallback
                0x000000000800a112       0x42 ./USB_DEVICE/Target/usbd_conf.o
                0x000000000800a112                HAL_PCD_DataOutStageCallback
 .text.HAL_PCD_DataInStageCallback
                0x000000000800a154       0x3c ./USB_DEVICE/Target/usbd_conf.o
                0x000000000800a154                HAL_PCD_DataInStageCallback
 .text.HAL_PCD_SOFCallback
                0x000000000800a190       0x1e ./USB_DEVICE/Target/usbd_conf.o
                0x000000000800a190                HAL_PCD_SOFCallback
 .text.HAL_PCD_ResetCallback
                0x000000000800a1ae       0x48 ./USB_DEVICE/Target/usbd_conf.o
                0x000000000800a1ae                HAL_PCD_ResetCallback
 *fill*         0x000000000800a1f6        0x2 
 .text.HAL_PCD_SuspendCallback
                0x000000000800a1f8       0x38 ./USB_DEVICE/Target/usbd_conf.o
                0x000000000800a1f8                HAL_PCD_SuspendCallback
 .text.HAL_PCD_ResumeCallback
                0x000000000800a230       0x3c ./USB_DEVICE/Target/usbd_conf.o
                0x000000000800a230                HAL_PCD_ResumeCallback
 .text.USBD_LL_Init
                0x000000000800a26c       0xc8 ./USB_DEVICE/Target/usbd_conf.o
                0x000000000800a26c                USBD_LL_Init
 .text.USBD_LL_Start
                0x000000000800a334       0x4a ./USB_DEVICE/Target/usbd_conf.o
                0x000000000800a334                USBD_LL_Start
 .text.USBD_LL_OpenEP
                0x000000000800a37e       0x6e ./USB_DEVICE/Target/usbd_conf.o
                0x000000000800a37e                USBD_LL_OpenEP
 .text.USBD_LL_CloseEP
                0x000000000800a3ec       0x56 ./USB_DEVICE/Target/usbd_conf.o
                0x000000000800a3ec                USBD_LL_CloseEP
 .text.USBD_LL_StallEP
                0x000000000800a442       0x56 ./USB_DEVICE/Target/usbd_conf.o
                0x000000000800a442                USBD_LL_StallEP
 .text.USBD_LL_ClearStallEP
                0x000000000800a498       0x56 ./USB_DEVICE/Target/usbd_conf.o
                0x000000000800a498                USBD_LL_ClearStallEP
 .text.USBD_LL_IsStallEP
                0x000000000800a4ee       0x62 ./USB_DEVICE/Target/usbd_conf.o
                0x000000000800a4ee                USBD_LL_IsStallEP
 .text.USBD_LL_SetUSBAddress
                0x000000000800a550       0x56 ./USB_DEVICE/Target/usbd_conf.o
                0x000000000800a550                USBD_LL_SetUSBAddress
 .text.USBD_LL_Transmit
                0x000000000800a5a6       0x6e ./USB_DEVICE/Target/usbd_conf.o
                0x000000000800a5a6                USBD_LL_Transmit
 .text.USBD_LL_PrepareReceive
                0x000000000800a614       0x6e ./USB_DEVICE/Target/usbd_conf.o
                0x000000000800a614                USBD_LL_PrepareReceive
 .text.USBD_LL_GetRxDataSize
                0x000000000800a682       0x2c ./USB_DEVICE/Target/usbd_conf.o
                0x000000000800a682                USBD_LL_GetRxDataSize
 *fill*         0x000000000800a6ae        0x2 
 .text.USBD_static_malloc
                0x000000000800a6b0       0x18 ./USB_DEVICE/Target/usbd_conf.o
                0x000000000800a6b0                USBD_static_malloc
 .text.USBD_static_free
                0x000000000800a6c8       0x10 ./USB_DEVICE/Target/usbd_conf.o
                0x000000000800a6c8                USBD_static_free
 .text.SystemClockConfig_Resume
                0x000000000800a6d8        0xe ./USB_DEVICE/Target/usbd_conf.o
 .text.USBD_Get_USB_Status
                0x000000000800a6e6       0x6e ./USB_DEVICE/Target/usbd_conf.o
 .text.__errno  0x000000000800a754        0xc c:/st/stm32cubeide_1.10.1/stm32cubeide/plugins/com.st.stm32cube.ide.mcu.externaltools.gnu-tools-for-stm32.10.3-2021.10.win32_1.0.0.202111181127/tools/bin/../lib/gcc/arm-none-eabi/10.3.1/../../../../arm-none-eabi/lib/thumb/v6-m/nofp\libc_nano.a(lib_a-errno.o)
                0x000000000800a754                __errno
 .text.__libc_init_array
                0x000000000800a760       0x48 c:/st/stm32cubeide_1.10.1/stm32cubeide/plugins/com.st.stm32cube.ide.mcu.externaltools.gnu-tools-for-stm32.10.3-2021.10.win32_1.0.0.202111181127/tools/bin/../lib/gcc/arm-none-eabi/10.3.1/../../../../arm-none-eabi/lib/thumb/v6-m/nofp\libc_nano.a(lib_a-init.o)
                0x000000000800a760                __libc_init_array
 .text.memcpy   0x000000000800a7a8       0x12 c:/st/stm32cubeide_1.10.1/stm32cubeide/plugins/com.st.stm32cube.ide.mcu.externaltools.gnu-tools-for-stm32.10.3-2021.10.win32_1.0.0.202111181127/tools/bin/../lib/gcc/arm-none-eabi/10.3.1/../../../../arm-none-eabi/lib/thumb/v6-m/nofp\libc_nano.a(lib_a-memcpy-stub.o)
                0x000000000800a7a8                memcpy
 .text.memset   0x000000000800a7ba       0x10 c:/st/stm32cubeide_1.10.1/stm32cubeide/plugins/com.st.stm32cube.ide.mcu.externaltools.gnu-tools-for-stm32.10.3-2021.10.win32_1.0.0.202111181127/tools/bin/../lib/gcc/arm-none-eabi/10.3.1/../../../../arm-none-eabi/lib/thumb/v6-m/nofp\libc_nano.a(lib_a-memset.o)
                0x000000000800a7ba                memset
 *fill*         0x000000000800a7ca        0x2 
 .text.sprintf  0x000000000800a7cc       0x40 c:/st/stm32cubeide_1.10.1/stm32cubeide/plugins/com.st.stm32cube.ide.mcu.externaltools.gnu-tools-for-stm32.10.3-2021.10.win32_1.0.0.202111181127/tools/bin/../lib/gcc/arm-none-eabi/10.3.1/../../../../arm-none-eabi/lib/thumb/v6-m/nofp\libc_nano.a(lib_a-sprintf.o)
                0x000000000800a7cc                siprintf
                0x000000000800a7cc                sprintf
 .text.__ssputs_r
                0x000000000800a80c       0xc4 c:/st/stm32cubeide_1.10.1/stm32cubeide/plugins/com.st.stm32cube.ide.mcu.externaltools.gnu-tools-for-stm32.10.3-2021.10.win32_1.0.0.202111181127/tools/bin/../lib/gcc/arm-none-eabi/10.3.1/../../../../arm-none-eabi/lib/thumb/v6-m/nofp\libc_nano.a(lib_a-nano-svfprintf.o)
                0x000000000800a80c                __ssputs_r
 .text._svfprintf_r
                0x000000000800a8d0      0x200 c:/st/stm32cubeide_1.10.1/stm32cubeide/plugins/com.st.stm32cube.ide.mcu.externaltools.gnu-tools-for-stm32.10.3-2021.10.win32_1.0.0.202111181127/tools/bin/../lib/gcc/arm-none-eabi/10.3.1/../../../../arm-none-eabi/lib/thumb/v6-m/nofp\libc_nano.a(lib_a-nano-svfprintf.o)
                0x000000000800a8d0                _svfiprintf_r
                0x000000000800a8d0                _svfprintf_r
 .text._printf_common
                0x000000000800aad0       0xde c:/st/stm32cubeide_1.10.1/stm32cubeide/plugins/com.st.stm32cube.ide.mcu.externaltools.gnu-tools-for-stm32.10.3-2021.10.win32_1.0.0.202111181127/tools/bin/../lib/gcc/arm-none-eabi/10.3.1/../../../../arm-none-eabi/lib/thumb/v6-m/nofp\libc_nano.a(lib_a-nano-vfprintf_i.o)
                0x000000000800aad0                _printf_common
 *fill*         0x000000000800abae        0x2 
 .text._printf_i
                0x000000000800abb0      0x224 c:/st/stm32cubeide_1.10.1/stm32cubeide/plugins/com.st.stm32cube.ide.mcu.externaltools.gnu-tools-for-stm32.10.3-2021.10.win32_1.0.0.202111181127/tools/bin/../lib/gcc/arm-none-eabi/10.3.1/../../../../arm-none-eabi/lib/thumb/v6-m/nofp\libc_nano.a(lib_a-nano-vfprintf_i.o)
                0x000000000800abb0                _printf_i
 .text.memchr   0x000000000800add4       0x16 c:/st/stm32cubeide_1.10.1/stm32cubeide/plugins/com.st.stm32cube.ide.mcu.externaltools.gnu-tools-for-stm32.10.3-2021.10.win32_1.0.0.202111181127/tools/bin/../lib/gcc/arm-none-eabi/10.3.1/../../../../arm-none-eabi/lib/thumb/v6-m/nofp\libc_nano.a(lib_a-memchr-stub.o)
                0x000000000800add4                memchr
 .text.memmove  0x000000000800adea       0x26 c:/st/stm32cubeide_1.10.1/stm32cubeide/plugins/com.st.stm32cube.ide.mcu.externaltools.gnu-tools-for-stm32.10.3-2021.10.win32_1.0.0.202111181127/tools/bin/../lib/gcc/arm-none-eabi/10.3.1/../../../../arm-none-eabi/lib/thumb/v6-m/nofp\libc_nano.a(lib_a-memmove.o)
                0x000000000800adea                memmove
 .text._free_r  0x000000000800ae10       0x94 c:/st/stm32cubeide_1.10.1/stm32cubeide/plugins/com.st.stm32cube.ide.mcu.externaltools.gnu-tools-for-stm32.10.3-2021.10.win32_1.0.0.202111181127/tools/bin/../lib/gcc/arm-none-eabi/10.3.1/../../../../arm-none-eabi/lib/thumb/v6-m/nofp\libc_nano.a(lib_a-nano-freer.o)
                0x000000000800ae10                _free_r
 .text.sbrk_aligned
                0x000000000800aea4       0x44 c:/st/stm32cubeide_1.10.1/stm32cubeide/plugins/com.st.stm32cube.ide.mcu.externaltools.gnu-tools-for-stm32.10.3-2021.10.win32_1.0.0.202111181127/tools/bin/../lib/gcc/arm-none-eabi/10.3.1/../../../../arm-none-eabi/lib/thumb/v6-m/nofp\libc_nano.a(lib_a-nano-mallocr.o)
 .text._malloc_r
                0x000000000800aee8       0xec c:/st/stm32cubeide_1.10.1/stm32cubeide/plugins/com.st.stm32cube.ide.mcu.externaltools.gnu-tools-for-stm32.10.3-2021.10.win32_1.0.0.202111181127/tools/bin/../lib/gcc/arm-none-eabi/10.3.1/../../../../arm-none-eabi/lib/thumb/v6-m/nofp\libc_nano.a(lib_a-nano-mallocr.o)
                0x000000000800aee8                _malloc_r
 .text._realloc_r
                0x000000000800afd4       0x5e c:/st/stm32cubeide_1.10.1/stm32cubeide/plugins/com.st.stm32cube.ide.mcu.externaltools.gnu-tools-for-stm32.10.3-2021.10.win32_1.0.0.202111181127/tools/bin/../lib/gcc/arm-none-eabi/10.3.1/../../../../arm-none-eabi/lib/thumb/v6-m/nofp\libc_nano.a(lib_a-nano-reallocr.o)
                0x000000000800afd4                _realloc_r
 *fill*         0x000000000800b032        0x2 
 .text._sbrk_r  0x000000000800b034       0x24 c:/st/stm32cubeide_1.10.1/stm32cubeide/plugins/com.st.stm32cube.ide.mcu.externaltools.gnu-tools-for-stm32.10.3-2021.10.win32_1.0.0.202111181127/tools/bin/../lib/gcc/arm-none-eabi/10.3.1/../../../../arm-none-eabi/lib/thumb/v6-m/nofp\libc_nano.a(lib_a-sbrkr.o)
                0x000000000800b034                _sbrk_r
 .text.__malloc_lock
                0x000000000800b058       0x10 c:/st/stm32cubeide_1.10.1/stm32cubeide/plugins/com.st.stm32cube.ide.mcu.externaltools.gnu-tools-for-stm32.10.3-2021.10.win32_1.0.0.202111181127/tools/bin/../lib/gcc/arm-none-eabi/10.3.1/../../../../arm-none-eabi/lib/thumb/v6-m/nofp\libc_nano.a(lib_a-mlock.o)
                0x000000000800b058                __malloc_lock
 .text.__malloc_unlock
                0x000000000800b068       0x10 c:/st/stm32cubeide_1.10.1/stm32cubeide/plugins/com.st.stm32cube.ide.mcu.externaltools.gnu-tools-for-stm32.10.3-2021.10.win32_1.0.0.202111181127/tools/bin/../lib/gcc/arm-none-eabi/10.3.1/../../../../arm-none-eabi/lib/thumb/v6-m/nofp\libc_nano.a(lib_a-mlock.o)
                0x000000000800b068                __malloc_unlock
 .text._malloc_usable_size_r
                0x000000000800b078       0x10 c:/st/stm32cubeide_1.10.1/stm32cubeide/plugins/com.st.stm32cube.ide.mcu.externaltools.gnu-tools-for-stm32.10.3-2021.10.win32_1.0.0.202111181127/tools/bin/../lib/gcc/arm-none-eabi/10.3.1/../../../../arm-none-eabi/lib/thumb/v6-m/nofp\libc_nano.a(lib_a-nano-msizer.o)
                0x000000000800b078                _malloc_usable_size_r
 .text.__retarget_lock_acquire_recursive
                0x000000000800b088        0x2 c:/st/stm32cubeide_1.10.1/stm32cubeide/plugins/com.st.stm32cube.ide.mcu.externaltools.gnu-tools-for-stm32.10.3-2021.10.win32_1.0.0.202111181127/tools/bin/../lib/gcc/arm-none-eabi/10.3.1/../../../../arm-none-eabi/lib/thumb/v6-m/nofp\libc_nano.a(lib_a-lock.o)
                0x000000000800b088                __retarget_lock_acquire_recursive
 .text.__retarget_lock_release_recursive
                0x000000000800b08a        0x2 c:/st/stm32cubeide_1.10.1/stm32cubeide/plugins/com.st.stm32cube.ide.mcu.externaltools.gnu-tools-for-stm32.10.3-2021.10.win32_1.0.0.202111181127/tools/bin/../lib/gcc/arm-none-eabi/10.3.1/../../../../arm-none-eabi/lib/thumb/v6-m/nofp\libc_nano.a(lib_a-lock.o)
                0x000000000800b08a                __retarget_lock_release_recursive
 *(.glue_7)
 .glue_7        0x000000000800b08c        0x0 linker stubs
 *(.glue_7t)
 .glue_7t       0x000000000800b08c        0x0 linker stubs
 *(.eh_frame)
 .eh_frame      0x000000000800b08c        0x0 c:/st/stm32cubeide_1.10.1/stm32cubeide/plugins/com.st.stm32cube.ide.mcu.externaltools.gnu-tools-for-stm32.10.3-2021.10.win32_1.0.0.202111181127/tools/bin/../lib/gcc/arm-none-eabi/10.3.1/thumb/v6-m/nofp/crtbegin.o
 *(.init)
 .init          0x000000000800b08c        0x4 c:/st/stm32cubeide_1.10.1/stm32cubeide/plugins/com.st.stm32cube.ide.mcu.externaltools.gnu-tools-for-stm32.10.3-2021.10.win32_1.0.0.202111181127/tools/bin/../lib/gcc/arm-none-eabi/10.3.1/thumb/v6-m/nofp/crti.o
                0x000000000800b08c                _init
 .init          0x000000000800b090        0x8 c:/st/stm32cubeide_1.10.1/stm32cubeide/plugins/com.st.stm32cube.ide.mcu.externaltools.gnu-tools-for-stm32.10.3-2021.10.win32_1.0.0.202111181127/tools/bin/../lib/gcc/arm-none-eabi/10.3.1/thumb/v6-m/nofp/crtn.o
 *(.fini)
 .fini          0x000000000800b098        0x4 c:/st/stm32cubeide_1.10.1/stm32cubeide/plugins/com.st.stm32cube.ide.mcu.externaltools.gnu-tools-for-stm32.10.3-2021.10.win32_1.0.0.202111181127/tools/bin/../lib/gcc/arm-none-eabi/10.3.1/thumb/v6-m/nofp/crti.o
                0x000000000800b098                _fini
 .fini          0x000000000800b09c        0x8 c:/st/stm32cubeide_1.10.1/stm32cubeide/plugins/com.st.stm32cube.ide.mcu.externaltools.gnu-tools-for-stm32.10.3-2021.10.win32_1.0.0.202111181127/tools/bin/../lib/gcc/arm-none-eabi/10.3.1/thumb/v6-m/nofp/crtn.o
                0x000000000800b0a4                . = ALIGN (0x4)
                0x000000000800b0a4                _etext = .

.vfp11_veneer   0x000000000800b0a4        0x0
 .vfp11_veneer  0x000000000800b0a4        0x0 linker stubs

.v4_bx          0x000000000800b0a4        0x0
 .v4_bx         0x000000000800b0a4        0x0 linker stubs

.iplt           0x000000000800b0a4        0x0
 .iplt          0x000000000800b0a4        0x0 c:/st/stm32cubeide_1.10.1/stm32cubeide/plugins/com.st.stm32cube.ide.mcu.externaltools.gnu-tools-for-stm32.10.3-2021.10.win32_1.0.0.202111181127/tools/bin/../lib/gcc/arm-none-eabi/10.3.1/thumb/v6-m/nofp/crtbegin.o

.rodata         0x000000000800b0a4      0x1a8
                0x000000000800b0a4                . = ALIGN (0x4)
 *(.rodata)
 .rodata        0x000000000800b0a4        0x8 ./Core/Src/main.o
 .rodata        0x000000000800b0ac       0x46 ./USB_DEVICE/App/usbd_desc.o
 *(.rodata*)
 *fill*         0x000000000800b0f2        0x2 
 .rodata.pattern_steps
                0x000000000800b0f4        0x2 ./Core/Src/main.o
 *fill*         0x000000000800b0f6        0x2 
 .rodata.main   0x000000000800b0f8       0x14 ./Core/Src/main.o
 .rodata.AHBPrescTable
                0x000000000800b10c       0x10 ./Core/Src/system_stm32l0xx.o
                0x000000000800b10c                AHBPrescTable
 .rodata.PLLMulTable
                0x000000000800b11c        0x9 ./Core/Src/system_stm32l0xx.o
                0x000000000800b11c                PLLMulTable
 *fill*         0x000000000800b125        0x3 
 .rodata.USBD_StdDevReq
                0x000000000800b128       0x28 ./Middlewares/ST/STM32_USB_Device_Library/Core/Src/usbd_ctlreq.o
 .rodata.USBD_GetDescriptor
                0x000000000800b150       0x38 ./Middlewares/ST/STM32_USB_Device_Library/Core/Src/usbd_ctlreq.o
 .rodata.CDC_Control_FS
                0x000000000800b188       0x90 ./USB_DEVICE/App/usbd_cdc_if.o
 .rodata._svfprintf_r.str1.1
                0x000000000800b218       0x11 c:/st/stm32cubeide_1.10.1/stm32cubeide/plugins/com.st.stm32cube.ide.mcu.externaltools.gnu-tools-for-stm32.10.3-2021.10.win32_1.0.0.202111181127/tools/bin/../lib/gcc/arm-none-eabi/10.3.1/../../../../arm-none-eabi/lib/thumb/v6-m/nofp\libc_nano.a(lib_a-nano-svfprintf.o)
 .rodata._printf_i.str1.1
                0x000000000800b229       0x22 c:/st/stm32cubeide_1.10.1/stm32cubeide/plugins/com.st.stm32cube.ide.mcu.externaltools.gnu-tools-for-stm32.10.3-2021.10.win32_1.0.0.202111181127/tools/bin/../lib/gcc/arm-none-eabi/10.3.1/../../../../arm-none-eabi/lib/thumb/v6-m/nofp\libc_nano.a(lib_a-nano-vfprintf_i.o)
                0x000000000800b24c                . = ALIGN (0x4)
 *fill*         0x000000000800b24b        0x1 

.ARM.extab      0x000000000800b24c        0x0
                0x000000000800b24c                . = ALIGN (0x4)
 *(.ARM.extab* .gnu.linkonce.armextab.*)
                0x000000000800b24c                . = ALIGN (0x4)

.ARM            0x000000000800b24c        0x8
                0x000000000800b24c                . = ALIGN (0x4)
                0x000000000800b24c                __exidx_start = .
 *(.ARM.exidx*)
 .ARM.exidx     0x000000000800b24c        0x8 c:/st/stm32cubeide_1.10.1/stm32cubeide/plugins/com.st.stm32cube.ide.mcu.externaltools.gnu-tools-for-stm32.10.3-2021.10.win32_1.0.0.202111181127/tools/bin/../lib/gcc/arm-none-eabi/10.3.1/thumb/v6-m/nofp\libgcc.a(_udivmoddi4.o)
                0x000000000800b254                __exidx_end = .
                0x000000000800b254                . = ALIGN (0x4)

.rel.dyn        0x000000000800b254        0x0
 .rel.iplt      0x000000000800b254        0x0 c:/st/stm32cubeide_1.10.1/stm32cubeide/plugins/com.st.stm32cube.ide.mcu.externaltools.gnu-tools-for-stm32.10.3-2021.10.win32_1.0.0.202111181127/tools/bin/../lib/gcc/arm-none-eabi/10.3.1/thumb/v6-m/nofp/crtbegin.o

.preinit_array  0x000000000800b254        0x0
                0x000000000800b254                . = ALIGN (0x4)
                0x000000000800b254                PROVIDE (__preinit_array_start = .)
 *(.preinit_array*)
                0x000000000800b254                PROVIDE (__preinit_array_end = .)
                0x000000000800b254                . = ALIGN (0x4)

.init_array     0x000000000800b254        0x4
                0x000000000800b254                . = ALIGN (0x4)
                0x000000000800b254                PROVIDE (__init_array_start = .)
 *(SORT_BY_NAME(.init_array.*))
 *(.init_array*)
 .init_array    0x000000000800b254        0x4 c:/st/stm32cubeide_1.10.1/stm32cubeide/plugins/com.st.stm32cube.ide.mcu.externaltools.gnu-tools-for-stm32.10.3-2021.10.win32_1.0.0.202111181127/tools/bin/../lib/gcc/arm-none-eabi/10.3.1/thumb/v6-m/nofp/crtbegin.o
                0x000000000800b258                PROVIDE (__init_array_end = .)
                0x000000000800b258                . = ALIGN (0x4)

.fini_array     0x000000000800b258        0x4
                0x000000000800b258                . = ALIGN (0x4)
                [!provide]                        PROVIDE (__fini_array_start = .)
 *(SORT_BY_NAME(.fini_array.*))
 *(.fini_array*)
 .fini_array    0x000000000800b258        0x4 c:/st/stm32cubeide_1.10.1/stm32cubeide/plugins/com.st.stm32cube.ide.mcu.externaltools.gnu-tools-for-stm32.10.3-2021.10.win32_1.0.0.202111181127/tools/bin/../lib/gcc/arm-none-eabi/10.3.1/thumb/v6-m/nofp/crtbegin.o
                [!provide]                        PROVIDE (__fini_array_end = .)
                0x000000000800b25c                . = ALIGN (0x4)
                0x000000000800b25c                _sidata = LOADADDR (.data)

.data           0x0000000020000000      0x4bc load address 0x000000000800b25c
                0x0000000020000000                . = ALIGN (0x4)
                0x0000000020000000                _sdata = .
 *(.data)
 *(.data*)
 .data.pulse_step0
                0x0000000020000000        0x2 ./Core/Src/led_functions.o
                0x0000000020000000                pulse_step0
 *fill*         0x0000000020000002        0x2 
 .data.pulse_step1
                0x0000000020000004        0x8 ./Core/Src/led_functions.o
                0x0000000020000004                pulse_step1
 .data.pulse_step2
                0x000000002000000c       0x10 ./Core/Src/led_functions.o
                0x000000002000000c                pulse_step2
 .data.pulse_step3
                0x000000002000001c       0x28 ./Core/Src/led_functions.o
                0x000000002000001c                pulse_step3
 .data.pulse_step4
                0x0000000020000044       0x30 ./Core/Src/led_functions.o
                0x0000000020000044                pulse_step4
 .data.pulse_step_list
                0x0000000020000074       0x14 ./Core/Src/led_functions.o
                0x0000000020000074                pulse_step_list
 .data.pulse_step_sizes
                0x0000000020000088        0x5 ./Core/Src/led_functions.o
                0x0000000020000088                pulse_step_sizes
 *fill*         0x000000002000008d        0x3 
 .data.zero_tens
                0x0000000020000090       0x10 ./Core/Src/led_functions.o
                0x0000000020000090                zero_tens
 .data.one_tens
                0x00000000200000a0        0xc ./Core/Src/led_functions.o
                0x00000000200000a0                one_tens
 .data.two_tens
                0x00000000200000ac       0x10 ./Core/Src/led_functions.o
                0x00000000200000ac                two_tens
 .data.three_tens
                0x00000000200000bc        0xe ./Core/Src/led_functions.o
                0x00000000200000bc                three_tens
 *fill*         0x00000000200000ca        0x2 
 .data.four_tens
                0x00000000200000cc       0x12 ./Core/Src/led_functions.o
                0x00000000200000cc                four_tens
 *fill*         0x00000000200000de        0x2 
 .data.five_tens
                0x00000000200000e0       0x14 ./Core/Src/led_functions.o
                0x00000000200000e0                five_tens
 .data.six_tens
                0x00000000200000f4       0x12 ./Core/Src/led_functions.o
                0x00000000200000f4                six_tens
 *fill*         0x0000000020000106        0x2 
 .data.seven_tens
                0x0000000020000108        0xc ./Core/Src/led_functions.o
                0x0000000020000108                seven_tens
 .data.eight_tens
                0x0000000020000114       0x1a ./Core/Src/led_functions.o
                0x0000000020000114                eight_tens
 *fill*         0x000000002000012e        0x2 
 .data.nine_tens
                0x0000000020000130       0x18 ./Core/Src/led_functions.o
                0x0000000020000130                nine_tens
 .data.zero_ones
                0x0000000020000148       0x10 ./Core/Src/led_functions.o
                0x0000000020000148                zero_ones
 .data.one_ones
                0x0000000020000158        0xc ./Core/Src/led_functions.o
                0x0000000020000158                one_ones
 .data.two_ones
                0x0000000020000164       0x10 ./Core/Src/led_functions.o
                0x0000000020000164                two_ones
 .data.three_ones
                0x0000000020000174        0xe ./Core/Src/led_functions.o
                0x0000000020000174                three_ones
 *fill*         0x0000000020000182        0x2 
 .data.four_ones
                0x0000000020000184       0x12 ./Core/Src/led_functions.o
                0x0000000020000184                four_ones
 *fill*         0x0000000020000196        0x2 
 .data.five_ones
                0x0000000020000198       0x14 ./Core/Src/led_functions.o
                0x0000000020000198                five_ones
 .data.six_ones
                0x00000000200001ac       0x12 ./Core/Src/led_functions.o
                0x00000000200001ac                six_ones
 *fill*         0x00000000200001be        0x2 
 .data.seven_ones
                0x00000000200001c0        0xc ./Core/Src/led_functions.o
                0x00000000200001c0                seven_ones
 .data.eight_ones
                0x00000000200001cc       0x1a ./Core/Src/led_functions.o
                0x00000000200001cc                eight_ones
 *fill*         0x00000000200001e6        0x2 
 .data.nine_ones
                0x00000000200001e8       0x18 ./Core/Src/led_functions.o
                0x00000000200001e8                nine_ones
 .data.one_hundreds
                0x0000000020000200        0x4 ./Core/Src/led_functions.o
                0x0000000020000200                one_hundreds
 .data.tens_digits
                0x0000000020000204       0x28 ./Core/Src/led_functions.o
                0x0000000020000204                tens_digits
 .data.ones_digits
                0x000000002000022c       0x28 ./Core/Src/led_functions.o
                0x000000002000022c                ones_digits
 .data.digit_sizes
                0x0000000020000254        0xa ./Core/Src/led_functions.o
                0x0000000020000254                digit_sizes
 *fill*         0x000000002000025e        0x2 
 .data.cathode_ports
                0x0000000020000260       0x20 ./Core/Src/led_functions.o
                0x0000000020000260                cathode_ports
 .data.cathode_pins
                0x0000000020000280       0x10 ./Core/Src/led_functions.o
                0x0000000020000280                cathode_pins
 .data.anode_ports
                0x0000000020000290       0x2c ./Core/Src/led_functions.o
                0x0000000020000290                anode_ports
 .data.anode_pins
                0x00000000200002bc       0x16 ./Core/Src/led_functions.o
                0x00000000200002bc                anode_pins
 .data.pulse_dir
                0x00000000200002d2        0x1 ./Core/Src/led_functions.o
                0x00000000200002d2                pulse_dir
 .data.low_flag
                0x00000000200002d3        0x1 ./Core/Src/main.o
                0x00000000200002d3                low_flag
 .data.heartbeat_freq
                0x00000000200002d4        0x2 ./Core/Src/main.o
                0x00000000200002d4                heartbeat_freq
 .data.calibration_high
                0x00000000200002d6        0x2 ./Core/Src/main.o
                0x00000000200002d6                calibration_high
 .data.calibration_low
                0x00000000200002d8        0x2 ./Core/Src/main.o
                0x00000000200002d8                calibration_low
 .data.button_prev
                0x00000000200002da        0x1 ./Core/Src/main.o
                0x00000000200002da                button_prev
 *fill*         0x00000000200002db        0x1 
 .data.SystemCoreClock
                0x00000000200002dc        0x4 ./Core/Src/system_stm32l0xx.o
                0x00000000200002dc                SystemCoreClock
 .data.uwTickPrio
                0x00000000200002e0        0x4 ./Drivers/STM32L0xx_HAL_Driver/Src/stm32l0xx_hal.o
                0x00000000200002e0                uwTickPrio
 .data.uwTickFreq
                0x00000000200002e4        0x1 ./Drivers/STM32L0xx_HAL_Driver/Src/stm32l0xx_hal.o
                0x00000000200002e4                uwTickFreq
 *fill*         0x00000000200002e5        0x3 
 .data.USBD_CDC_DeviceQualifierDesc
                0x00000000200002e8        0xa ./Middlewares/ST/STM32_USB_Device_Library/Class/CDC/Src/usbd_cdc.o
 *fill*         0x00000000200002f2        0x2 
 .data.USBD_CDC
                0x00000000200002f4       0x38 ./Middlewares/ST/STM32_USB_Device_Library/Class/CDC/Src/usbd_cdc.o
                0x00000000200002f4                USBD_CDC
 .data.USBD_CDC_CfgHSDesc
                0x000000002000032c       0x43 ./Middlewares/ST/STM32_USB_Device_Library/Class/CDC/Src/usbd_cdc.o
                0x000000002000032c                USBD_CDC_CfgHSDesc
 *fill*         0x000000002000036f        0x1 
 .data.USBD_CDC_CfgFSDesc
                0x0000000020000370       0x43 ./Middlewares/ST/STM32_USB_Device_Library/Class/CDC/Src/usbd_cdc.o
                0x0000000020000370                USBD_CDC_CfgFSDesc
 *fill*         0x00000000200003b3        0x1 
 .data.USBD_CDC_OtherSpeedCfgDesc
                0x00000000200003b4       0x43 ./Middlewares/ST/STM32_USB_Device_Library/Class/CDC/Src/usbd_cdc.o
                0x00000000200003b4                USBD_CDC_OtherSpeedCfgDesc
 *fill*         0x00000000200003f7        0x1 
 .data.USBD_Interface_fops_FS
                0x00000000200003f8       0x10 ./USB_DEVICE/App/usbd_cdc_if.o
                0x00000000200003f8                USBD_Interface_fops_FS
 .data.FS_Desc  0x0000000020000408       0x1c ./USB_DEVICE/App/usbd_desc.o
                0x0000000020000408                FS_Desc
 .data.USBD_FS_DeviceDesc
                0x0000000020000424       0x12 ./USB_DEVICE/App/usbd_desc.o
                0x0000000020000424                USBD_FS_DeviceDesc
 *fill*         0x0000000020000436        0x2 
 .data.USBD_LangIDDesc
                0x0000000020000438        0x4 ./USB_DEVICE/App/usbd_desc.o
                0x0000000020000438                USBD_LangIDDesc
 .data.USBD_StringSerial
                0x000000002000043c       0x1a ./USB_DEVICE/App/usbd_desc.o
                0x000000002000043c                USBD_StringSerial
 *fill*         0x0000000020000456        0x2 
 .data._impure_ptr
                0x0000000020000458        0x4 c:/st/stm32cubeide_1.10.1/stm32cubeide/plugins/com.st.stm32cube.ide.mcu.externaltools.gnu-tools-for-stm32.10.3-2021.10.win32_1.0.0.202111181127/tools/bin/../lib/gcc/arm-none-eabi/10.3.1/../../../../arm-none-eabi/lib/thumb/v6-m/nofp\libc_nano.a(lib_a-impure.o)
                0x0000000020000458                _impure_ptr
 .data.impure_data
                0x000000002000045c       0x60 c:/st/stm32cubeide_1.10.1/stm32cubeide/plugins/com.st.stm32cube.ide.mcu.externaltools.gnu-tools-for-stm32.10.3-2021.10.win32_1.0.0.202111181127/tools/bin/../lib/gcc/arm-none-eabi/10.3.1/../../../../arm-none-eabi/lib/thumb/v6-m/nofp\libc_nano.a(lib_a-impure.o)
 *(.RamFunc)
 *(.RamFunc*)
                0x00000000200004bc                . = ALIGN (0x4)
                0x00000000200004bc                _edata = .

.igot.plt       0x00000000200004bc        0x0 load address 0x000000000800b718
 .igot.plt      0x00000000200004bc        0x0 c:/st/stm32cubeide_1.10.1/stm32cubeide/plugins/com.st.stm32cube.ide.mcu.externaltools.gnu-tools-for-stm32.10.3-2021.10.win32_1.0.0.202111181127/tools/bin/../lib/gcc/arm-none-eabi/10.3.1/thumb/v6-m/nofp/crtbegin.o
                0x00000000200004bc                . = ALIGN (0x4)

.bss            0x00000000200004bc     0x1470 load address 0x000000000800b718
                0x00000000200004bc                _sbss = .
                0x00000000200004bc                __bss_start__ = _sbss
 *(.bss)
 .bss           0x00000000200004bc       0x1c c:/st/stm32cubeide_1.10.1/stm32cubeide/plugins/com.st.stm32cube.ide.mcu.externaltools.gnu-tools-for-stm32.10.3-2021.10.win32_1.0.0.202111181127/tools/bin/../lib/gcc/arm-none-eabi/10.3.1/thumb/v6-m/nofp/crtbegin.o
 *(.bss*)
 .bss.cathode_timers
                0x00000000200004d8       0x20 ./Core/Src/led_functions.o
                0x00000000200004d8                cathode_timers
 .bss.led_queue
                0x00000000200004f8       0xb2 ./Core/Src/led_functions.o
                0x00000000200004f8                led_queue
 .bss.queue_index
                0x00000000200005aa        0x1 ./Core/Src/led_functions.o
                0x00000000200005aa                queue_index
 .bss.queue_len
                0x00000000200005ab        0x1 ./Core/Src/led_functions.o
                0x00000000200005ab                queue_len
 .bss.pulse_step
                0x00000000200005ac        0x1 ./Core/Src/led_functions.o
                0x00000000200005ac                pulse_step
 *fill*         0x00000000200005ad        0x3 
 .bss.hadc      0x00000000200005b0       0x5c ./Core/Src/main.o
                0x00000000200005b0                hadc
 .bss.htim2     0x000000002000060c       0x40 ./Core/Src/main.o
                0x000000002000060c                htim2
 .bss.htim3     0x000000002000064c       0x40 ./Core/Src/main.o
                0x000000002000064c                htim3
 .bss.htim6     0x000000002000068c       0x40 ./Core/Src/main.o
                0x000000002000068c                htim6
 .bss.htim7     0x00000000200006cc       0x40 ./Core/Src/main.o
                0x00000000200006cc                htim7
 .bss.htim21    0x000000002000070c       0x40 ./Core/Src/main.o
                0x000000002000070c                htim21
 .bss.DEBUG_MODE
                0x000000002000074c        0x1 ./Core/Src/main.o
                0x000000002000074c                DEBUG_MODE
 *fill*         0x000000002000074d        0x3 
 .bss.adc_val   0x0000000020000750        0x4 ./Core/Src/main.o
                0x0000000020000750                adc_val
 .bss.prev_adc_val
                0x0000000020000754        0x4 ./Core/Src/main.o
                0x0000000020000754                prev_adc_val
 .bss.sample_flag
                0x0000000020000758        0x1 ./Core/Src/main.o
                0x0000000020000758                sample_flag
 .bss.high_flag
                0x0000000020000759        0x1 ./Core/Src/main.o
                0x0000000020000759                high_flag
 .bss.heartbeat_count
                0x000000002000075a        0x2 ./Core/Src/main.o
                0x000000002000075a                heartbeat_count
 .bss.calibration_count
                0x000000002000075c        0x2 ./Core/Src/main.o
                0x000000002000075c                calibration_count
 .bss.window_max
                0x000000002000075e        0x2 ./Core/Src/main.o
                0x000000002000075e                window_max
 .bss.window_min
                0x0000000020000760        0x2 ./Core/Src/main.o
                0x0000000020000760                window_min
 .bss.pattern_flag
                0x0000000020000762        0x1 ./Core/Src/main.o
                0x0000000020000762                pattern_flag
 .bss.button_flag
                0x0000000020000763        0x1 ./Core/Src/main.o
                0x0000000020000763                button_flag
 .bss.button_state
                0x0000000020000764        0x1 ./Core/Src/main.o
                0x0000000020000764                button_state
 .bss.pattern_select
                0x0000000020000765        0x1 ./Core/Src/main.o
                0x0000000020000765                pattern_select
 *fill*         0x0000000020000766        0x2 
 .bss.__sbrk_heap_end
                0x0000000020000768        0x4 ./Core/Src/sysmem.o
 .bss.uwTick    0x000000002000076c        0x4 ./Drivers/STM32L0xx_HAL_Driver/Src/stm32l0xx_hal.o
                0x000000002000076c                uwTick
 .bss.cfgidx.0  0x0000000020000770        0x1 ./Middlewares/ST/STM32_USB_Device_Library/Core/Src/usbd_ctlreq.o
 *fill*         0x0000000020000771        0x3 
 .bss.hUsbDeviceFS
                0x0000000020000774      0x2c4 ./USB_DEVICE/App/usb_device.o
                0x0000000020000774                hUsbDeviceFS
 .bss.UserRxBufferFS
                0x0000000020000a38      0x3e8 ./USB_DEVICE/App/usbd_cdc_if.o
                0x0000000020000a38                UserRxBufferFS
 .bss.UserTxBufferFS
                0x0000000020000e20      0x3e8 ./USB_DEVICE/App/usbd_cdc_if.o
                0x0000000020000e20                UserTxBufferFS
 .bss.USBD_StrDesc
                0x0000000020001208      0x200 ./USB_DEVICE/App/usbd_desc.o
                0x0000000020001208                USBD_StrDesc
 .bss.hpcd_USB_FS
                0x0000000020001408      0x2f4 ./USB_DEVICE/Target/usbd_conf.o
                0x0000000020001408                hpcd_USB_FS
 .bss.mem.0     0x00000000200016fc      0x220 ./USB_DEVICE/Target/usbd_conf.o
 .bss.__malloc_free_list
                0x000000002000191c        0x4 c:/st/stm32cubeide_1.10.1/stm32cubeide/plugins/com.st.stm32cube.ide.mcu.externaltools.gnu-tools-for-stm32.10.3-2021.10.win32_1.0.0.202111181127/tools/bin/../lib/gcc/arm-none-eabi/10.3.1/../../../../arm-none-eabi/lib/thumb/v6-m/nofp\libc_nano.a(lib_a-nano-mallocr.o)
                0x000000002000191c                __malloc_free_list
 .bss.__malloc_sbrk_start
                0x0000000020001920        0x4 c:/st/stm32cubeide_1.10.1/stm32cubeide/plugins/com.st.stm32cube.ide.mcu.externaltools.gnu-tools-for-stm32.10.3-2021.10.win32_1.0.0.202111181127/tools/bin/../lib/gcc/arm-none-eabi/10.3.1/../../../../arm-none-eabi/lib/thumb/v6-m/nofp\libc_nano.a(lib_a-nano-mallocr.o)
                0x0000000020001920                __malloc_sbrk_start
 .bss.errno     0x0000000020001924        0x4 c:/st/stm32cubeide_1.10.1/stm32cubeide/plugins/com.st.stm32cube.ide.mcu.externaltools.gnu-tools-for-stm32.10.3-2021.10.win32_1.0.0.202111181127/tools/bin/../lib/gcc/arm-none-eabi/10.3.1/../../../../arm-none-eabi/lib/thumb/v6-m/nofp\libc_nano.a(lib_a-reent.o)
                0x0000000020001924                errno
 .bss.__lock___malloc_recursive_mutex
                0x0000000020001928        0x1 c:/st/stm32cubeide_1.10.1/stm32cubeide/plugins/com.st.stm32cube.ide.mcu.externaltools.gnu-tools-for-stm32.10.3-2021.10.win32_1.0.0.202111181127/tools/bin/../lib/gcc/arm-none-eabi/10.3.1/../../../../arm-none-eabi/lib/thumb/v6-m/nofp\libc_nano.a(lib_a-lock.o)
                0x0000000020001928                __lock___malloc_recursive_mutex
 *(COMMON)
                0x000000002000192c                . = ALIGN (0x4)
 *fill*         0x0000000020001929        0x3 
                0x000000002000192c                _ebss = .
                0x000000002000192c                __bss_end__ = _ebss

._user_heap_stack
                0x000000002000192c      0x604 load address 0x000000000800b718
                0x0000000020001930                . = ALIGN (0x8)
 *fill*         0x000000002000192c        0x4 
                [!provide]                        PROVIDE (end = .)
                0x0000000020001930                PROVIDE (_end = .)
                0x0000000020001b30                . = (. + _Min_Heap_Size)
 *fill*         0x0000000020001930      0x200 
                0x0000000020001f30                . = (. + _Min_Stack_Size)
 *fill*         0x0000000020001b30      0x400 
                0x0000000020001f30                . = ALIGN (0x8)

/DISCARD/
 libc.a(*)
 libm.a(*)
 libgcc.a(*)

.ARM.attributes
                0x0000000000000000       0x28
 *(.ARM.attributes)
 .ARM.attributes
                0x0000000000000000       0x1e c:/st/stm32cubeide_1.10.1/stm32cubeide/plugins/com.st.stm32cube.ide.mcu.externaltools.gnu-tools-for-stm32.10.3-2021.10.win32_1.0.0.202111181127/tools/bin/../lib/gcc/arm-none-eabi/10.3.1/thumb/v6-m/nofp/crti.o
 .ARM.attributes
                0x000000000000001e       0x2c c:/st/stm32cubeide_1.10.1/stm32cubeide/plugins/com.st.stm32cube.ide.mcu.externaltools.gnu-tools-for-stm32.10.3-2021.10.win32_1.0.0.202111181127/tools/bin/../lib/gcc/arm-none-eabi/10.3.1/thumb/v6-m/nofp/crtbegin.o
 .ARM.attributes
                0x000000000000004a       0x2c ./Core/Src/led_functions.o
 .ARM.attributes
                0x0000000000000076       0x2c ./Core/Src/main.o
 .ARM.attributes
                0x00000000000000a2       0x2c ./Core/Src/stm32l0xx_hal_msp.o
 .ARM.attributes
                0x00000000000000ce       0x2c ./Core/Src/stm32l0xx_it.o
 .ARM.attributes
                0x00000000000000fa       0x2c ./Core/Src/sysmem.o
 .ARM.attributes
                0x0000000000000126       0x2c ./Core/Src/system_stm32l0xx.o
 .ARM.attributes
                0x0000000000000152       0x22 ./Core/Startup/startup_stm32l072cbtx.o
 .ARM.attributes
                0x0000000000000174       0x2c ./Drivers/STM32L0xx_HAL_Driver/Src/stm32l0xx_hal.o
 .ARM.attributes
                0x00000000000001a0       0x2c ./Drivers/STM32L0xx_HAL_Driver/Src/stm32l0xx_hal_adc.o
 .ARM.attributes
                0x00000000000001cc       0x2c ./Drivers/STM32L0xx_HAL_Driver/Src/stm32l0xx_hal_cortex.o
 .ARM.attributes
                0x00000000000001f8       0x2c ./Drivers/STM32L0xx_HAL_Driver/Src/stm32l0xx_hal_gpio.o
 .ARM.attributes
                0x0000000000000224       0x2c ./Drivers/STM32L0xx_HAL_Driver/Src/stm32l0xx_hal_pcd.o
 .ARM.attributes
                0x0000000000000250       0x2c ./Drivers/STM32L0xx_HAL_Driver/Src/stm32l0xx_hal_pcd_ex.o
 .ARM.attributes
                0x000000000000027c       0x2c ./Drivers/STM32L0xx_HAL_Driver/Src/stm32l0xx_hal_rcc.o
 .ARM.attributes
                0x00000000000002a8       0x2c ./Drivers/STM32L0xx_HAL_Driver/Src/stm32l0xx_hal_rcc_ex.o
 .ARM.attributes
                0x00000000000002d4       0x2c ./Drivers/STM32L0xx_HAL_Driver/Src/stm32l0xx_hal_tim.o
 .ARM.attributes
                0x0000000000000300       0x2c ./Drivers/STM32L0xx_HAL_Driver/Src/stm32l0xx_hal_tim_ex.o
 .ARM.attributes
                0x000000000000032c       0x2c ./Drivers/STM32L0xx_HAL_Driver/Src/stm32l0xx_ll_usb.o
 .ARM.attributes
                0x0000000000000358       0x2c ./Middlewares/ST/STM32_USB_Device_Library/Class/CDC/Src/usbd_cdc.o
 .ARM.attributes
                0x0000000000000384       0x2c ./Middlewares/ST/STM32_USB_Device_Library/Core/Src/usbd_core.o
 .ARM.attributes
                0x00000000000003b0       0x2c ./Middlewares/ST/STM32_USB_Device_Library/Core/Src/usbd_ctlreq.o
 .ARM.attributes
                0x00000000000003dc       0x2c ./Middlewares/ST/STM32_USB_Device_Library/Core/Src/usbd_ioreq.o
 .ARM.attributes
                0x0000000000000408       0x2c ./USB_DEVICE/App/usb_device.o
 .ARM.attributes
                0x0000000000000434       0x2c ./USB_DEVICE/App/usbd_cdc_if.o
 .ARM.attributes
                0x0000000000000460       0x2c ./USB_DEVICE/App/usbd_desc.o
 .ARM.attributes
                0x000000000000048c       0x2c ./USB_DEVICE/Target/usbd_conf.o
 .ARM.attributes
                0x00000000000004b8       0x2c c:/st/stm32cubeide_1.10.1/stm32cubeide/plugins/com.st.stm32cube.ide.mcu.externaltools.gnu-tools-for-stm32.10.3-2021.10.win32_1.0.0.202111181127/tools/bin/../lib/gcc/arm-none-eabi/10.3.1/../../../../arm-none-eabi/lib/thumb/v6-m/nofp\libc_nano.a(lib_a-errno.o)
 .ARM.attributes
                0x00000000000004e4       0x2c c:/st/stm32cubeide_1.10.1/stm32cubeide/plugins/com.st.stm32cube.ide.mcu.externaltools.gnu-tools-for-stm32.10.3-2021.10.win32_1.0.0.202111181127/tools/bin/../lib/gcc/arm-none-eabi/10.3.1/../../../../arm-none-eabi/lib/thumb/v6-m/nofp\libc_nano.a(lib_a-impure.o)
 .ARM.attributes
                0x0000000000000510       0x2c c:/st/stm32cubeide_1.10.1/stm32cubeide/plugins/com.st.stm32cube.ide.mcu.externaltools.gnu-tools-for-stm32.10.3-2021.10.win32_1.0.0.202111181127/tools/bin/../lib/gcc/arm-none-eabi/10.3.1/../../../../arm-none-eabi/lib/thumb/v6-m/nofp\libc_nano.a(lib_a-init.o)
 .ARM.attributes
                0x000000000000053c       0x2c c:/st/stm32cubeide_1.10.1/stm32cubeide/plugins/com.st.stm32cube.ide.mcu.externaltools.gnu-tools-for-stm32.10.3-2021.10.win32_1.0.0.202111181127/tools/bin/../lib/gcc/arm-none-eabi/10.3.1/../../../../arm-none-eabi/lib/thumb/v6-m/nofp\libc_nano.a(lib_a-memcpy-stub.o)
 .ARM.attributes
                0x0000000000000568       0x2c c:/st/stm32cubeide_1.10.1/stm32cubeide/plugins/com.st.stm32cube.ide.mcu.externaltools.gnu-tools-for-stm32.10.3-2021.10.win32_1.0.0.202111181127/tools/bin/../lib/gcc/arm-none-eabi/10.3.1/../../../../arm-none-eabi/lib/thumb/v6-m/nofp\libc_nano.a(lib_a-memset.o)
 .ARM.attributes
                0x0000000000000594       0x2c c:/st/stm32cubeide_1.10.1/stm32cubeide/plugins/com.st.stm32cube.ide.mcu.externaltools.gnu-tools-for-stm32.10.3-2021.10.win32_1.0.0.202111181127/tools/bin/../lib/gcc/arm-none-eabi/10.3.1/../../../../arm-none-eabi/lib/thumb/v6-m/nofp\libc_nano.a(lib_a-sprintf.o)
 .ARM.attributes
                0x00000000000005c0       0x2c c:/st/stm32cubeide_1.10.1/stm32cubeide/plugins/com.st.stm32cube.ide.mcu.externaltools.gnu-tools-for-stm32.10.3-2021.10.win32_1.0.0.202111181127/tools/bin/../lib/gcc/arm-none-eabi/10.3.1/../../../../arm-none-eabi/lib/thumb/v6-m/nofp\libc_nano.a(lib_a-nano-svfprintf.o)
 .ARM.attributes
                0x00000000000005ec       0x2c c:/st/stm32cubeide_1.10.1/stm32cubeide/plugins/com.st.stm32cube.ide.mcu.externaltools.gnu-tools-for-stm32.10.3-2021.10.win32_1.0.0.202111181127/tools/bin/../lib/gcc/arm-none-eabi/10.3.1/../../../../arm-none-eabi/lib/thumb/v6-m/nofp\libc_nano.a(lib_a-nano-vfprintf_i.o)
 .ARM.attributes
                0x0000000000000618       0x2c c:/st/stm32cubeide_1.10.1/stm32cubeide/plugins/com.st.stm32cube.ide.mcu.externaltools.gnu-tools-for-stm32.10.3-2021.10.win32_1.0.0.202111181127/tools/bin/../lib/gcc/arm-none-eabi/10.3.1/../../../../arm-none-eabi/lib/thumb/v6-m/nofp\libc_nano.a(lib_a-memchr-stub.o)
 .ARM.attributes
                0x0000000000000644       0x2c c:/st/stm32cubeide_1.10.1/stm32cubeide/plugins/com.st.stm32cube.ide.mcu.externaltools.gnu-tools-for-stm32.10.3-2021.10.win32_1.0.0.202111181127/tools/bin/../lib/gcc/arm-none-eabi/10.3.1/../../../../arm-none-eabi/lib/thumb/v6-m/nofp\libc_nano.a(lib_a-memmove.o)
 .ARM.attributes
                0x0000000000000670       0x2c c:/st/stm32cubeide_1.10.1/stm32cubeide/plugins/com.st.stm32cube.ide.mcu.externaltools.gnu-tools-for-stm32.10.3-2021.10.win32_1.0.0.202111181127/tools/bin/../lib/gcc/arm-none-eabi/10.3.1/../../../../arm-none-eabi/lib/thumb/v6-m/nofp\libc_nano.a(lib_a-nano-freer.o)
 .ARM.attributes
                0x000000000000069c       0x2c c:/st/stm32cubeide_1.10.1/stm32cubeide/plugins/com.st.stm32cube.ide.mcu.externaltools.gnu-tools-for-stm32.10.3-2021.10.win32_1.0.0.202111181127/tools/bin/../lib/gcc/arm-none-eabi/10.3.1/../../../../arm-none-eabi/lib/thumb/v6-m/nofp\libc_nano.a(lib_a-nano-mallocr.o)
 .ARM.attributes
                0x00000000000006c8       0x2c c:/st/stm32cubeide_1.10.1/stm32cubeide/plugins/com.st.stm32cube.ide.mcu.externaltools.gnu-tools-for-stm32.10.3-2021.10.win32_1.0.0.202111181127/tools/bin/../lib/gcc/arm-none-eabi/10.3.1/../../../../arm-none-eabi/lib/thumb/v6-m/nofp\libc_nano.a(lib_a-nano-reallocr.o)
 .ARM.attributes
                0x00000000000006f4       0x2c c:/st/stm32cubeide_1.10.1/stm32cubeide/plugins/com.st.stm32cube.ide.mcu.externaltools.gnu-tools-for-stm32.10.3-2021.10.win32_1.0.0.202111181127/tools/bin/../lib/gcc/arm-none-eabi/10.3.1/../../../../arm-none-eabi/lib/thumb/v6-m/nofp\libc_nano.a(lib_a-sbrkr.o)
 .ARM.attributes
                0x0000000000000720       0x2c c:/st/stm32cubeide_1.10.1/stm32cubeide/plugins/com.st.stm32cube.ide.mcu.externaltools.gnu-tools-for-stm32.10.3-2021.10.win32_1.0.0.202111181127/tools/bin/../lib/gcc/arm-none-eabi/10.3.1/../../../../arm-none-eabi/lib/thumb/v6-m/nofp\libc_nano.a(lib_a-mlock.o)
 .ARM.attributes
                0x000000000000074c       0x2c c:/st/stm32cubeide_1.10.1/stm32cubeide/plugins/com.st.stm32cube.ide.mcu.externaltools.gnu-tools-for-stm32.10.3-2021.10.win32_1.0.0.202111181127/tools/bin/../lib/gcc/arm-none-eabi/10.3.1/../../../../arm-none-eabi/lib/thumb/v6-m/nofp\libc_nano.a(lib_a-nano-msizer.o)
 .ARM.attributes
                0x0000000000000778       0x2c c:/st/stm32cubeide_1.10.1/stm32cubeide/plugins/com.st.stm32cube.ide.mcu.externaltools.gnu-tools-for-stm32.10.3-2021.10.win32_1.0.0.202111181127/tools/bin/../lib/gcc/arm-none-eabi/10.3.1/../../../../arm-none-eabi/lib/thumb/v6-m/nofp\libc_nano.a(lib_a-reent.o)
 .ARM.attributes
                0x00000000000007a4       0x2c c:/st/stm32cubeide_1.10.1/stm32cubeide/plugins/com.st.stm32cube.ide.mcu.externaltools.gnu-tools-for-stm32.10.3-2021.10.win32_1.0.0.202111181127/tools/bin/../lib/gcc/arm-none-eabi/10.3.1/../../../../arm-none-eabi/lib/thumb/v6-m/nofp\libc_nano.a(lib_a-lock.o)
 .ARM.attributes
                0x00000000000007d0       0x1e c:/st/stm32cubeide_1.10.1/stm32cubeide/plugins/com.st.stm32cube.ide.mcu.externaltools.gnu-tools-for-stm32.10.3-2021.10.win32_1.0.0.202111181127/tools/bin/../lib/gcc/arm-none-eabi/10.3.1/thumb/v6-m/nofp\libgcc.a(_thumb1_case_shi.o)
 .ARM.attributes
                0x00000000000007ee       0x1e c:/st/stm32cubeide_1.10.1/stm32cubeide/plugins/com.st.stm32cube.ide.mcu.externaltools.gnu-tools-for-stm32.10.3-2021.10.win32_1.0.0.202111181127/tools/bin/../lib/gcc/arm-none-eabi/10.3.1/thumb/v6-m/nofp\libgcc.a(_udivsi3.o)
 .ARM.attributes
                0x000000000000080c       0x1e c:/st/stm32cubeide_1.10.1/stm32cubeide/plugins/com.st.stm32cube.ide.mcu.externaltools.gnu-tools-for-stm32.10.3-2021.10.win32_1.0.0.202111181127/tools/bin/../lib/gcc/arm-none-eabi/10.3.1/thumb/v6-m/nofp\libgcc.a(_divsi3.o)
 .ARM.attributes
                0x000000000000082a       0x1e c:/st/stm32cubeide_1.10.1/stm32cubeide/plugins/com.st.stm32cube.ide.mcu.externaltools.gnu-tools-for-stm32.10.3-2021.10.win32_1.0.0.202111181127/tools/bin/../lib/gcc/arm-none-eabi/10.3.1/thumb/v6-m/nofp\libgcc.a(_dvmd_tls.o)
 .ARM.attributes
                0x0000000000000848       0x1e c:/st/stm32cubeide_1.10.1/stm32cubeide/plugins/com.st.stm32cube.ide.mcu.externaltools.gnu-tools-for-stm32.10.3-2021.10.win32_1.0.0.202111181127/tools/bin/../lib/gcc/arm-none-eabi/10.3.1/thumb/v6-m/nofp\libgcc.a(_aeabi_uldivmod.o)
 .ARM.attributes
                0x0000000000000866       0x2c c:/st/stm32cubeide_1.10.1/stm32cubeide/plugins/com.st.stm32cube.ide.mcu.externaltools.gnu-tools-for-stm32.10.3-2021.10.win32_1.0.0.202111181127/tools/bin/../lib/gcc/arm-none-eabi/10.3.1/thumb/v6-m/nofp\libgcc.a(_muldi3.o)
 .ARM.attributes
                0x0000000000000892       0x2c c:/st/stm32cubeide_1.10.1/stm32cubeide/plugins/com.st.stm32cube.ide.mcu.externaltools.gnu-tools-for-stm32.10.3-2021.10.win32_1.0.0.202111181127/tools/bin/../lib/gcc/arm-none-eabi/10.3.1/thumb/v6-m/nofp\libgcc.a(_udivmoddi4.o)
 .ARM.attributes
                0x00000000000008be       0x1e c:/st/stm32cubeide_1.10.1/stm32cubeide/plugins/com.st.stm32cube.ide.mcu.externaltools.gnu-tools-for-stm32.10.3-2021.10.win32_1.0.0.202111181127/tools/bin/../lib/gcc/arm-none-eabi/10.3.1/thumb/v6-m/nofp\libgcc.a(_clzdi2.o)
 .ARM.attributes
                0x00000000000008dc       0x1e c:/st/stm32cubeide_1.10.1/stm32cubeide/plugins/com.st.stm32cube.ide.mcu.externaltools.gnu-tools-for-stm32.10.3-2021.10.win32_1.0.0.202111181127/tools/bin/../lib/gcc/arm-none-eabi/10.3.1/thumb/v6-m/nofp\libgcc.a(_clzsi2.o)
 .ARM.attributes
                0x00000000000008fa       0x1e c:/st/stm32cubeide_1.10.1/stm32cubeide/plugins/com.st.stm32cube.ide.mcu.externaltools.gnu-tools-for-stm32.10.3-2021.10.win32_1.0.0.202111181127/tools/bin/../lib/gcc/arm-none-eabi/10.3.1/thumb/v6-m/nofp/crtn.o
OUTPUT(HeartSensorBoard.elf elf32-littlearm)
LOAD linker stubs
LOAD c:/st/stm32cubeide_1.10.1/stm32cubeide/plugins/com.st.stm32cube.ide.mcu.externaltools.gnu-tools-for-stm32.10.3-2021.10.win32_1.0.0.202111181127/tools/bin/../lib/gcc/arm-none-eabi/10.3.1/../../../../arm-none-eabi/lib/thumb/v6-m/nofp\libc.a
LOAD c:/st/stm32cubeide_1.10.1/stm32cubeide/plugins/com.st.stm32cube.ide.mcu.externaltools.gnu-tools-for-stm32.10.3-2021.10.win32_1.0.0.202111181127/tools/bin/../lib/gcc/arm-none-eabi/10.3.1/../../../../arm-none-eabi/lib/thumb/v6-m/nofp\libm.a