Archive member included to satisfy reference by file (symbol)

c:/st/stm32cubeide_1.10.1/stm32cubeide/plugins/com.st.stm32cube.ide.mcu.externaltools.gnu-tools-for-stm32.10.3-2021.10.win32_1.0.0.202111181127/tools/bin/../lib/gcc/arm-none-eabi/10.3.1/../../../../arm-none-eabi/lib/thumb/v6-m/nofp\libc_nano.a(lib_a-errno.o)
                              ./Core/Src/syscalls.o (__errno)
c:/st/stm32cubeide_1.10.1/stm32cubeide/plugins/com.st.stm32cube.ide.mcu.externaltools.gnu-tools-for-stm32.10.3-2021.10.win32_1.0.0.202111181127/tools/bin/../lib/gcc/arm-none-eabi/10.3.1/../../../../arm-none-eabi/lib/thumb/v6-m/nofp\libc_nano.a(lib_a-exit.o)
                              c:/st/stm32cubeide_1.10.1/stm32cubeide/plugins/com.st.stm32cube.ide.mcu.externaltools.gnu-tools-for-stm32.10.3-2021.10.win32_1.0.0.202111181127/tools/bin/../lib/gcc/arm-none-eabi/10.3.1/../../../../arm-none-eabi/lib/thumb/v6-m/nofp/crt0.o (exit)
c:/st/stm32cubeide_1.10.1/stm32cubeide/plugins/com.st.stm32cube.ide.mcu.externaltools.gnu-tools-for-stm32.10.3-2021.10.win32_1.0.0.202111181127/tools/bin/../lib/gcc/arm-none-eabi/10.3.1/../../../../arm-none-eabi/lib/thumb/v6-m/nofp\libc_nano.a(lib_a-impure.o)
                              c:/st/stm32cubeide_1.10.1/stm32cubeide/plugins/com.st.stm32cube.ide.mcu.externaltools.gnu-tools-for-stm32.10.3-2021.10.win32_1.0.0.202111181127/tools/bin/../lib/gcc/arm-none-eabi/10.3.1/../../../../arm-none-eabi/lib/thumb/v6-m/nofp\libc_nano.a(lib_a-exit.o) (_global_impure_ptr)
c:/st/stm32cubeide_1.10.1/stm32cubeide/plugins/com.st.stm32cube.ide.mcu.externaltools.gnu-tools-for-stm32.10.3-2021.10.win32_1.0.0.202111181127/tools/bin/../lib/gcc/arm-none-eabi/10.3.1/../../../../arm-none-eabi/lib/thumb/v6-m/nofp\libc_nano.a(lib_a-init.o)
                              c:/st/stm32cubeide_1.10.1/stm32cubeide/plugins/com.st.stm32cube.ide.mcu.externaltools.gnu-tools-for-stm32.10.3-2021.10.win32_1.0.0.202111181127/tools/bin/../lib/gcc/arm-none-eabi/10.3.1/../../../../arm-none-eabi/lib/thumb/v6-m/nofp/crt0.o (__libc_init_array)
c:/st/stm32cubeide_1.10.1/stm32cubeide/plugins/com.st.stm32cube.ide.mcu.externaltools.gnu-tools-for-stm32.10.3-2021.10.win32_1.0.0.202111181127/tools/bin/../lib/gcc/arm-none-eabi/10.3.1/../../../../arm-none-eabi/lib/thumb/v6-m/nofp\libc_nano.a(lib_a-memcpy-stub.o)
                              ./Core/Src/led_functions.o (memcpy)
c:/st/stm32cubeide_1.10.1/stm32cubeide/plugins/com.st.stm32cube.ide.mcu.externaltools.gnu-tools-for-stm32.10.3-2021.10.win32_1.0.0.202111181127/tools/bin/../lib/gcc/arm-none-eabi/10.3.1/../../../../arm-none-eabi/lib/thumb/v6-m/nofp\libc_nano.a(lib_a-memset.o)
                              c:/st/stm32cubeide_1.10.1/stm32cubeide/plugins/com.st.stm32cube.ide.mcu.externaltools.gnu-tools-for-stm32.10.3-2021.10.win32_1.0.0.202111181127/tools/bin/../lib/gcc/arm-none-eabi/10.3.1/../../../../arm-none-eabi/lib/thumb/v6-m/nofp/crt0.o (memset)
c:/st/stm32cubeide_1.10.1/stm32cubeide/plugins/com.st.stm32cube.ide.mcu.externaltools.gnu-tools-for-stm32.10.3-2021.10.win32_1.0.0.202111181127/tools/bin/../lib/gcc/arm-none-eabi/10.3.1/../../../../arm-none-eabi/lib/thumb/v6-m/nofp\libc_nano.a(lib_a-sprintf.o)
                              ./Core/Src/main.o (sprintf)
c:/st/stm32cubeide_1.10.1/stm32cubeide/plugins/com.st.stm32cube.ide.mcu.externaltools.gnu-tools-for-stm32.10.3-2021.10.win32_1.0.0.202111181127/tools/bin/../lib/gcc/arm-none-eabi/10.3.1/../../../../arm-none-eabi/lib/thumb/v6-m/nofp\libc_nano.a(lib_a-nano-svfprintf.o)
                              c:/st/stm32cubeide_1.10.1/stm32cubeide/plugins/com.st.stm32cube.ide.mcu.externaltools.gnu-tools-for-stm32.10.3-2021.10.win32_1.0.0.202111181127/tools/bin/../lib/gcc/arm-none-eabi/10.3.1/../../../../arm-none-eabi/lib/thumb/v6-m/nofp\libc_nano.a(lib_a-sprintf.o) (_svfprintf_r)
c:/st/stm32cubeide_1.10.1/stm32cubeide/plugins/com.st.stm32cube.ide.mcu.externaltools.gnu-tools-for-stm32.10.3-2021.10.win32_1.0.0.202111181127/tools/bin/../lib/gcc/arm-none-eabi/10.3.1/../../../../arm-none-eabi/lib/thumb/v6-m/nofp\libc_nano.a(lib_a-nano-vfprintf_i.o)
                              c:/st/stm32cubeide_1.10.1/stm32cubeide/plugins/com.st.stm32cube.ide.mcu.externaltools.gnu-tools-for-stm32.10.3-2021.10.win32_1.0.0.202111181127/tools/bin/../lib/gcc/arm-none-eabi/10.3.1/../../../../arm-none-eabi/lib/thumb/v6-m/nofp\libc_nano.a(lib_a-nano-svfprintf.o) (_printf_i)
c:/st/stm32cubeide_1.10.1/stm32cubeide/plugins/com.st.stm32cube.ide.mcu.externaltools.gnu-tools-for-stm32.10.3-2021.10.win32_1.0.0.202111181127/tools/bin/../lib/gcc/arm-none-eabi/10.3.1/../../../../arm-none-eabi/lib/thumb/v6-m/nofp\libc_nano.a(lib_a-memchr-stub.o)
                              c:/st/stm32cubeide_1.10.1/stm32cubeide/plugins/com.st.stm32cube.ide.mcu.externaltools.gnu-tools-for-stm32.10.3-2021.10.win32_1.0.0.202111181127/tools/bin/../lib/gcc/arm-none-eabi/10.3.1/../../../../arm-none-eabi/lib/thumb/v6-m/nofp\libc_nano.a(lib_a-nano-svfprintf.o) (memchr)
[...]
Memory Configuration

Name             Origin             Length             Attributes
RAM              0x0000000020000000 0x0000000000005000 xrw
FLASH            0x0000000008000000 0x0000000000020000 xr
*default*        0x0000000000000000 0xffffffffffffffff

Linker script and memory map

LOAD c:/st/stm32cubeide_1.10.1/stm32cubeide/plugins/com.st.stm32cube.ide.mcu.externaltools.gnu-tools-for-stm32.10.3-2021.10.win32_1.0.0.202111181127/tools/bin/../lib/gcc/arm-none-eabi/10.3.1/thumb/v6-m/nofp/crti.o
LOAD c:/st/stm32cubeide_1.10.1/stm32cubeide/plugins/com.st.stm32cube.ide.mcu.externaltools.gnu-tools-for-stm32.10.3-2021.10.win32_1.0.0.202111181127/tools/bin/../lib/gcc/arm-none-eabi/10.3.1/thumb/v6-m/nofp/crtbegin.o
LOAD c:/st/stm32cubeide_1.10.1/stm32cubeide/plugins/com.st.stm32cube.ide.mcu.externaltools.gnu-tools-for-stm32.10.3-2021.10.win32_1.0.0.202111181127/tools/bin/../lib/gcc/arm-none-eabi/10.3.1/../../../../arm-none-eabi/lib/thumb/v6-m/nofp/crt0.o
LOAD ./Core/Src/led_functions.o
LOAD ./Core/Src/main.o
LOAD ./Core/Src/stm32l0xx_hal_msp.o
LOAD ./Core/Src/stm32l0xx_it.o
LOAD ./Core/Src/syscalls.o
LOAD ./Core/Src/sysmem.o
LOAD ./Core/Src/system_stm32l0xx.o
LOAD ./Core/Startup/startup_stm32l072cbtx.o
LOAD ./Drivers/STM32L0xx_HAL_Driver/Src/stm32l0xx_hal.o
LOAD ./Drivers/STM32L0xx_HAL_Driver/Src/stm32l0xx_hal_adc.o
LOAD ./Drivers/STM32L0xx_HAL_Driver/Src/stm32l0xx_hal_adc_ex.o
LOAD ./Drivers/STM32L0xx_HAL_Driver/Src/stm32l0xx_hal_cortex.o
LOAD ./Drivers/STM32L0xx_HAL_Driver/Src/stm32l0xx_hal_dma.o
LOAD ./Drivers/STM32L0xx_HAL_Driver/Src/stm32l0xx_hal_exti.o
LOAD ./Drivers/STM32L0xx_HAL_Driver/Src/stm32l0xx_hal_flash.o
LOAD ./Drivers/STM32L0xx_HAL_Driver/Src/stm32l0xx_hal_flash_ex.o
LOAD ./Drivers/STM32L0xx_HAL_Driver/Src/stm32l0xx_hal_flash_ramfunc.o
LOAD ./Drivers/STM32L0xx_HAL_Driver/Src/stm32l0xx_hal_gpio.o
LOAD ./Drivers/STM32L0xx_HAL_Driver/Src/stm32l0xx_hal_i2c.o
LOAD ./Drivers/STM32L0xx_HAL_Driver/Src/stm32l0xx_hal_i2c_ex.o
LOAD ./Drivers/STM32L0xx_HAL_Driver/Src/stm32l0xx_hal_pcd.o
LOAD ./Drivers/STM32L0xx_HAL_Driver/Src/stm32l0xx_hal_pcd_ex.o
LOAD ./Drivers/STM32L0xx_HAL_Driver/Src/stm32l0xx_hal_pwr.o
LOAD ./Drivers/STM32L0xx_HAL_Driver/Src/stm32l0xx_hal_pwr_ex.o
LOAD ./Drivers/STM32L0xx_HAL_Driver/Src/stm32l0xx_hal_rcc.o
LOAD ./Drivers/STM32L0xx_HAL_Driver/Src/stm32l0xx_hal_rcc_ex.o
LOAD ./Drivers/STM32L0xx_HAL_Driver/Src/stm32l0xx_hal_tim.o
LOAD ./Drivers/STM32L0xx_HAL_Driver/Src/stm32l0xx_hal_tim_ex.o
LOAD ./Drivers/STM32L0xx_HAL_Driver/Src/stm32l0xx_ll_usb.o
LOAD ./Middlewares/ST/STM32_USB_Device_Library/Class/CDC/Src/usbd_cdc.o
LOAD ./Middlewares/ST/STM32_USB_Device_Library/Core/Src/usbd_core.o
LOAD ./Middlewares/ST/STM32_USB_Device_Library/Core/Src/usbd_ctlreq.o
LOAD ./Middlewares/ST/STM32_USB_Device_Library/Core/Src/usbd_ioreq.o
LOAD ./USB_DEVICE/App/usb_device.o
LOAD ./USB_DEVICE/App/usbd_cdc_if.o
LOAD ./USB_DEVICE/App/usbd_desc.o
LOAD ./USB_DEVICE/Target/usbd_conf.o
START GROUP
LOAD c:/st/stm32cubeide_1.10.1/stm32cubeide/plugins/com.st.stm32cube.ide.mcu.externaltools.gnu-tools-for-stm32.10.3-2021.10.win32_1.0.0.202111181127/tools/bin/../lib/gcc/arm-none-eabi/10.3.1/../../../../arm-none-eabi/lib/thumb/v6-m/nofp\libc_nano.a
LOAD c:/st/stm32cubeide_1.10.1/stm32cubeide/plugins/com.st.stm32cube.ide.mcu.externaltools.gnu-tools-for-stm32.10.3-2021.10.win32_1.0.0.202111181127/tools/bin/../lib/gcc/arm-none-eabi/10.3.1/../../../../arm-none-eabi/lib/thumb/v6-m/nofp\libm.a
END GROUP
START GROUP
LOAD c:/st/stm32cubeide_1.10.1/stm32cubeide/plugins/com.st.stm32cube.ide.mcu.externaltools.gnu-tools-for-stm32.10.3-2021.10.win32_1.0.0.202111181127/tools/bin/../lib/gcc/arm-none-eabi/10.3.1/thumb/v6-m/nofp\libgcc.a
LOAD c:/st/stm32cubeide_1.10.1/stm32cubeide/plugins/com.st.stm32cube.ide.mcu.externaltools.gnu-tools-for-stm32.10.3-2021.10.win32_1.0.0.202111181127/tools/bin/../lib/gcc/arm-none-eabi/10.3.1/../../../../arm-none-eabi/lib/thumb/v6-m/nofp\libc_nano.a
END GROUP
START GROUP
LOAD c:/st/stm32cubeide_1.10.1/stm32cubeide/plugins/com.st.stm32cube.ide.mcu.externaltools.gnu-tools-for-stm32.10.3-2021.10.win32_1.0.0.202111181127/tools/bin/../lib/gcc/arm-none-eabi/10.3.1/thumb/v6-m/nofp\libgcc.a
LOAD c:/st/stm32cubeide_1.10.1/stm32cubeide/plugins/com.st.stm32cube.ide.mcu.externaltools.gnu-tools-for-stm32.10.3-2021.10.win32_1.0.0.202111181127/tools/bin/../lib/gcc/arm-none-eabi/10.3.1/../../../../arm-none-eabi/lib/thumb/v6-m/nofp\libc_nano.a
LOAD c:/st/stm32cubeide_1.10.1/stm32cubeide/plugins/com.st.stm32cube.ide.mcu.externaltools.gnu-tools-for-stm32.10.3-2021.10.win32_1.0.0.202111181127/tools/bin/../lib/gcc/arm-none-eabi/10.3.1/../../../../arm-none-eabi/lib/thumb/v6-m/nofp\libnosys.a
END GROUP
START GROUP
LOAD c:/st/stm32cubeide_1.10.1/stm32cubeide/plugins/com.st.stm32cube.ide.mcu.externaltools.gnu-tools-for-stm32.10.3-2021.10.win32_1.0.0.202111181127/tools/bin/../lib/gcc/arm-none-eabi/10.3.1/thumb/v6-m/nofp\libgcc.a
LOAD c:/st/stm32cubeide_1.10.1/stm32cubeide/plugins/com.st.stm32cube.ide.mcu.externaltools.gnu-tools-for-stm32.10.3-2021.10.win32_1.0.0.202111181127/tools/bin/../lib/gcc/arm-none-eabi/10.3.1/../../../../arm-none-eabi/lib/thumb/v6-m/nofp\libc_nano.a
LOAD c:/st/stm32cubeide_1.10.1/stm32cubeide/plugins/com.st.stm32cube.ide.mcu.externaltools.gnu-tools-for-stm32.10.3-2021.10.win32_1.0.0.202111181127/tools/bin/../lib/gcc/arm-none-eabi/10.3.1/../../../../arm-none-eabi/lib/thumb/v6-m/nofp\libnosys.a
END GROUP
LOAD c:/st/stm32cubeide_1.10.1/stm32cubeide/plugins/com.st.stm32cube.ide.mcu.externaltools.gnu-tools-for-stm32.10.3-2021.10.win32_1.0.0.202111181127/tools/bin/../lib/gcc/arm-none-eabi/10.3.1/thumb/v6-m/nofp/crtend.o
LOAD c:/st/stm32cubeide_1.10.1/stm32cubeide/plugins/com.st.stm32cube.ide.mcu.externaltools.gnu-tools-for-stm32.10.3-2021.10.win32_1.0.0.202111181127/tools/bin/../lib/gcc/arm-none-eabi/10.3.1/thumb/v6-m/nofp/crtn.o
                0x0000000020005000                _estack = (ORIGIN (RAM) + LENGTH (RAM))
                0x0000000000000200                _Min_Heap_Size = 0x200
                0x0000000000000400                _Min_Stack_Size = 0x400

.isr_vector     0x0000000008000000       0xc0
                0x0000000008000000                . = ALIGN (0x4)
 *(.isr_vector)
 .isr_vector    0x0000000008000000       0xc0 ./Core/Startup/startup_stm32l072cbtx.o
                0x0000000008000000                g_pfnVectors
                0x00000000080000c0                . = ALIGN (0x4)

.text           0x00000000080000c0     0xa8f0
                0x00000000080000c0                . = ALIGN (0x4)
 *(.text)
 .text          0x00000000080000c0       0x48 c:/st/stm32cubeide_1.10.1/stm32cubeide/plugins/com.st.stm32cube.ide.mcu.externaltools.gnu-tools-for-stm32.10.3-2021.10.win32_1.0.0.202111181127/tools/bin/../lib/gcc/arm-none-eabi/10.3.1/thumb/v6-m/nofp/crtbegin.o
 .text          0x0000000008000108       0x14 c:/st/stm32cubeide_1.10.1/stm32cubeide/plugins/com.st.stm32cube.ide.mcu.externaltools.gnu-tools-for-stm32.10.3-2021.10.win32_1.0.0.202111181127/tools/bin/../lib/gcc/arm-none-eabi/10.3.1/thumb/v6-m/nofp\libgcc.a(_thumb1_case_shi.o)
                0x0000000008000108                __gnu_thumb1_case_shi
 .text          0x000000000800011c      0x114 c:/st/stm32cubeide_1.10.1/stm32cubeide/plugins/com.st.stm32cube.ide.mcu.externaltools.gnu-tools-for-stm32.10.3-2021.10.win32_1.0.0.202111181127/tools/bin/../lib/gcc/arm-none-eabi/10.3.1/thumb/v6-m/nofp\libgcc.a(_udivsi3.o)
                0x000000000800011c                __aeabi_uidiv
                0x000000000800011c                __udivsi3
                0x0000000008000228                __aeabi_uidivmod
 .text          0x0000000008000230      0x1d4 c:/st/stm32cubeide_1.10.1/stm32cubeide/plugins/com.st.stm32cube.ide.mcu.externaltools.gnu-tools-for-stm32.10.3-2021.10.win32_1.0.0.202111181127/tools/bin/../lib/gcc/arm-none-eabi/10.3.1/thumb/v6-m/nofp\libgcc.a(_divsi3.o)
                0x0000000008000230                __divsi3
                0x0000000008000230                __aeabi_idiv
                0x00000000080003fc                __aeabi_idivmod
 .text          0x0000000008000404        0x4 c:/st/stm32cubeide_1.10.1/stm32cubeide/plugins/com.st.stm32cube.ide.mcu.externaltools.gnu-tools-for-stm32.10.3-2021.10.win32_1.0.0.202111181127/tools/bin/../lib/gcc/arm-none-eabi/10.3.1/thumb/v6-m/nofp\libgcc.a(_dvmd_tls.o)
                0x0000000008000404                __aeabi_idiv0
                0x0000000008000404                __aeabi_ldiv0
 .text          0x0000000008000408       0x40 c:/st/stm32cubeide_1.10.1/stm32cubeide/plugins/com.st.stm32cube.ide.mcu.externaltools.gnu-tools-for-stm32.10.3-2021.10.win32_1.0.0.202111181127/tools/bin/../lib/gcc/arm-none-eabi/10.3.1/thumb/v6-m/nofp\libgcc.a(_aeabi_uldivmod.o)
                0x0000000008000408                __aeabi_uldivmod
 .text          0x0000000008000448       0x5c c:/st/stm32cubeide_1.10.1/stm32cubeide/plugins/com.st.stm32cube.ide.mcu.externaltools.gnu-tools-for-stm32.10.3-2021.10.win32_1.0.0.202111181127/tools/bin/../lib/gcc/arm-none-eabi/10.3.1/thumb/v6-m/nofp\libgcc.a(_muldi3.o)
                0x0000000008000448                __muldi3
                0x0000000008000448                __aeabi_lmul
 .text          0x00000000080004a4      0x198 c:/st/stm32cubeide_1.10.1/stm32cubeide/plugins/com.st.stm32cube.ide.mcu.externaltools.gnu-tools-for-stm32.10.3-2021.10.win32_1.0.0.202111181127/tools/bin/../lib/gcc/arm-none-eabi/10.3.1/thumb/v6-m/nofp\libgcc.a(_udivmoddi4.o)
                0x00000000080004a4                __udivmoddi4
 .text          0x000000000800063c       0x18 c:/st/stm32cubeide_1.10.1/stm32cubeide/plugins/com.st.stm32cube.ide.mcu.externaltools.gnu-tools-for-stm32.10.3-2021.10.win32_1.0.0.202111181127/tools/bin/../lib/gcc/arm-none-eabi/10.3.1/thumb/v6-m/nofp\libgcc.a(_clzdi2.o)
                0x000000000800063c                __clzdi2
 .text          0x0000000008000654       0x3c c:/st/stm32cubeide_1.10.1/stm32cubeide/plugins/com.st.stm32cube.ide.mcu.externaltools.gnu-tools-for-stm32.10.3-2021.10.win32_1.0.0.202111181127/tools/bin/../lib/gcc/arm-none-eabi/10.3.1/thumb/v6-m/nofp\libgcc.a(_clzsi2.o)
                0x0000000008000654                __clzsi2
 *(.text*)
 .text.TurnOnLED
                0x0000000008000690       0x64 ./Core/Src/led_functions.o
                0x0000000008000690                TurnOnLED
 .text.TurnOffLED
                0x00000000080006f4       0x64 ./Core/Src/led_functions.o
                0x00000000080006f4                TurnOffLED
 .text.SetLEDQueue
                0x0000000008000758       0x44 ./Core/Src/led_functions.o
                0x0000000008000758                SetLEDQueue
 .text.AddToLEDQueue
                0x000000000800079c       0x4c ./Core/Src/led_functions.o
                0x000000000800079c                AddToLEDQueue
 .text.HandleLEDQueue
                0x00000000080007e8       0xdc ./Core/Src/led_functions.o
                0x00000000080007e8                HandleLEDQueue
 .text.PulseHandler
                0x00000000080008c4       0x88 ./Core/Src/led_functions.o
                0x00000000080008c4                PulseHandler
 .text.PulseHandlerKeepOn
                0x000000000800094c       0xd0 ./Core/Src/led_functions.o
                0x000000000800094c                PulseHandlerKeepOn
 .text.TurnAllOff
                0x0000000008000a1c       0x5c ./Core/Src/led_functions.o
                0x0000000008000a1c                TurnAllOff
 .text.ResetIndexes
                0x0000000008000a78       0x38 ./Core/Src/led_functions.o
                0x0000000008000a78                ResetIndexes
 .text.main     0x0000000008000ab0      0x2c0 ./Core/Src/main.o
                0x0000000008000ab0                main
 .text.SystemClock_Config
                0x0000000008000d70       0xe8 ./Core/Src/main.o
                0x0000000008000d70                SystemClock_Config
 .text.MX_ADC_Init
                0x0000000008000e58       0xdc ./Core/Src/main.o
 .text.MX_TIM2_Init
                0x0000000008000f34       0xa4 ./Core/Src/main.o
 .text.MX_TIM3_Init
                0x0000000008000fd8       0xa8 ./Core/Src/main.o
 .text.MX_TIM6_Init
                0x0000000008001080       0x78 ./Core/Src/main.o
 .text.MX_TIM7_Init
                0x00000000080010f8       0x74 ./Core/Src/main.o
 .text.MX_TIM21_Init
                0x000000000800116c       0xfc ./Core/Src/main.o
 .text.MX_GPIO_Init
                0x0000000008001268      0x134 ./Core/Src/main.o
 .text.HAL_TIM_PeriodElapsedCallback
                0x000000000800139c       0xa8 ./Core/Src/main.o
                0x000000000800139c                HAL_TIM_PeriodElapsedCallback
 .text.Error_Handler
                0x0000000008001444        0xa ./Core/Src/main.o
                0x0000000008001444                Error_Handler
 *fill*         0x000000000800144e        0x2 
 .text.HAL_MspInit
                0x0000000008001450       0x28 ./Core/Src/stm32l0xx_hal_msp.o
                0x0000000008001450                HAL_MspInit
 .text.HAL_ADC_MspInit
                0x0000000008001478       0x78 ./Core/Src/stm32l0xx_hal_msp.o
                0x0000000008001478                HAL_ADC_MspInit
 .text.HAL_TIM_Base_MspInit
                0x00000000080014f0       0xcc ./Core/Src/stm32l0xx_hal_msp.o
                0x00000000080014f0                HAL_TIM_Base_MspInit
 .text.NMI_Handler
                0x00000000080015bc        0x6 ./Core/Src/stm32l0xx_it.o
                0x00000000080015bc                NMI_Handler
 .text.HardFault_Handler
                0x00000000080015c2        0x6 ./Core/Src/stm32l0xx_it.o
                0x00000000080015c2                HardFault_Handler
 .text.SVC_Handler
                0x00000000080015c8        0xa ./Core/Src/stm32l0xx_it.o
                0x00000000080015c8                SVC_Handler
 .text.PendSV_Handler
                0x00000000080015d2        0xa ./Core/Src/stm32l0xx_it.o
                0x00000000080015d2                PendSV_Handler
 .text.SysTick_Handler
                0x00000000080015dc        0xe ./Core/Src/stm32l0xx_it.o
                0x00000000080015dc                SysTick_Handler
 *fill*         0x00000000080015ea        0x2 
 .text.TIM6_DAC_IRQHandler
                0x00000000080015ec       0x18 ./Core/Src/stm32l0xx_it.o
                0x00000000080015ec                TIM6_DAC_IRQHandler
 .text.TIM7_IRQHandler
                0x0000000008001604       0x18 ./Core/Src/stm32l0xx_it.o
                0x0000000008001604                TIM7_IRQHandler
 .text.TIM21_IRQHandler
                0x000000000800161c       0x18 ./Core/Src/stm32l0xx_it.o
                0x000000000800161c                TIM21_IRQHandler
 .text.USB_IRQHandler
                0x0000000008001634       0x18 ./Core/Src/stm32l0xx_it.o
                0x0000000008001634                USB_IRQHandler
 .text._sbrk    0x000000000800164c       0x6c ./Core/Src/sysmem.o
                0x000000000800164c                _sbrk
 .text.SystemInit
                0x00000000080016b8        0xa ./Core/Src/system_stm32l0xx.o
                0x00000000080016b8                SystemInit
 *fill*         0x00000000080016c2        0x2 
 .text.Reset_Handler
                0x00000000080016c4       0x50 ./Core/Startup/startup_stm32l072cbtx.o
                0x00000000080016c4                Reset_Handler
 .text.Default_Handler
                0x0000000008001714        0x2 ./Core/Startup/startup_stm32l072cbtx.o
                0x0000000008001714                TSC_IRQHandler
                0x0000000008001714                ADC1_COMP_IRQHandler
                0x0000000008001714                PVD_IRQHandler
                0x0000000008001714                I2C1_IRQHandler
                0x0000000008001714                RCC_CRS_IRQHandler
                0x0000000008001714                SPI1_IRQHandler
                0x0000000008001714                EXTI2_3_IRQHandler
                0x0000000008001714                I2C2_IRQHandler
                0x0000000008001714                RTC_IRQHandler
                0x0000000008001714                DMA1_Channel4_5_6_7_IRQHandler
                0x0000000008001714                TIM3_IRQHandler
                0x0000000008001714                EXTI4_15_IRQHandler
                0x0000000008001714                DMA1_Channel1_IRQHandler
                0x0000000008001714                USART4_5_IRQHandler
                0x0000000008001714                Default_Handler
                0x0000000008001714                TIM22_IRQHandler
                0x0000000008001714                EXTI0_1_IRQHandler
                0x0000000008001714                I2C3_IRQHandler
                0x0000000008001714                SPI2_IRQHandler
                0x0000000008001714                WWDG_IRQHandler
                0x0000000008001714                TIM2_IRQHandler
                0x0000000008001714                DMA1_Channel2_3_IRQHandler
                0x0000000008001714                USART2_IRQHandler
                0x0000000008001714                FLASH_IRQHandler
                0x0000000008001714                USART1_IRQHandler
                0x0000000008001714                RNG_LPUART1_IRQHandler
                0x0000000008001714                LPTIM1_IRQHandler
 *fill*         0x0000000008001716        0x2 
 .text.HAL_Init
                0x0000000008001718       0x40 ./Drivers/STM32L0xx_HAL_Driver/Src/stm32l0xx_hal.o
                0x0000000008001718                HAL_Init
 .text.HAL_InitTick
                0x0000000008001758       0x68 ./Drivers/STM32L0xx_HAL_Driver/Src/stm32l0xx_hal.o
                0x0000000008001758                HAL_InitTick
 .text.HAL_IncTick
                0x00000000080017c0       0x24 ./Drivers/STM32L0xx_HAL_Driver/Src/stm32l0xx_hal.o
                0x00000000080017c0                HAL_IncTick
 .text.HAL_GetTick
                0x00000000080017e4       0x14 ./Drivers/STM32L0xx_HAL_Driver/Src/stm32l0xx_hal.o
                0x00000000080017e4                HAL_GetTick
 .text.HAL_ADC_Init
                0x00000000080017f8      0x2e8 ./Drivers/STM32L0xx_HAL_Driver/Src/stm32l0xx_hal_adc.o
                0x00000000080017f8                HAL_ADC_Init
 .text.HAL_ADC_Start
                0x0000000008001ae0       0xa8 ./Drivers/STM32L0xx_HAL_Driver/Src/stm32l0xx_hal_adc.o
                0x0000000008001ae0                HAL_ADC_Start
 .text.HAL_ADC_PollForConversion
                0x0000000008001b88      0x138 ./Drivers/STM32L0xx_HAL_Driver/Src/stm32l0xx_hal_adc.o
                0x0000000008001b88                HAL_ADC_PollForConversion
 .text.HAL_ADC_GetValue
                0x0000000008001cc0       0x16 ./Drivers/STM32L0xx_HAL_Driver/Src/stm32l0xx_hal_adc.o
                0x0000000008001cc0                HAL_ADC_GetValue
 *fill*         0x0000000008001cd6        0x2 
 .text.HAL_ADC_ConfigChannel
                0x0000000008001cd8      0x10c ./Drivers/STM32L0xx_HAL_Driver/Src/stm32l0xx_hal_adc.o
                0x0000000008001cd8                HAL_ADC_ConfigChannel
 .text.ADC_Enable
                0x0000000008001de4       0xd0 ./Drivers/STM32L0xx_HAL_Driver/Src/stm32l0xx_hal_adc.o
 .text.ADC_DelayMicroSecond
                0x0000000008001eb4       0x40 ./Drivers/STM32L0xx_HAL_Driver/Src/stm32l0xx_hal_adc.o
 .text.__NVIC_EnableIRQ
                0x0000000008001ef4       0x34 ./Drivers/STM32L0xx_HAL_Driver/Src/stm32l0xx_hal_cortex.o
 .text.__NVIC_SetPriority
                0x0000000008001f28       0xdc ./Drivers/STM32L0xx_HAL_Driver/Src/stm32l0xx_hal_cortex.o
 .text.SysTick_Config
                0x0000000008002004       0x48 ./Drivers/STM32L0xx_HAL_Driver/Src/stm32l0xx_hal_cortex.o
 .text.HAL_NVIC_SetPriority
                0x000000000800204c       0x2a ./Drivers/STM32L0xx_HAL_Driver/Src/stm32l0xx_hal_cortex.o
                0x000000000800204c                HAL_NVIC_SetPriority
 .text.HAL_NVIC_EnableIRQ
                0x0000000008002076       0x20 ./Drivers/STM32L0xx_HAL_Driver/Src/stm32l0xx_hal_cortex.o
                0x0000000008002076                HAL_NVIC_EnableIRQ
 .text.HAL_SYSTICK_Config
                0x0000000008002096       0x1a ./Drivers/STM32L0xx_HAL_Driver/Src/stm32l0xx_hal_cortex.o
                0x0000000008002096                HAL_SYSTICK_Config
 .text.HAL_GPIO_Init
                0x00000000080020b0      0x2fc ./Drivers/STM32L0xx_HAL_Driver/Src/stm32l0xx_hal_gpio.o
                0x00000000080020b0                HAL_GPIO_Init
 .text.HAL_GPIO_ReadPin
                0x00000000080023ac       0x3a ./Drivers/STM32L0xx_HAL_Driver/Src/stm32l0xx_hal_gpio.o
                0x00000000080023ac                HAL_GPIO_ReadPin
 .text.HAL_GPIO_WritePin
                0x00000000080023e6       0x3a ./Drivers/STM32L0xx_HAL_Driver/Src/stm32l0xx_hal_gpio.o
                0x00000000080023e6                HAL_GPIO_WritePin
 .text.HAL_PCD_Init
                0x0000000008002420      0x200 ./Drivers/STM32L0xx_HAL_Driver/Src/stm32l0xx_hal_pcd.o
                0x0000000008002420                HAL_PCD_Init
 .text.HAL_PCD_Start
                0x0000000008002620       0x4a ./Drivers/STM32L0xx_HAL_Driver/Src/stm32l0xx_hal_pcd.o
                0x0000000008002620                HAL_PCD_Start
 *fill*         0x000000000800266a        0x2 
 .text.HAL_PCD_IRQHandler
                0x000000000800266c      0x288 ./Drivers/STM32L0xx_HAL_Driver/Src/stm32l0xx_hal_pcd.o
                0x000000000800266c                HAL_PCD_IRQHandler
 .text.HAL_PCD_SetAddress
                0x00000000080028f4       0x56 ./Drivers/STM32L0xx_HAL_Driver/Src/stm32l0xx_hal_pcd.o
                0x00000000080028f4                HAL_PCD_SetAddress
 .text.HAL_PCD_EP_Open
                0x000000000800294a       0xde ./Drivers/STM32L0xx_HAL_Driver/Src/stm32l0xx_hal_pcd.o
                0x000000000800294a                HAL_PCD_EP_Open
 .text.HAL_PCD_EP_Close
                0x0000000008002a28       0xa2 ./Drivers/STM32L0xx_HAL_Driver/Src/stm32l0xx_hal_pcd.o
                0x0000000008002a28                HAL_PCD_EP_Close
 .text.HAL_PCD_EP_Receive
                0x0000000008002aca       0x6e ./Drivers/STM32L0xx_HAL_Driver/Src/stm32l0xx_hal_pcd.o
                0x0000000008002aca                HAL_PCD_EP_Receive
 .text.HAL_PCD_EP_GetRxCount
                0x0000000008002b38       0x32 ./Drivers/STM32L0xx_HAL_Driver/Src/stm32l0xx_hal_pcd.o
                0x0000000008002b38                HAL_PCD_EP_GetRxCount
 .text.HAL_PCD_EP_Transmit
                0x0000000008002b6a       0x78 ./Drivers/STM32L0xx_HAL_Driver/Src/stm32l0xx_hal_pcd.o
                0x0000000008002b6a                HAL_PCD_EP_Transmit
 .text.HAL_PCD_EP_SetStall
                0x0000000008002be2       0xb8 ./Drivers/STM32L0xx_HAL_Driver/Src/stm32l0xx_hal_pcd.o
                0x0000000008002be2                HAL_PCD_EP_SetStall
 .text.HAL_PCD_EP_ClrStall
                0x0000000008002c9a       0xbc ./Drivers/STM32L0xx_HAL_Driver/Src/stm32l0xx_hal_pcd.o
                0x0000000008002c9a                HAL_PCD_EP_ClrStall
 *fill*         0x0000000008002d56        0x2 
 .text.PCD_EP_ISR_Handler
                0x0000000008002d58      0x80c ./Drivers/STM32L0xx_HAL_Driver/Src/stm32l0xx_hal_pcd.o
 .text.HAL_PCD_EP_DB_Receive
                0x0000000008003564      0x238 ./Drivers/STM32L0xx_HAL_Driver/Src/stm32l0xx_hal_pcd.o
 .text.HAL_PCD_EP_DB_Transmit
                0x000000000800379c      0x820 ./Drivers/STM32L0xx_HAL_Driver/Src/stm32l0xx_hal_pcd.o
 .text.HAL_PCDEx_PMAConfig
                0x0000000008003fbc       0x9c ./Drivers/STM32L0xx_HAL_Driver/Src/stm32l0xx_hal_pcd_ex.o
                0x0000000008003fbc                HAL_PCDEx_PMAConfig
 .text.HAL_PCDEx_ActivateLPM
                0x0000000008004058       0x54 ./Drivers/STM32L0xx_HAL_Driver/Src/stm32l0xx_hal_pcd_ex.o
                0x0000000008004058                HAL_PCDEx_ActivateLPM
 .text.HAL_PCDEx_LPM_Callback
                0x00000000080040ac       0x16 ./Drivers/STM32L0xx_HAL_Driver/Src/stm32l0xx_hal_pcd_ex.o
                0x00000000080040ac                HAL_PCDEx_LPM_Callback
 *fill*         0x00000000080040c2        0x2 
 .text.HAL_RCC_OscConfig
                0x00000000080040c4      0x7a8 ./Drivers/STM32L0xx_HAL_Driver/Src/stm32l0xx_hal_rcc.o
                0x00000000080040c4                HAL_RCC_OscConfig
 .text.HAL_RCC_ClockConfig
                0x000000000800486c      0x290 ./Drivers/STM32L0xx_HAL_Driver/Src/stm32l0xx_hal_rcc.o
                0x000000000800486c                HAL_RCC_ClockConfig
 .text.HAL_RCC_GetSysClockFreq
                0x0000000008004afc      0x148 ./Drivers/STM32L0xx_HAL_Driver/Src/stm32l0xx_hal_rcc.o
                0x0000000008004afc                HAL_RCC_GetSysClockFreq
 .text.HAL_RCCEx_PeriphCLKConfig
                0x0000000008004c44      0x2b8 ./Drivers/STM32L0xx_HAL_Driver/Src/stm32l0xx_hal_rcc_ex.o
                0x0000000008004c44                HAL_RCCEx_PeriphCLKConfig
 .text.HAL_TIM_Base_Init
                0x0000000008004efc       0x80 ./Drivers/STM32L0xx_HAL_Driver/Src/stm32l0xx_hal_tim.o
                0x0000000008004efc                HAL_TIM_Base_Init
 .text.HAL_TIM_Base_Start_IT
                0x0000000008004f7c       0xa4 ./Drivers/STM32L0xx_HAL_Driver/Src/stm32l0xx_hal_tim.o
                0x0000000008004f7c                HAL_TIM_Base_Start_IT
 .text.HAL_TIM_OC_Init
                0x0000000008005020       0x80 ./Drivers/STM32L0xx_HAL_Driver/Src/stm32l0xx_hal_tim.o
                0x0000000008005020                HAL_TIM_OC_Init
 .text.HAL_TIM_OC_MspInit
                0x00000000080050a0       0x10 ./Drivers/STM32L0xx_HAL_Driver/Src/stm32l0xx_hal_tim.o
                0x00000000080050a0                HAL_TIM_OC_MspInit
 .text.HAL_TIM_IRQHandler
                0x00000000080050b0      0x1d0 ./Drivers/STM32L0xx_HAL_Driver/Src/stm32l0xx_hal_tim.o
                0x00000000080050b0                HAL_TIM_IRQHandler
 .text.HAL_TIM_OC_ConfigChannel
                0x0000000008005280       0xb0 ./Drivers/STM32L0xx_HAL_Driver/Src/stm32l0xx_hal_tim.o
                0x0000000008005280                HAL_TIM_OC_ConfigChannel
 .text.HAL_TIM_ConfigClockSource
                0x0000000008005330      0x1a8 ./Drivers/STM32L0xx_HAL_Driver/Src/stm32l0xx_hal_tim.o
                0x0000000008005330                HAL_TIM_ConfigClockSource
 .text.HAL_TIM_OC_DelayElapsedCallback
                0x00000000080054d8       0x10 ./Drivers/STM32L0xx_HAL_Driver/Src/stm32l0xx_hal_tim.o
                0x00000000080054d8                HAL_TIM_OC_DelayElapsedCallback
 .text.HAL_TIM_IC_CaptureCallback
                0x00000000080054e8       0x10 ./Drivers/STM32L0xx_HAL_Driver/Src/stm32l0xx_hal_tim.o
                0x00000000080054e8                HAL_TIM_IC_CaptureCallback
 .text.HAL_TIM_PWM_PulseFinishedCallback
                0x00000000080054f8       0x10 ./Drivers/STM32L0xx_HAL_Driver/Src/stm32l0xx_hal_tim.o
                0x00000000080054f8                HAL_TIM_PWM_PulseFinishedCallback
 .text.HAL_TIM_TriggerCallback
                0x0000000008005508       0x10 ./Drivers/STM32L0xx_HAL_Driver/Src/stm32l0xx_hal_tim.o
                0x0000000008005508                HAL_TIM_TriggerCallback
 .text.TIM_Base_SetConfig
                0x0000000008005518       0xbc ./Drivers/STM32L0xx_HAL_Driver/Src/stm32l0xx_hal_tim.o
 .text.TIM_OC1_SetConfig
                0x00000000080055d4       0x78 ./Drivers/STM32L0xx_HAL_Driver/Src/stm32l0xx_hal_tim.o
 .text.TIM_OC2_SetConfig
                0x000000000800564c       0x84 ./Drivers/STM32L0xx_HAL_Driver/Src/stm32l0xx_hal_tim.o
 .text.TIM_OC3_SetConfig
                0x00000000080056d0       0x80 ./Drivers/STM32L0xx_HAL_Driver/Src/stm32l0xx_hal_tim.o
 .text.TIM_OC4_SetConfig
                0x0000000008005750       0x8c ./Drivers/STM32L0xx_HAL_Driver/Src/stm32l0xx_hal_tim.o
 .text.TIM_TI1_ConfigInputStage
                0x00000000080057dc       0x5c ./Drivers/STM32L0xx_HAL_Driver/Src/stm32l0xx_hal_tim.o
 .text.TIM_TI2_ConfigInputStage
                0x0000000008005838       0x64 ./Drivers/STM32L0xx_HAL_Driver/Src/stm32l0xx_hal_tim.o
 .text.TIM_ITRx_SetConfig
                0x000000000800589c       0x32 ./Drivers/STM32L0xx_HAL_Driver/Src/stm32l0xx_hal_tim.o
 *fill*         0x00000000080058ce        0x2 
 .text.TIM_ETR_SetConfig
                0x00000000080058d0       0x40 ./Drivers/STM32L0xx_HAL_Driver/Src/stm32l0xx_hal_tim.o
 .text.HAL_TIMEx_MasterConfigSynchronization
                0x0000000008005910       0xbc ./Drivers/STM32L0xx_HAL_Driver/Src/stm32l0xx_hal_tim_ex.o
                0x0000000008005910                HAL_TIMEx_MasterConfigSynchronization
 .text.USB_EnableGlobalInt
                0x00000000080059cc       0x2c ./Drivers/STM32L0xx_HAL_Driver/Src/stm32l0xx_ll_usb.o
                0x00000000080059cc                USB_EnableGlobalInt
 .text.USB_DisableGlobalInt
                0x00000000080059f8       0x34 ./Drivers/STM32L0xx_HAL_Driver/Src/stm32l0xx_ll_usb.o
                0x00000000080059f8                USB_DisableGlobalInt
 .text.USB_DevInit
                0x0000000008005a2c       0x4e ./Drivers/STM32L0xx_HAL_Driver/Src/stm32l0xx_ll_usb.o
                0x0000000008005a2c                USB_DevInit
 *fill*         0x0000000008005a7a        0x2 
 .text.USB_ActivateEndpoint
                0x0000000008005a7c      0x744 ./Drivers/STM32L0xx_HAL_Driver/Src/stm32l0xx_ll_usb.o
                0x0000000008005a7c                USB_ActivateEndpoint
 .text.USB_DeactivateEndpoint
                0x00000000080061c0      0x380 ./Drivers/STM32L0xx_HAL_Driver/Src/stm32l0xx_ll_usb.o
                0x00000000080061c0                USB_DeactivateEndpoint
 .text.USB_EPStartXfer
                0x0000000008006540     0x1270 ./Drivers/STM32L0xx_HAL_Driver/Src/stm32l0xx_ll_usb.o
                0x0000000008006540                USB_EPStartXfer
 .text.USB_EPSetStall
                0x00000000080077b0       0xa0 ./Drivers/STM32L0xx_HAL_Driver/Src/stm32l0xx_ll_usb.o
                0x00000000080077b0                USB_EPSetStall
 .text.USB_EPClearStall
                0x0000000008007850      0x164 ./Drivers/STM32L0xx_HAL_Driver/Src/stm32l0xx_ll_usb.o
                0x0000000008007850                USB_EPClearStall
 .text.USB_SetDevAddress
                0x00000000080079b4       0x28 ./Drivers/STM32L0xx_HAL_Driver/Src/stm32l0xx_ll_usb.o
                0x00000000080079b4                USB_SetDevAddress
 .text.USB_DevConnect
                0x00000000080079dc       0x2c ./Drivers/STM32L0xx_HAL_Driver/Src/stm32l0xx_ll_usb.o
                0x00000000080079dc                USB_DevConnect
 .text.USB_ReadInterrupts
                0x0000000008007a08       0x1c ./Drivers/STM32L0xx_HAL_Driver/Src/stm32l0xx_ll_usb.o
                0x0000000008007a08                USB_ReadInterrupts
 .text.USB_WritePMA
                0x0000000008007a24       0x92 ./Drivers/STM32L0xx_HAL_Driver/Src/stm32l0xx_ll_usb.o
                0x0000000008007a24                USB_WritePMA
 .text.USB_ReadPMA
                0x0000000008007ab6       0x9e ./Drivers/STM32L0xx_HAL_Driver/Src/stm32l0xx_ll_usb.o
                0x0000000008007ab6                USB_ReadPMA
 .text.USBD_CDC_Init
                0x0000000008007b54      0x118 ./Middlewares/ST/STM32_USB_Device_Library/Class/CDC/Src/usbd_cdc.o
 .text.USBD_CDC_DeInit
                0x0000000008007c6c       0x88 ./Middlewares/ST/STM32_USB_Device_Library/Class/CDC/Src/usbd_cdc.o
 .text.USBD_CDC_Setup
                0x0000000008007cf4      0x190 ./Middlewares/ST/STM32_USB_Device_Library/Class/CDC/Src/usbd_cdc.o
 .text.USBD_CDC_DataIn
                0x0000000008007e84       0xb6 ./Middlewares/ST/STM32_USB_Device_Library/Class/CDC/Src/usbd_cdc.o
 .text.USBD_CDC_DataOut
                0x0000000008007f3a       0x6a ./Middlewares/ST/STM32_USB_Device_Library/Class/CDC/Src/usbd_cdc.o
 .text.USBD_CDC_EP0_RxReady
                0x0000000008007fa4       0x60 ./Middlewares/ST/STM32_USB_Device_Library/Class/CDC/Src/usbd_cdc.o
 .text.USBD_CDC_GetFSCfgDesc
                0x0000000008008004       0x1c ./Middlewares/ST/STM32_USB_Device_Library/Class/CDC/Src/usbd_cdc.o
 .text.USBD_CDC_GetHSCfgDesc
                0x0000000008008020       0x1c ./Middlewares/ST/STM32_USB_Device_Library/Class/CDC/Src/usbd_cdc.o
 .text.USBD_CDC_GetOtherSpeedCfgDesc
                0x000000000800803c       0x1c ./Middlewares/ST/STM32_USB_Device_Library/Class/CDC/Src/usbd_cdc.o
 .text.USBD_CDC_GetDeviceQualifierDescriptor
                0x0000000008008058       0x1c ./Middlewares/ST/STM32_USB_Device_Library/Class/CDC/Src/usbd_cdc.o
                0x0000000008008058                USBD_CDC_GetDeviceQualifierDescriptor
 .text.USBD_CDC_RegisterInterface
                0x0000000008008074       0x36 ./Middlewares/ST/STM32_USB_Device_Library/Class/CDC/Src/usbd_cdc.o
                0x0000000008008074                USBD_CDC_RegisterInterface
 .text.USBD_CDC_SetTxBuffer
                0x00000000080080aa       0x38 ./Middlewares/ST/STM32_USB_Device_Library/Class/CDC/Src/usbd_cdc.o
                0x00000000080080aa                USBD_CDC_SetTxBuffer
 .text.USBD_CDC_SetRxBuffer
                0x00000000080080e2       0x28 ./Middlewares/ST/STM32_USB_Device_Library/Class/CDC/Src/usbd_cdc.o
                0x00000000080080e2                USBD_CDC_SetRxBuffer
 .text.USBD_CDC_TransmitPacket
                0x000000000800810a       0x6e ./Middlewares/ST/STM32_USB_Device_Library/Class/CDC/Src/usbd_cdc.o
                0x000000000800810a                USBD_CDC_TransmitPacket
 .text.USBD_CDC_ReceivePacket
                0x0000000008008178       0x5c ./Middlewares/ST/STM32_USB_Device_Library/Class/CDC/Src/usbd_cdc.o
                0x0000000008008178                USBD_CDC_ReceivePacket
 .text.USBD_Init
                0x00000000080081d4       0x62 ./Middlewares/ST/STM32_USB_Device_Library/Core/Src/usbd_core.o
                0x00000000080081d4                USBD_Init
 .text.USBD_RegisterClass
                0x0000000008008236       0x40 ./Middlewares/ST/STM32_USB_Device_Library/Core/Src/usbd_core.o
                0x0000000008008236                USBD_RegisterClass
 .text.USBD_Start
                0x0000000008008276       0x1a ./Middlewares/ST/STM32_USB_Device_Library/Core/Src/usbd_core.o
                0x0000000008008276                USBD_Start
 .text.USBD_RunTestMode
                0x0000000008008290       0x12 ./Middlewares/ST/STM32_USB_Device_Library/Core/Src/usbd_core.o
                0x0000000008008290                USBD_RunTestMode
 .text.USBD_SetClassConfig
                0x00000000080082a2       0x4e ./Middlewares/ST/STM32_USB_Device_Library/Core/Src/usbd_core.o
                0x00000000080082a2                USBD_SetClassConfig
 .text.USBD_ClrClassConfig
                0x00000000080082f0       0x2c ./Middlewares/ST/STM32_USB_Device_Library/Core/Src/usbd_core.o
                0x00000000080082f0                USBD_ClrClassConfig
 .text.USBD_LL_SetupStage
                0x000000000800831c       0xbc ./Middlewares/ST/STM32_USB_Device_Library/Core/Src/usbd_core.o
                0x000000000800831c                USBD_LL_SetupStage
 .text.USBD_LL_DataOutStage
                0x00000000080083d8      0x104 ./Middlewares/ST/STM32_USB_Device_Library/Core/Src/usbd_core.o
                0x00000000080083d8                USBD_LL_DataOutStage
 .text.USBD_LL_DataInStage
                0x00000000080084dc      0x17a ./Middlewares/ST/STM32_USB_Device_Library/Core/Src/usbd_core.o
                0x00000000080084dc                USBD_LL_DataInStage
 .text.USBD_LL_Reset
                0x0000000008008656       0x90 ./Middlewares/ST/STM32_USB_Device_Library/Core/Src/usbd_core.o
                0x0000000008008656                USBD_LL_Reset
 .text.USBD_LL_SetSpeed
                0x00000000080086e6       0x20 ./Middlewares/ST/STM32_USB_Device_Library/Core/Src/usbd_core.o
                0x00000000080086e6                USBD_LL_SetSpeed
 *fill*         0x0000000008008706        0x2 
 .text.USBD_LL_Suspend
                0x0000000008008708       0x30 ./Middlewares/ST/STM32_USB_Device_Library/Core/Src/usbd_core.o
                0x0000000008008708                USBD_LL_Suspend
 .text.USBD_LL_Resume
                0x0000000008008738       0x30 ./Middlewares/ST/STM32_USB_Device_Library/Core/Src/usbd_core.o
                0x0000000008008738                USBD_LL_Resume
 .text.USBD_LL_SOF
                0x0000000008008768       0x3c ./Middlewares/ST/STM32_USB_Device_Library/Core/Src/usbd_core.o
                0x0000000008008768                USBD_LL_SOF
 .text.USBD_StdDevReq
                0x00000000080087a4       0xe4 ./Middlewares/ST/STM32_USB_Device_Library/Core/Src/usbd_ctlreq.o
                0x00000000080087a4                USBD_StdDevReq
 .text.USBD_StdItfReq
                0x0000000008008888       0xae ./Middlewares/ST/STM32_USB_Device_Library/Core/Src/usbd_ctlreq.o
                0x0000000008008888                USBD_StdItfReq
 .text.USBD_StdEPReq
                0x0000000008008936      0x36c ./Middlewares/ST/STM32_USB_Device_Library/Core/Src/usbd_ctlreq.o
                0x0000000008008936                USBD_StdEPReq
 *fill*         0x0000000008008ca2        0x2 
 .text.USBD_GetDescriptor
                0x0000000008008ca4      0x364 ./Middlewares/ST/STM32_USB_Device_Library/Core/Src/usbd_ctlreq.o
 .text.USBD_SetAddress
                0x0000000008009008       0xa8 ./Middlewares/ST/STM32_USB_Device_Library/Core/Src/usbd_ctlreq.o
 .text.USBD_SetConfig
                0x00000000080090b0      0x148 ./Middlewares/ST/STM32_USB_Device_Library/Core/Src/usbd_ctlreq.o
 .text.USBD_GetConfig
                0x00000000080091f8       0x76 ./Middlewares/ST/STM32_USB_Device_Library/Core/Src/usbd_ctlreq.o
 .text.USBD_GetStatus
                0x000000000800926e       0x74 ./Middlewares/ST/STM32_USB_Device_Library/Core/Src/usbd_ctlreq.o
 .text.USBD_SetFeature
                0x00000000080092e2       0x2c ./Middlewares/ST/STM32_USB_Device_Library/Core/Src/usbd_ctlreq.o
 .text.USBD_ClrFeature
                0x000000000800930e       0x4c ./Middlewares/ST/STM32_USB_Device_Library/Core/Src/usbd_ctlreq.o
 .text.USBD_ParseSetupRequest
                0x000000000800935a       0x76 ./Middlewares/ST/STM32_USB_Device_Library/Core/Src/usbd_ctlreq.o
                0x000000000800935a                USBD_ParseSetupRequest
 .text.USBD_CtlError
                0x00000000080093d0       0x26 ./Middlewares/ST/STM32_USB_Device_Library/Core/Src/usbd_ctlreq.o
                0x00000000080093d0                USBD_CtlError
 .text.USBD_GetString
                0x00000000080093f6       0x9c ./Middlewares/ST/STM32_USB_Device_Library/Core/Src/usbd_ctlreq.o
                0x00000000080093f6                USBD_GetString
 .text.USBD_GetLen
                0x0000000008009492       0x3a ./Middlewares/ST/STM32_USB_Device_Library/Core/Src/usbd_ctlreq.o
 .text.USBD_CtlSendData
                0x00000000080094cc       0x40 ./Middlewares/ST/STM32_USB_Device_Library/Core/Src/usbd_ioreq.o
                0x00000000080094cc                USBD_CtlSendData
 .text.USBD_CtlContinueSendData
                0x000000000800950c       0x26 ./Middlewares/ST/STM32_USB_Device_Library/Core/Src/usbd_ioreq.o
                0x000000000800950c                USBD_CtlContinueSendData
 .text.USBD_CtlPrepareRx
                0x0000000008009532       0x48 ./Middlewares/ST/STM32_USB_Device_Library/Core/Src/usbd_ioreq.o
                0x0000000008009532                USBD_CtlPrepareRx
 .text.USBD_CtlContinueRx
                0x000000000800957a       0x26 ./Middlewares/ST/STM32_USB_Device_Library/Core/Src/usbd_ioreq.o
                0x000000000800957a                USBD_CtlContinueRx
 .text.USBD_CtlSendStatus
                0x00000000080095a0       0x28 ./Middlewares/ST/STM32_USB_Device_Library/Core/Src/usbd_ioreq.o
                0x00000000080095a0                USBD_CtlSendStatus
 .text.USBD_CtlReceiveStatus
                0x00000000080095c8       0x28 ./Middlewares/ST/STM32_USB_Device_Library/Core/Src/usbd_ioreq.o
                0x00000000080095c8                USBD_CtlReceiveStatus
 .text.MX_USB_DEVICE_Init
                0x00000000080095f0       0x68 ./USB_DEVICE/App/usb_device.o
                0x00000000080095f0                MX_USB_DEVICE_Init
 .text.CDC_Init_FS
                0x0000000008009658       0x30 ./USB_DEVICE/App/usbd_cdc_if.o
 .text.CDC_DeInit_FS
                0x0000000008009688        0xc ./USB_DEVICE/App/usbd_cdc_if.o
 .text.CDC_Control_FS
                0x0000000008009694       0x38 ./USB_DEVICE/App/usbd_cdc_if.o
 .text.CDC_Receive_FS
                0x00000000080096cc       0x2c ./USB_DEVICE/App/usbd_cdc_if.o
 .text.CDC_Transmit_FS
                0x00000000080096f8       0x60 ./USB_DEVICE/App/usbd_cdc_if.o
                0x00000000080096f8                CDC_Transmit_FS
 .text.USBD_FS_DeviceDescriptor
                0x0000000008009758       0x24 ./USB_DEVICE/App/usbd_desc.o
                0x0000000008009758                USBD_FS_DeviceDescriptor
 .text.USBD_FS_LangIDStrDescriptor
                0x000000000800977c       0x24 ./USB_DEVICE/App/usbd_desc.o
                0x000000000800977c                USBD_FS_LangIDStrDescriptor
 .text.USBD_FS_ProductStrDescriptor
                0x00000000080097a0       0x44 ./USB_DEVICE/App/usbd_desc.o
                0x00000000080097a0                USBD_FS_ProductStrDescriptor
 .text.USBD_FS_ManufacturerStrDescriptor
                0x00000000080097e4       0x2c ./USB_DEVICE/App/usbd_desc.o
                0x00000000080097e4                USBD_FS_ManufacturerStrDescriptor
 .text.USBD_FS_SerialStrDescriptor
                0x0000000008009810       0x28 ./USB_DEVICE/App/usbd_desc.o
                0x0000000008009810                USBD_FS_SerialStrDescriptor
 .text.USBD_FS_ConfigStrDescriptor
                0x0000000008009838       0x44 ./USB_DEVICE/App/usbd_desc.o
                0x0000000008009838                USBD_FS_ConfigStrDescriptor
 .text.USBD_FS_InterfaceStrDescriptor
                0x000000000800987c       0x44 ./USB_DEVICE/App/usbd_desc.o
                0x000000000800987c                USBD_FS_InterfaceStrDescriptor
 .text.Get_SerialNum
                0x00000000080098c0       0x5c ./USB_DEVICE/App/usbd_desc.o
 .text.IntToUnicode
                0x000000000800991c       0x96 ./USB_DEVICE/App/usbd_desc.o
 *fill*         0x00000000080099b2        0x2 
 .text.HAL_PCD_MspInit
                0x00000000080099b4       0x40 ./USB_DEVICE/Target/usbd_conf.o
                0x00000000080099b4                HAL_PCD_MspInit
 .text.HAL_PCD_SetupStageCallback
                0x00000000080099f4       0x2a ./USB_DEVICE/Target/usbd_conf.o
                0x00000000080099f4                HAL_PCD_SetupStageCallback
 .text.HAL_PCD_DataOutStageCallback
                0x0000000008009a1e       0x42 ./USB_DEVICE/Target/usbd_conf.o
                0x0000000008009a1e                HAL_PCD_DataOutStageCallback
 .text.HAL_PCD_DataInStageCallback
                0x0000000008009a60       0x3c ./USB_DEVICE/Target/usbd_conf.o
                0x0000000008009a60                HAL_PCD_DataInStageCallback
 .text.HAL_PCD_SOFCallback
                0x0000000008009a9c       0x1e ./USB_DEVICE/Target/usbd_conf.o
                0x0000000008009a9c                HAL_PCD_SOFCallback
 .text.HAL_PCD_ResetCallback
                0x0000000008009aba       0x48 ./USB_DEVICE/Target/usbd_conf.o
                0x0000000008009aba                HAL_PCD_ResetCallback
 *fill*         0x0000000008009b02        0x2 
 .text.HAL_PCD_SuspendCallback
                0x0000000008009b04       0x38 ./USB_DEVICE/Target/usbd_conf.o
                0x0000000008009b04                HAL_PCD_SuspendCallback
 .text.HAL_PCD_ResumeCallback
                0x0000000008009b3c       0x3c ./USB_DEVICE/Target/usbd_conf.o
                0x0000000008009b3c                HAL_PCD_ResumeCallback
 .text.USBD_LL_Init
                0x0000000008009b78       0xc8 ./USB_DEVICE/Target/usbd_conf.o
                0x0000000008009b78                USBD_LL_Init
 .text.USBD_LL_Start
                0x0000000008009c40       0x4a ./USB_DEVICE/Target/usbd_conf.o
                0x0000000008009c40                USBD_LL_Start
 .text.USBD_LL_OpenEP
                0x0000000008009c8a       0x6e ./USB_DEVICE/Target/usbd_conf.o
                0x0000000008009c8a                USBD_LL_OpenEP
 .text.USBD_LL_CloseEP
                0x0000000008009cf8       0x56 ./USB_DEVICE/Target/usbd_conf.o
                0x0000000008009cf8                USBD_LL_CloseEP
 .text.USBD_LL_StallEP
                0x0000000008009d4e       0x56 ./USB_DEVICE/Target/usbd_conf.o
                0x0000000008009d4e                USBD_LL_StallEP
 .text.USBD_LL_ClearStallEP
                0x0000000008009da4       0x56 ./USB_DEVICE/Target/usbd_conf.o
                0x0000000008009da4                USBD_LL_ClearStallEP
 .text.USBD_LL_IsStallEP
                0x0000000008009dfa       0x62 ./USB_DEVICE/Target/usbd_conf.o
                0x0000000008009dfa                USBD_LL_IsStallEP
 .text.USBD_LL_SetUSBAddress
                0x0000000008009e5c       0x56 ./USB_DEVICE/Target/usbd_conf.o
                0x0000000008009e5c                USBD_LL_SetUSBAddress
 .text.USBD_LL_Transmit
                0x0000000008009eb2       0x6e ./USB_DEVICE/Target/usbd_conf.o
                0x0000000008009eb2                USBD_LL_Transmit
 .text.USBD_LL_PrepareReceive
                0x0000000008009f20       0x6e ./USB_DEVICE/Target/usbd_conf.o
                0x0000000008009f20                USBD_LL_PrepareReceive
 .text.USBD_LL_GetRxDataSize
                0x0000000008009f8e       0x2c ./USB_DEVICE/Target/usbd_conf.o
                0x0000000008009f8e                USBD_LL_GetRxDataSize
 *fill*         0x0000000008009fba        0x2 
 .text.USBD_static_malloc
                0x0000000008009fbc       0x18 ./USB_DEVICE/Target/usbd_conf.o
                0x0000000008009fbc                USBD_static_malloc
 .text.USBD_static_free
                0x0000000008009fd4       0x10 ./USB_DEVICE/Target/usbd_conf.o
                0x0000000008009fd4                USBD_static_free
 .text.SystemClockConfig_Resume
                0x0000000008009fe4        0xe ./USB_DEVICE/Target/usbd_conf.o
 .text.USBD_Get_USB_Status
                0x0000000008009ff2       0x6e ./USB_DEVICE/Target/usbd_conf.o
 .text.__errno  0x000000000800a060        0xc c:/st/stm32cubeide_1.10.1/stm32cubeide/plugins/com.st.stm32cube.ide.mcu.externaltools.gnu-tools-for-stm32.10.3-2021.10.win32_1.0.0.202111181127/tools/bin/../lib/gcc/arm-none-eabi/10.3.1/../../../../arm-none-eabi/lib/thumb/v6-m/nofp\libc_nano.a(lib_a-errno.o)
                0x000000000800a060                __errno
 .text.__libc_init_array
                0x000000000800a06c       0x48 c:/st/stm32cubeide_1.10.1/stm32cubeide/plugins/com.st.stm32cube.ide.mcu.externaltools.gnu-tools-for-stm32.10.3-2021.10.win32_1.0.0.202111181127/tools/bin/../lib/gcc/arm-none-eabi/10.3.1/../../../../arm-none-eabi/lib/thumb/v6-m/nofp\libc_nano.a(lib_a-init.o)
                0x000000000800a06c                __libc_init_array
 .text.memcpy   0x000000000800a0b4       0x12 c:/st/stm32cubeide_1.10.1/stm32cubeide/plugins/com.st.stm32cube.ide.mcu.externaltools.gnu-tools-for-stm32.10.3-2021.10.win32_1.0.0.202111181127/tools/bin/../lib/gcc/arm-none-eabi/10.3.1/../../../../arm-none-eabi/lib/thumb/v6-m/nofp\libc_nano.a(lib_a-memcpy-stub.o)
                0x000000000800a0b4                memcpy
 .text.memset   0x000000000800a0c6       0x10 c:/st/stm32cubeide_1.10.1/stm32cubeide/plugins/com.st.stm32cube.ide.mcu.externaltools.gnu-tools-for-stm32.10.3-2021.10.win32_1.0.0.202111181127/tools/bin/../lib/gcc/arm-none-eabi/10.3.1/../../../../arm-none-eabi/lib/thumb/v6-m/nofp\libc_nano.a(lib_a-memset.o)
                0x000000000800a0c6                memset
 *fill*         0x000000000800a0d6        0x2 
 .text.sprintf  0x000000000800a0d8       0x40 c:/st/stm32cubeide_1.10.1/stm32cubeide/plugins/com.st.stm32cube.ide.mcu.externaltools.gnu-tools-for-stm32.10.3-2021.10.win32_1.0.0.202111181127/tools/bin/../lib/gcc/arm-none-eabi/10.3.1/../../../../arm-none-eabi/lib/thumb/v6-m/nofp\libc_nano.a(lib_a-sprintf.o)
                0x000000000800a0d8                siprintf
                0x000000000800a0d8                sprintf
 .text.__ssputs_r
                0x000000000800a118       0xc4 c:/st/stm32cubeide_1.10.1/stm32cubeide/plugins/com.st.stm32cube.ide.mcu.externaltools.gnu-tools-for-stm32.10.3-2021.10.win32_1.0.0.202111181127/tools/bin/../lib/gcc/arm-none-eabi/10.3.1/../../../../arm-none-eabi/lib/thumb/v6-m/nofp\libc_nano.a(lib_a-nano-svfprintf.o)
                0x000000000800a118                __ssputs_r
 .text._svfprintf_r
                0x000000000800a1dc      0x200 c:/st/stm32cubeide_1.10.1/stm32cubeide/plugins/com.st.stm32cube.ide.mcu.externaltools.gnu-tools-for-stm32.10.3-2021.10.win32_1.0.0.202111181127/tools/bin/../lib/gcc/arm-none-eabi/10.3.1/../../../../arm-none-eabi/lib/thumb/v6-m/nofp\libc_nano.a(lib_a-nano-svfprintf.o)
                0x000000000800a1dc                _svfiprintf_r
                0x000000000800a1dc                _svfprintf_r
 .text._printf_common
                0x000000000800a3dc       0xde c:/st/stm32cubeide_1.10.1/stm32cubeide/plugins/com.st.stm32cube.ide.mcu.externaltools.gnu-tools-for-stm32.10.3-2021.10.win32_1.0.0.202111181127/tools/bin/../lib/gcc/arm-none-eabi/10.3.1/../../../../arm-none-eabi/lib/thumb/v6-m/nofp\libc_nano.a(lib_a-nano-vfprintf_i.o)
                0x000000000800a3dc                _printf_common
 *fill*         0x000000000800a4ba        0x2 
 .text._printf_i
                0x000000000800a4bc      0x224 c:/st/stm32cubeide_1.10.1/stm32cubeide/plugins/com.st.stm32cube.ide.mcu.externaltools.gnu-tools-for-stm32.10.3-2021.10.win32_1.0.0.202111181127/tools/bin/../lib/gcc/arm-none-eabi/10.3.1/../../../../arm-none-eabi/lib/thumb/v6-m/nofp\libc_nano.a(lib_a-nano-vfprintf_i.o)
                0x000000000800a4bc                _printf_i
 .text.memchr   0x000000000800a6e0       0x16 c:/st/stm32cubeide_1.10.1/stm32cubeide/plugins/com.st.stm32cube.ide.mcu.externaltools.gnu-tools-for-stm32.10.3-2021.10.win32_1.0.0.202111181127/tools/bin/../lib/gcc/arm-none-eabi/10.3.1/../../../../arm-none-eabi/lib/thumb/v6-m/nofp\libc_nano.a(lib_a-memchr-stub.o)
                0x000000000800a6e0                memchr
 .text.memmove  0x000000000800a6f6       0x26 c:/st/stm32cubeide_1.10.1/stm32cubeide/plugins/com.st.stm32cube.ide.mcu.externaltools.gnu-tools-for-stm32.10.3-2021.10.win32_1.0.0.202111181127/tools/bin/../lib/gcc/arm-none-eabi/10.3.1/../../../../arm-none-eabi/lib/thumb/v6-m/nofp\libc_nano.a(lib_a-memmove.o)
                0x000000000800a6f6                memmove
 .text._free_r  0x000000000800a71c       0x94 c:/st/stm32cubeide_1.10.1/stm32cubeide/plugins/com.st.stm32cube.ide.mcu.externaltools.gnu-tools-for-stm32.10.3-2021.10.win32_1.0.0.202111181127/tools/bin/../lib/gcc/arm-none-eabi/10.3.1/../../../../arm-none-eabi/lib/thumb/v6-m/nofp\libc_nano.a(lib_a-nano-freer.o)
                0x000000000800a71c                _free_r
 .text.sbrk_aligned
                0x000000000800a7b0       0x44 c:/st/stm32cubeide_1.10.1/stm32cubeide/plugins/com.st.stm32cube.ide.mcu.externaltools.gnu-tools-for-stm32.10.3-2021.10.win32_1.0.0.202111181127/tools/bin/../lib/gcc/arm-none-eabi/10.3.1/../../../../arm-none-eabi/lib/thumb/v6-m/nofp\libc_nano.a(lib_a-nano-mallocr.o)
 .text._malloc_r
                0x000000000800a7f4       0xec c:/st/stm32cubeide_1.10.1/stm32cubeide/plugins/com.st.stm32cube.ide.mcu.externaltools.gnu-tools-for-stm32.10.3-2021.10.win32_1.0.0.202111181127/tools/bin/../lib/gcc/arm-none-eabi/10.3.1/../../../../arm-none-eabi/lib/thumb/v6-m/nofp\libc_nano.a(lib_a-nano-mallocr.o)
                0x000000000800a7f4                _malloc_r
 .text._realloc_r
                0x000000000800a8e0       0x5e c:/st/stm32cubeide_1.10.1/stm32cubeide/plugins/com.st.stm32cube.ide.mcu.externaltools.gnu-tools-for-stm32.10.3-2021.10.win32_1.0.0.202111181127/tools/bin/../lib/gcc/arm-none-eabi/10.3.1/../../../../arm-none-eabi/lib/thumb/v6-m/nofp\libc_nano.a(lib_a-nano-reallocr.o)
                0x000000000800a8e0                _realloc_r
 *fill*         0x000000000800a93e        0x2 
 .text._sbrk_r  0x000000000800a940       0x24 c:/st/stm32cubeide_1.10.1/stm32cubeide/plugins/com.st.stm32cube.ide.mcu.externaltools.gnu-tools-for-stm32.10.3-2021.10.win32_1.0.0.202111181127/tools/bin/../lib/gcc/arm-none-eabi/10.3.1/../../../../arm-none-eabi/lib/thumb/v6-m/nofp\libc_nano.a(lib_a-sbrkr.o)
                0x000000000800a940                _sbrk_r
 .text.__malloc_lock
                0x000000000800a964       0x10 c:/st/stm32cubeide_1.10.1/stm32cubeide/plugins/com.st.stm32cube.ide.mcu.externaltools.gnu-tools-for-stm32.10.3-2021.10.win32_1.0.0.202111181127/tools/bin/../lib/gcc/arm-none-eabi/10.3.1/../../../../arm-none-eabi/lib/thumb/v6-m/nofp\libc_nano.a(lib_a-mlock.o)
                0x000000000800a964                __malloc_lock
 .text.__malloc_unlock
                0x000000000800a974       0x10 c:/st/stm32cubeide_1.10.1/stm32cubeide/plugins/com.st.stm32cube.ide.mcu.externaltools.gnu-tools-for-stm32.10.3-2021.10.win32_1.0.0.202111181127/tools/bin/../lib/gcc/arm-none-eabi/10.3.1/../../../../arm-none-eabi/lib/thumb/v6-m/nofp\libc_nano.a(lib_a-mlock.o)
                0x000000000800a974                __malloc_unlock
 .text._malloc_usable_size_r
                0x000000000800a984       0x10 c:/st/stm32cubeide_1.10.1/stm32cubeide/plugins/com.st.stm32cube.ide.mcu.externaltools.gnu-tools-for-stm32.10.3-2021.10.win32_1.0.0.202111181127/tools/bin/../lib/gcc/arm-none-eabi/10.3.1/../../../../arm-none-eabi/lib/thumb/v6-m/nofp\libc_nano.a(lib_a-nano-msizer.o)
                0x000000000800a984                _malloc_usable_size_r
 .text.__retarget_lock_acquire_recursive
                0x000000000800a994        0x2 c:/st/stm32cubeide_1.10.1/stm32cubeide/plugins/com.st.stm32cube.ide.mcu.externaltools.gnu-tools-for-stm32.10.3-2021.10.win32_1.0.0.202111181127/tools/bin/../lib/gcc/arm-none-eabi/10.3.1/../../../../arm-none-eabi/lib/thumb/v6-m/nofp\libc_nano.a(lib_a-lock.o)
                0x000000000800a994                __retarget_lock_acquire_recursive
 .text.__retarget_lock_release_recursive
                0x000000000800a996        0x2 c:/st/stm32cubeide_1.10.1/stm32cubeide/plugins/com.st.stm32cube.ide.mcu.externaltools.gnu-tools-for-stm32.10.3-2021.10.win32_1.0.0.202111181127/tools/bin/../lib/gcc/arm-none-eabi/10.3.1/../../../../arm-none-eabi/lib/thumb/v6-m/nofp\libc_nano.a(lib_a-lock.o)
                0x000000000800a996                __retarget_lock_release_recursive
 *(.glue_7)
 .glue_7        0x000000000800a998        0x0 linker stubs
 *(.glue_7t)
 .glue_7t       0x000000000800a998        0x0 linker stubs
 *(.eh_frame)
 .eh_frame      0x000000000800a998        0x0 c:/st/stm32cubeide_1.10.1/stm32cubeide/plugins/com.st.stm32cube.ide.mcu.externaltools.gnu-tools-for-stm32.10.3-2021.10.win32_1.0.0.202111181127/tools/bin/../lib/gcc/arm-none-eabi/10.3.1/thumb/v6-m/nofp/crtbegin.o
 *(.init)
 .init          0x000000000800a998        0x4 c:/st/stm32cubeide_1.10.1/stm32cubeide/plugins/com.st.stm32cube.ide.mcu.externaltools.gnu-tools-for-stm32.10.3-2021.10.win32_1.0.0.202111181127/tools/bin/../lib/gcc/arm-none-eabi/10.3.1/thumb/v6-m/nofp/crti.o
                0x000000000800a998                _init
 .init          0x000000000800a99c        0x8 c:/st/stm32cubeide_1.10.1/stm32cubeide/plugins/com.st.stm32cube.ide.mcu.externaltools.gnu-tools-for-stm32.10.3-2021.10.win32_1.0.0.202111181127/tools/bin/../lib/gcc/arm-none-eabi/10.3.1/thumb/v6-m/nofp/crtn.o
 *(.fini)
 .fini          0x000000000800a9a4        0x4 c:/st/stm32cubeide_1.10.1/stm32cubeide/plugins/com.st.stm32cube.ide.mcu.externaltools.gnu-tools-for-stm32.10.3-2021.10.win32_1.0.0.202111181127/tools/bin/../lib/gcc/arm-none-eabi/10.3.1/thumb/v6-m/nofp/crti.o
                0x000000000800a9a4                _fini
 .fini          0x000000000800a9a8        0x8 c:/st/stm32cubeide_1.10.1/stm32cubeide/plugins/com.st.stm32cube.ide.mcu.externaltools.gnu-tools-for-stm32.10.3-2021.10.win32_1.0.0.202111181127/tools/bin/../lib/gcc/arm-none-eabi/10.3.1/thumb/v6-m/nofp/crtn.o
                0x000000000800a9b0                . = ALIGN (0x4)
                0x000000000800a9b0                _etext = .

.vfp11_veneer   0x000000000800a9b0        0x0
 .vfp11_veneer  0x000000000800a9b0        0x0 linker stubs

.v4_bx          0x000000000800a9b0        0x0
 .v4_bx         0x000000000800a9b0        0x0 linker stubs

.iplt           0x000000000800a9b0        0x0
 .iplt          0x000000000800a9b0        0x0 c:/st/stm32cubeide_1.10.1/stm32cubeide/plugins/com.st.stm32cube.ide.mcu.externaltools.gnu-tools-for-stm32.10.3-2021.10.win32_1.0.0.202111181127/tools/bin/../lib/gcc/arm-none-eabi/10.3.1/thumb/v6-m/nofp/crtbegin.o

.rodata         0x000000000800a9b0      0x194
                0x000000000800a9b0                . = ALIGN (0x4)
 *(.rodata)
 .rodata        0x000000000800a9b0        0x5 ./Core/Src/main.o
 *fill*         0x000000000800a9b5        0x3 
 .rodata        0x000000000800a9b8       0x46 ./USB_DEVICE/App/usbd_desc.o
 *(.rodata*)
 *fill*         0x000000000800a9fe        0x2 
 .rodata.pattern_steps
                0x000000000800aa00        0x2 ./Core/Src/main.o
 *fill*         0x000000000800aa02        0x2 
 .rodata.AHBPrescTable
                0x000000000800aa04       0x10 ./Core/Src/system_stm32l0xx.o
                0x000000000800aa04                AHBPrescTable
 .rodata.PLLMulTable
                0x000000000800aa14        0x9 ./Core/Src/system_stm32l0xx.o
                0x000000000800aa14                PLLMulTable
 *fill*         0x000000000800aa1d        0x3 
 .rodata.USBD_StdDevReq
                0x000000000800aa20       0x28 ./Middlewares/ST/STM32_USB_Device_Library/Core/Src/usbd_ctlreq.o
 .rodata.USBD_GetDescriptor
                0x000000000800aa48       0x38 ./Middlewares/ST/STM32_USB_Device_Library/Core/Src/usbd_ctlreq.o
 .rodata.CDC_Control_FS
                0x000000000800aa80       0x90 ./USB_DEVICE/App/usbd_cdc_if.o
 .rodata._svfprintf_r.str1.1
                0x000000000800ab10       0x11 c:/st/stm32cubeide_1.10.1/stm32cubeide/plugins/com.st.stm32cube.ide.mcu.externaltools.gnu-tools-for-stm32.10.3-2021.10.win32_1.0.0.202111181127/tools/bin/../lib/gcc/arm-none-eabi/10.3.1/../../../../arm-none-eabi/lib/thumb/v6-m/nofp\libc_nano.a(lib_a-nano-svfprintf.o)
 .rodata._printf_i.str1.1
                0x000000000800ab21       0x22 c:/st/stm32cubeide_1.10.1/stm32cubeide/plugins/com.st.stm32cube.ide.mcu.externaltools.gnu-tools-for-stm32.10.3-2021.10.win32_1.0.0.202111181127/tools/bin/../lib/gcc/arm-none-eabi/10.3.1/../../../../arm-none-eabi/lib/thumb/v6-m/nofp\libc_nano.a(lib_a-nano-vfprintf_i.o)
                0x000000000800ab44                . = ALIGN (0x4)
 *fill*         0x000000000800ab43        0x1 

.ARM.extab      0x000000000800ab44        0x0
                0x000000000800ab44                . = ALIGN (0x4)
 *(.ARM.extab* .gnu.linkonce.armextab.*)
                0x000000000800ab44                . = ALIGN (0x4)

.ARM            0x000000000800ab44        0x8
                0x000000000800ab44                . = ALIGN (0x4)
                0x000000000800ab44                __exidx_start = .
 *(.ARM.exidx*)
 .ARM.exidx     0x000000000800ab44        0x8 c:/st/stm32cubeide_1.10.1/stm32cubeide/plugins/com.st.stm32cube.ide.mcu.externaltools.gnu-tools-for-stm32.10.3-2021.10.win32_1.0.0.202111181127/tools/bin/../lib/gcc/arm-none-eabi/10.3.1/thumb/v6-m/nofp\libgcc.a(_udivmoddi4.o)
                0x000000000800ab4c                __exidx_end = .
                0x000000000800ab4c                . = ALIGN (0x4)

.rel.dyn        0x000000000800ab4c        0x0
 .rel.iplt      0x000000000800ab4c        0x0 c:/st/stm32cubeide_1.10.1/stm32cubeide/plugins/com.st.stm32cube.ide.mcu.externaltools.gnu-tools-for-stm32.10.3-2021.10.win32_1.0.0.202111181127/tools/bin/../lib/gcc/arm-none-eabi/10.3.1/thumb/v6-m/nofp/crtbegin.o

.preinit_array  0x000000000800ab4c        0x0
                0x000000000800ab4c                . = ALIGN (0x4)
                0x000000000800ab4c                PROVIDE (__preinit_array_start = .)
 *(.preinit_array*)
                0x000000000800ab4c                PROVIDE (__preinit_array_end = .)
                0x000000000800ab4c                . = ALIGN (0x4)

.init_array     0x000000000800ab4c        0x4
                0x000000000800ab4c                . = ALIGN (0x4)
                0x000000000800ab4c                PROVIDE (__init_array_start = .)
 *(SORT_BY_NAME(.init_array.*))
 *(.init_array*)
 .init_array    0x000000000800ab4c        0x4 c:/st/stm32cubeide_1.10.1/stm32cubeide/plugins/com.st.stm32cube.ide.mcu.externaltools.gnu-tools-for-stm32.10.3-2021.10.win32_1.0.0.202111181127/tools/bin/../lib/gcc/arm-none-eabi/10.3.1/thumb/v6-m/nofp/crtbegin.o
                0x000000000800ab50                PROVIDE (__init_array_end = .)
                0x000000000800ab50                . = ALIGN (0x4)

.fini_array     0x000000000800ab50        0x4
                0x000000000800ab50                . = ALIGN (0x4)
                [!provide]                        PROVIDE (__fini_array_start = .)
 *(SORT_BY_NAME(.fini_array.*))
 *(.fini_array*)
 .fini_array    0x000000000800ab50        0x4 c:/st/stm32cubeide_1.10.1/stm32cubeide/plugins/com.st.stm32cube.ide.mcu.externaltools.gnu-tools-for-stm32.10.3-2021.10.win32_1.0.0.202111181127/tools/bin/../lib/gcc/arm-none-eabi/10.3.1/thumb/v6-m/nofp/crtbegin.o
                [!provide]                        PROVIDE (__fini_array_end = .)
                0x000000000800ab54                . = ALIGN (0x4)
                0x000000000800ab54                _sidata = LOADADDR (.data)

.data           0x0000000020000000      0x2e8 load address 0x000000000800ab54
                0x0000000020000000                . = ALIGN (0x4)
                0x0000000020000000                _sdata = .
 *(.data)
 *(.data*)
 .data.pulse_step0
                0x0000000020000000        0x2 ./Core/Src/led_functions.o
                0x0000000020000000                pulse_step0
 *fill*         0x0000000020000002        0x2 
 .data.pulse_step1
                0x0000000020000004        0x8 ./Core/Src/led_functions.o
                0x0000000020000004                pulse_step1
 .data.pulse_step2
                0x000000002000000c       0x10 ./Core/Src/led_functions.o
                0x000000002000000c                pulse_step2
 .data.pulse_step3
                0x000000002000001c       0x28 ./Core/Src/led_functions.o
                0x000000002000001c                pulse_step3
 .data.pulse_step4
                0x0000000020000044       0x30 ./Core/Src/led_functions.o
                0x0000000020000044                pulse_step4
 .data.pulse_step_list
                0x0000000020000074       0x14 ./Core/Src/led_functions.o
                0x0000000020000074                pulse_step_list
 .data.pulse_step_sizes
                0x0000000020000088        0x5 ./Core/Src/led_functions.o
                0x0000000020000088                pulse_step_sizes
 *fill*         0x000000002000008d        0x3 
 .data.cathode_ports
                0x0000000020000090       0x20 ./Core/Src/led_functions.o
                0x0000000020000090                cathode_ports
 .data.cathode_pins
                0x00000000200000b0       0x10 ./Core/Src/led_functions.o
                0x00000000200000b0                cathode_pins
 .data.anode_ports
                0x00000000200000c0       0x2c ./Core/Src/led_functions.o
                0x00000000200000c0                anode_ports
 .data.anode_pins
                0x00000000200000ec       0x16 ./Core/Src/led_functions.o
                0x00000000200000ec                anode_pins
 .data.pulse_dir
                0x0000000020000102        0x1 ./Core/Src/led_functions.o
                0x0000000020000102                pulse_dir
 .data.low_flag
                0x0000000020000103        0x1 ./Core/Src/main.o
                0x0000000020000103                low_flag
 .data.heartbeat_freq
                0x0000000020000104        0x2 ./Core/Src/main.o
                0x0000000020000104                heartbeat_freq
 .data.button_prev
                0x0000000020000106        0x1 ./Core/Src/main.o
                0x0000000020000106                button_prev
 *fill*         0x0000000020000107        0x1 
 .data.SystemCoreClock
                0x0000000020000108        0x4 ./Core/Src/system_stm32l0xx.o
                0x0000000020000108                SystemCoreClock
 .data.uwTickPrio
                0x000000002000010c        0x4 ./Drivers/STM32L0xx_HAL_Driver/Src/stm32l0xx_hal.o
                0x000000002000010c                uwTickPrio
 .data.uwTickFreq
                0x0000000020000110        0x1 ./Drivers/STM32L0xx_HAL_Driver/Src/stm32l0xx_hal.o
                0x0000000020000110                uwTickFreq
 *fill*         0x0000000020000111        0x3 
 .data.USBD_CDC_DeviceQualifierDesc
                0x0000000020000114        0xa ./Middlewares/ST/STM32_USB_Device_Library/Class/CDC/Src/usbd_cdc.o
 *fill*         0x000000002000011e        0x2 
 .data.USBD_CDC
                0x0000000020000120       0x38 ./Middlewares/ST/STM32_USB_Device_Library/Class/CDC/Src/usbd_cdc.o
                0x0000000020000120                USBD_CDC
 .data.USBD_CDC_CfgHSDesc
                0x0000000020000158       0x43 ./Middlewares/ST/STM32_USB_Device_Library/Class/CDC/Src/usbd_cdc.o
                0x0000000020000158                USBD_CDC_CfgHSDesc
 *fill*         0x000000002000019b        0x1 
 .data.USBD_CDC_CfgFSDesc
                0x000000002000019c       0x43 ./Middlewares/ST/STM32_USB_Device_Library/Class/CDC/Src/usbd_cdc.o
                0x000000002000019c                USBD_CDC_CfgFSDesc
 *fill*         0x00000000200001df        0x1 
 .data.USBD_CDC_OtherSpeedCfgDesc
                0x00000000200001e0       0x43 ./Middlewares/ST/STM32_USB_Device_Library/Class/CDC/Src/usbd_cdc.o
                0x00000000200001e0                USBD_CDC_OtherSpeedCfgDesc
 *fill*         0x0000000020000223        0x1 
 .data.USBD_Interface_fops_FS
                0x0000000020000224       0x10 ./USB_DEVICE/App/usbd_cdc_if.o
                0x0000000020000224                USBD_Interface_fops_FS
 .data.FS_Desc  0x0000000020000234       0x1c ./USB_DEVICE/App/usbd_desc.o
                0x0000000020000234                FS_Desc
 .data.USBD_FS_DeviceDesc
                0x0000000020000250       0x12 ./USB_DEVICE/App/usbd_desc.o
                0x0000000020000250                USBD_FS_DeviceDesc
 *fill*         0x0000000020000262        0x2 
 .data.USBD_LangIDDesc
                0x0000000020000264        0x4 ./USB_DEVICE/App/usbd_desc.o
                0x0000000020000264                USBD_LangIDDesc
 .data.USBD_StringSerial
                0x0000000020000268       0x1a ./USB_DEVICE/App/usbd_desc.o
                0x0000000020000268                USBD_StringSerial
 *fill*         0x0000000020000282        0x2 
 .data._impure_ptr
                0x0000000020000284        0x4 c:/st/stm32cubeide_1.10.1/stm32cubeide/plugins/com.st.stm32cube.ide.mcu.externaltools.gnu-tools-for-stm32.10.3-2021.10.win32_1.0.0.202111181127/tools/bin/../lib/gcc/arm-none-eabi/10.3.1/../../../../arm-none-eabi/lib/thumb/v6-m/nofp\libc_nano.a(lib_a-impure.o)
                0x0000000020000284                _impure_ptr
 .data.impure_data
                0x0000000020000288       0x60 c:/st/stm32cubeide_1.10.1/stm32cubeide/plugins/com.st.stm32cube.ide.mcu.externaltools.gnu-tools-for-stm32.10.3-2021.10.win32_1.0.0.202111181127/tools/bin/../lib/gcc/arm-none-eabi/10.3.1/../../../../arm-none-eabi/lib/thumb/v6-m/nofp\libc_nano.a(lib_a-impure.o)
 *(.RamFunc)
 *(.RamFunc*)
                0x00000000200002e8                . = ALIGN (0x4)
                0x00000000200002e8                _edata = .

.igot.plt       0x00000000200002e8        0x0 load address 0x000000000800ae3c
 .igot.plt      0x00000000200002e8        0x0 c:/st/stm32cubeide_1.10.1/stm32cubeide/plugins/com.st.stm32cube.ide.mcu.externaltools.gnu-tools-for-stm32.10.3-2021.10.win32_1.0.0.202111181127/tools/bin/../lib/gcc/arm-none-eabi/10.3.1/thumb/v6-m/nofp/crtbegin.o
                0x00000000200002e8                . = ALIGN (0x4)

.bss            0x00000000200002e8     0x1464 load address 0x000000000800ae3c
                0x00000000200002e8                _sbss = .
                0x00000000200002e8                __bss_start__ = _sbss
 *(.bss)
 .bss           0x00000000200002e8       0x1c c:/st/stm32cubeide_1.10.1/stm32cubeide/plugins/com.st.stm32cube.ide.mcu.externaltools.gnu-tools-for-stm32.10.3-2021.10.win32_1.0.0.202111181127/tools/bin/../lib/gcc/arm-none-eabi/10.3.1/thumb/v6-m/nofp/crtbegin.o
 *(.bss*)
 .bss.cathode_timers
                0x0000000020000304       0x20 ./Core/Src/led_functions.o
                0x0000000020000304                cathode_timers
 .bss.led_queue
                0x0000000020000324       0xb2 ./Core/Src/led_functions.o
                0x0000000020000324                led_queue
 .bss.queue_index
                0x00000000200003d6        0x1 ./Core/Src/led_functions.o
                0x00000000200003d6                queue_index
 .bss.queue_len
                0x00000000200003d7        0x1 ./Core/Src/led_functions.o
                0x00000000200003d7                queue_len
 .bss.pulse_step
                0x00000000200003d8        0x1 ./Core/Src/led_functions.o
                0x00000000200003d8                pulse_step
 *fill*         0x00000000200003d9        0x3 
 .bss.hadc      0x00000000200003dc       0x5c ./Core/Src/main.o
                0x00000000200003dc                hadc
 .bss.htim2     0x0000000020000438       0x40 ./Core/Src/main.o
                0x0000000020000438                htim2
 .bss.htim3     0x0000000020000478       0x40 ./Core/Src/main.o
                0x0000000020000478                htim3
 .bss.htim6     0x00000000200004b8       0x40 ./Core/Src/main.o
                0x00000000200004b8                htim6
 .bss.htim7     0x00000000200004f8       0x40 ./Core/Src/main.o
                0x00000000200004f8                htim7
 .bss.htim21    0x0000000020000538       0x40 ./Core/Src/main.o
                0x0000000020000538                htim21
 .bss.adc_val   0x0000000020000578        0x4 ./Core/Src/main.o
                0x0000000020000578                adc_val
 .bss.prev_adc_val
                0x000000002000057c        0x4 ./Core/Src/main.o
                0x000000002000057c                prev_adc_val
 .bss.sample_flag
                0x0000000020000580        0x1 ./Core/Src/main.o
                0x0000000020000580                sample_flag
 .bss.high_flag
                0x0000000020000581        0x1 ./Core/Src/main.o
                0x0000000020000581                high_flag
 .bss.heartbeat_count
                0x0000000020000582        0x2 ./Core/Src/main.o
                0x0000000020000582                heartbeat_count
 .bss.pattern_flag
                0x0000000020000584        0x1 ./Core/Src/main.o
                0x0000000020000584                pattern_flag
 .bss.button_flag
                0x0000000020000585        0x1 ./Core/Src/main.o
                0x0000000020000585                button_flag
 .bss.button_state
                0x0000000020000586        0x1 ./Core/Src/main.o
                0x0000000020000586                button_state
 .bss.pattern_select
                0x0000000020000587        0x1 ./Core/Src/main.o
                0x0000000020000587                pattern_select
 .bss.__sbrk_heap_end
                0x0000000020000588        0x4 ./Core/Src/sysmem.o
 .bss.uwTick    0x000000002000058c        0x4 ./Drivers/STM32L0xx_HAL_Driver/Src/stm32l0xx_hal.o
                0x000000002000058c                uwTick
 .bss.cfgidx.0  0x0000000020000590        0x1 ./Middlewares/ST/STM32_USB_Device_Library/Core/Src/usbd_ctlreq.o
 *fill*         0x0000000020000591        0x3 
 .bss.hUsbDeviceFS
                0x0000000020000594      0x2c4 ./USB_DEVICE/App/usb_device.o
                0x0000000020000594                hUsbDeviceFS
 .bss.UserRxBufferFS
                0x0000000020000858      0x3e8 ./USB_DEVICE/App/usbd_cdc_if.o
                0x0000000020000858                UserRxBufferFS
 .bss.UserTxBufferFS
                0x0000000020000c40      0x3e8 ./USB_DEVICE/App/usbd_cdc_if.o
                0x0000000020000c40                UserTxBufferFS
 .bss.USBD_StrDesc
                0x0000000020001028      0x200 ./USB_DEVICE/App/usbd_desc.o
                0x0000000020001028                USBD_StrDesc
 .bss.hpcd_USB_FS
                0x0000000020001228      0x2f4 ./USB_DEVICE/Target/usbd_conf.o
                0x0000000020001228                hpcd_USB_FS
 .bss.mem.0     0x000000002000151c      0x220 ./USB_DEVICE/Target/usbd_conf.o
 .bss.__malloc_free_list
                0x000000002000173c        0x4 c:/st/stm32cubeide_1.10.1/stm32cubeide/plugins/com.st.stm32cube.ide.mcu.externaltools.gnu-tools-for-stm32.10.3-2021.10.win32_1.0.0.202111181127/tools/bin/../lib/gcc/arm-none-eabi/10.3.1/../../../../arm-none-eabi/lib/thumb/v6-m/nofp\libc_nano.a(lib_a-nano-mallocr.o)
                0x000000002000173c                __malloc_free_list
 .bss.__malloc_sbrk_start
                0x0000000020001740        0x4 c:/st/stm32cubeide_1.10.1/stm32cubeide/plugins/com.st.stm32cube.ide.mcu.externaltools.gnu-tools-for-stm32.10.3-2021.10.win32_1.0.0.202111181127/tools/bin/../lib/gcc/arm-none-eabi/10.3.1/../../../../arm-none-eabi/lib/thumb/v6-m/nofp\libc_nano.a(lib_a-nano-mallocr.o)
                0x0000000020001740                __malloc_sbrk_start
 .bss.errno     0x0000000020001744        0x4 c:/st/stm32cubeide_1.10.1/stm32cubeide/plugins/com.st.stm32cube.ide.mcu.externaltools.gnu-tools-for-stm32.10.3-2021.10.win32_1.0.0.202111181127/tools/bin/../lib/gcc/arm-none-eabi/10.3.1/../../../../arm-none-eabi/lib/thumb/v6-m/nofp\libc_nano.a(lib_a-reent.o)
                0x0000000020001744                errno
 .bss.__lock___malloc_recursive_mutex
                0x0000000020001748        0x1 c:/st/stm32cubeide_1.10.1/stm32cubeide/plugins/com.st.stm32cube.ide.mcu.externaltools.gnu-tools-for-stm32.10.3-2021.10.win32_1.0.0.202111181127/tools/bin/../lib/gcc/arm-none-eabi/10.3.1/../../../../arm-none-eabi/lib/thumb/v6-m/nofp\libc_nano.a(lib_a-lock.o)
                0x0000000020001748                __lock___malloc_recursive_mutex
 *(COMMON)
                0x000000002000174c                . = ALIGN (0x4)
 *fill*         0x0000000020001749        0x3 
                0x000000002000174c                _ebss = .
                0x000000002000174c                __bss_end__ = _ebss

._user_heap_stack
                0x000000002000174c      0x604 load address 0x000000000800ae3c
                0x0000000020001750                . = ALIGN (0x8)
 *fill*         0x000000002000174c        0x4 
                [!provide]                        PROVIDE (end = .)
                0x0000000020001750                PROVIDE (_end = .)
                0x0000000020001950                . = (. + _Min_Heap_Size)
 *fill*         0x0000000020001750      0x200 
                0x0000000020001d50                . = (. + _Min_Stack_Size)
 *fill*         0x0000000020001950      0x400 
                0x0000000020001d50                . = ALIGN (0x8)

/DISCARD/
 libc.a(*)
 libm.a(*)
 libgcc.a(*)

.ARM.attributes
                0x0000000000000000       0x28
 *(.ARM.attributes)
 .ARM.attributes
                0x0000000000000000       0x1e c:/st/stm32cubeide_1.10.1/stm32cubeide/plugins/com.st.stm32cube.ide.mcu.externaltools.gnu-tools-for-stm32.10.3-2021.10.win32_1.0.0.202111181127/tools/bin/../lib/gcc/arm-none-eabi/10.3.1/thumb/v6-m/nofp/crti.o
 .ARM.attributes
                0x000000000000001e       0x2c c:/st/stm32cubeide_1.10.1/stm32cubeide/plugins/com.st.stm32cube.ide.mcu.externaltools.gnu-tools-for-stm32.10.3-2021.10.win32_1.0.0.202111181127/tools/bin/../lib/gcc/arm-none-eabi/10.3.1/thumb/v6-m/nofp/crtbegin.o
 .ARM.attributes
                0x000000000000004a       0x2c ./Core/Src/led_functions.o
 .ARM.attributes
                0x0000000000000076       0x2c ./Core/Src/main.o
 .ARM.attributes
                0x00000000000000a2       0x2c ./Core/Src/stm32l0xx_hal_msp.o
 .ARM.attributes
                0x00000000000000ce       0x2c ./Core/Src/stm32l0xx_it.o
 .ARM.attributes
                0x00000000000000fa       0x2c ./Core/Src/sysmem.o
 .ARM.attributes
                0x0000000000000126       0x2c ./Core/Src/system_stm32l0xx.o
 .ARM.attributes
                0x0000000000000152       0x22 ./Core/Startup/startup_stm32l072cbtx.o
 .ARM.attributes
                0x0000000000000174       0x2c ./Drivers/STM32L0xx_HAL_Driver/Src/stm32l0xx_hal.o
 .ARM.attributes
                0x00000000000001a0       0x2c ./Drivers/STM32L0xx_HAL_Driver/Src/stm32l0xx_hal_adc.o
 .ARM.attributes
                0x00000000000001cc       0x2c ./Drivers/STM32L0xx_HAL_Driver/Src/stm32l0xx_hal_cortex.o
 .ARM.attributes
                0x00000000000001f8       0x2c ./Drivers/STM32L0xx_HAL_Driver/Src/stm32l0xx_hal_gpio.o
 .ARM.attributes
                0x0000000000000224       0x2c ./Drivers/STM32L0xx_HAL_Driver/Src/stm32l0xx_hal_pcd.o
 .ARM.attributes
                0x0000000000000250       0x2c ./Drivers/STM32L0xx_HAL_Driver/Src/stm32l0xx_hal_pcd_ex.o
 .ARM.attributes
                0x000000000000027c       0x2c ./Drivers/STM32L0xx_HAL_Driver/Src/stm32l0xx_hal_rcc.o
 .ARM.attributes
                0x00000000000002a8       0x2c ./Drivers/STM32L0xx_HAL_Driver/Src/stm32l0xx_hal_rcc_ex.o
 .ARM.attributes
                0x00000000000002d4       0x2c ./Drivers/STM32L0xx_HAL_Driver/Src/stm32l0xx_hal_tim.o
 .ARM.attributes
                0x0000000000000300       0x2c ./Drivers/STM32L0xx_HAL_Driver/Src/stm32l0xx_hal_tim_ex.o
 .ARM.attributes
                0x000000000000032c       0x2c ./Drivers/STM32L0xx_HAL_Driver/Src/stm32l0xx_ll_usb.o
 .ARM.attributes
                0x0000000000000358       0x2c ./Middlewares/ST/STM32_USB_Device_Library/Class/CDC/Src/usbd_cdc.o
 .ARM.attributes
                0x0000000000000384       0x2c ./Middlewares/ST/STM32_USB_Device_Library/Core/Src/usbd_core.o
 .ARM.attributes
                0x00000000000003b0       0x2c ./Middlewares/ST/STM32_USB_Device_Library/Core/Src/usbd_ctlreq.o
 .ARM.attributes
                0x00000000000003dc       0x2c ./Middlewares/ST/STM32_USB_Device_Library/Core/Src/usbd_ioreq.o
 .ARM.attributes
                0x0000000000000408       0x2c ./USB_DEVICE/App/usb_device.o
 .ARM.attributes
                0x0000000000000434       0x2c ./USB_DEVICE/App/usbd_cdc_if.o
 .ARM.attributes
                0x0000000000000460       0x2c ./USB_DEVICE/App/usbd_desc.o
 .ARM.attributes
                0x000000000000048c       0x2c ./USB_DEVICE/Target/usbd_conf.o
 .ARM.attributes
                0x00000000000004b8       0x2c c:/st/stm32cubeide_1.10.1/stm32cubeide/plugins/com.st.stm32cube.ide.mcu.externaltools.gnu-tools-for-stm32.10.3-2021.10.win32_1.0.0.202111181127/tools/bin/../lib/gcc/arm-none-eabi/10.3.1/../../../../arm-none-eabi/lib/thumb/v6-m/nofp\libc_nano.a(lib_a-errno.o)
 .ARM.attributes
                0x00000000000004e4       0x2c c:/st/stm32cubeide_1.10.1/stm32cubeide/plugins/com.st.stm32cube.ide.mcu.externaltools.gnu-tools-for-stm32.10.3-2021.10.win32_1.0.0.202111181127/tools/bin/../lib/gcc/arm-none-eabi/10.3.1/../../../../arm-none-eabi/lib/thumb/v6-m/nofp\libc_nano.a(lib_a-impure.o)
 .ARM.attributes
                0x0000000000000510       0x2c c:/st/stm32cubeide_1.10.1/stm32cubeide/plugins/com.st.stm32cube.ide.mcu.externaltools.gnu-tools-for-stm32.10.3-2021.10.win32_1.0.0.202111181127/tools/bin/../lib/gcc/arm-none-eabi/10.3.1/../../../../arm-none-eabi/lib/thumb/v6-m/nofp\libc_nano.a(lib_a-init.o)
 .ARM.attributes
                0x000000000000053c       0x2c c:/st/stm32cubeide_1.10.1/stm32cubeide/plugins/com.st.stm32cube.ide.mcu.externaltools.gnu-tools-for-stm32.10.3-2021.10.win32_1.0.0.202111181127/tools/bin/../lib/gcc/arm-none-eabi/10.3.1/../../../../arm-none-eabi/lib/thumb/v6-m/nofp\libc_nano.a(lib_a-memcpy-stub.o)
 .ARM.attributes
                0x0000000000000568       0x2c c:/st/stm32cubeide_1.10.1/stm32cubeide/plugins/com.st.stm32cube.ide.mcu.externaltools.gnu-tools-for-stm32.10.3-2021.10.win32_1.0.0.202111181127/tools/bin/../lib/gcc/arm-none-eabi/10.3.1/../../../../arm-none-eabi/lib/thumb/v6-m/nofp\libc_nano.a(lib_a-memset.o)
 .ARM.attributes
                0x0000000000000594       0x2c c:/st/stm32cubeide_1.10.1/stm32cubeide/plugins/com.st.stm32cube.ide.mcu.externaltools.gnu-tools-for-stm32.10.3-2021.10.win32_1.0.0.202111181127/tools/bin/../lib/gcc/arm-none-eabi/10.3.1/../../../../arm-none-eabi/lib/thumb/v6-m/nofp\libc_nano.a(lib_a-sprintf.o)
 .ARM.attributes
                0x00000000000005c0       0x2c c:/st/stm32cubeide_1.10.1/stm32cubeide/plugins/com.st.stm32cube.ide.mcu.externaltools.gnu-tools-for-stm32.10.3-2021.10.win32_1.0.0.202111181127/tools/bin/../lib/gcc/arm-none-eabi/10.3.1/../../../../arm-none-eabi/lib/thumb/v6-m/nofp\libc_nano.a(lib_a-nano-svfprintf.o)
 .ARM.attributes
                0x00000000000005ec       0x2c c:/st/stm32cubeide_1.10.1/stm32cubeide/plugins/com.st.stm32cube.ide.mcu.externaltools.gnu-tools-for-stm32.10.3-2021.10.win32_1.0.0.202111181127/tools/bin/../lib/gcc/arm-none-eabi/10.3.1/../../../../arm-none-eabi/lib/thumb/v6-m/nofp\libc_nano.a(lib_a-nano-vfprintf_i.o)
 .ARM.attributes
                0x0000000000000618       0x2c c:/st/stm32cubeide_1.10.1/stm32cubeide/plugins/com.st.stm32cube.ide.mcu.externaltools.gnu-tools-for-stm32.10.3-2021.10.win32_1.0.0.202111181127/tools/bin/../lib/gcc/arm-none-eabi/10.3.1/../../../../arm-none-eabi/lib/thumb/v6-m/nofp\libc_nano.a(lib_a-memchr-stub.o)
 .ARM.attributes
                0x0000000000000644       0x2c c:/st/stm32cubeide_1.10.1/stm32cubeide/plugins/com.st.stm32cube.ide.mcu.externaltools.gnu-tools-for-stm32.10.3-2021.10.win32_1.0.0.202111181127/tools/bin/../lib/gcc/arm-none-eabi/10.3.1/../../../../arm-none-eabi/lib/thumb/v6-m/nofp\libc_nano.a(lib_a-memmove.o)
 .ARM.attributes
                0x0000000000000670       0x2c c:/st/stm32cubeide_1.10.1/stm32cubeide/plugins/com.st.stm32cube.ide.mcu.externaltools.gnu-tools-for-stm32.10.3-2021.10.win32_1.0.0.202111181127/tools/bin/../lib/gcc/arm-none-eabi/10.3.1/../../../../arm-none-eabi/lib/thumb/v6-m/nofp\libc_nano.a(lib_a-nano-freer.o)
 .ARM.attributes
                0x000000000000069c       0x2c c:/st/stm32cubeide_1.10.1/stm32cubeide/plugins/com.st.stm32cube.ide.mcu.externaltools.gnu-tools-for-stm32.10.3-2021.10.win32_1.0.0.202111181127/tools/bin/../lib/gcc/arm-none-eabi/10.3.1/../../../../arm-none-eabi/lib/thumb/v6-m/nofp\libc_nano.a(lib_a-nano-mallocr.o)
 .ARM.attributes
                0x00000000000006c8       0x2c c:/st/stm32cubeide_1.10.1/stm32cubeide/plugins/com.st.stm32cube.ide.mcu.externaltools.gnu-tools-for-stm32.10.3-2021.10.win32_1.0.0.202111181127/tools/bin/../lib/gcc/arm-none-eabi/10.3.1/../../../../arm-none-eabi/lib/thumb/v6-m/nofp\libc_nano.a(lib_a-nano-reallocr.o)
 .ARM.attributes
                0x00000000000006f4       0x2c c:/st/stm32cubeide_1.10.1/stm32cubeide/plugins/com.st.stm32cube.ide.mcu.externaltools.gnu-tools-for-stm32.10.3-2021.10.win32_1.0.0.202111181127/tools/bin/../lib/gcc/arm-none-eabi/10.3.1/../../../../arm-none-eabi/lib/thumb/v6-m/nofp\libc_nano.a(lib_a-sbrkr.o)
 .ARM.attributes
                0x0000000000000720       0x2c c:/st/stm32cubeide_1.10.1/stm32cubeide/plugins/com.st.stm32cube.ide.mcu.externaltools.gnu-tools-for-stm32.10.3-2021.10.win32_1.0.0.202111181127/tools/bin/../lib/gcc/arm-none-eabi/10.3.1/../../../../arm-none-eabi/lib/thumb/v6-m/nofp\libc_nano.a(lib_a-mlock.o)
 .ARM.attributes
                0x000000000000074c       0x2c c:/st/stm32cubeide_1.10.1/stm32cubeide/plugins/com.st.stm32cube.ide.mcu.externaltools.gnu-tools-for-stm32.10.3-2021.10.win32_1.0.0.202111181127/tools/bin/../lib/gcc/arm-none-eabi/10.3.1/../../../../arm-none-eabi/lib/thumb/v6-m/nofp\libc_nano.a(lib_a-nano-msizer.o)
 .ARM.attributes
                0x0000000000000778       0x2c c:/st/stm32cubeide_1.10.1/stm32cubeide/plugins/com.st.stm32cube.ide.mcu.externaltools.gnu-tools-for-stm32.10.3-2021.10.win32_1.0.0.202111181127/tools/bin/../lib/gcc/arm-none-eabi/10.3.1/../../../../arm-none-eabi/lib/thumb/v6-m/nofp\libc_nano.a(lib_a-reent.o)
 .ARM.attributes
                0x00000000000007a4       0x2c c:/st/stm32cubeide_1.10.1/stm32cubeide/plugins/com.st.stm32cube.ide.mcu.externaltools.gnu-tools-for-stm32.10.3-2021.10.win32_1.0.0.202111181127/tools/bin/../lib/gcc/arm-none-eabi/10.3.1/../../../../arm-none-eabi/lib/thumb/v6-m/nofp\libc_nano.a(lib_a-lock.o)
 .ARM.attributes
                0x00000000000007d0       0x1e c:/st/stm32cubeide_1.10.1/stm32cubeide/plugins/com.st.stm32cube.ide.mcu.externaltools.gnu-tools-for-stm32.10.3-2021.10.win32_1.0.0.202111181127/tools/bin/../lib/gcc/arm-none-eabi/10.3.1/thumb/v6-m/nofp\libgcc.a(_thumb1_case_shi.o)
 .ARM.attributes
                0x00000000000007ee       0x1e c:/st/stm32cubeide_1.10.1/stm32cubeide/plugins/com.st.stm32cube.ide.mcu.externaltools.gnu-tools-for-stm32.10.3-2021.10.win32_1.0.0.202111181127/tools/bin/../lib/gcc/arm-none-eabi/10.3.1/thumb/v6-m/nofp\libgcc.a(_udivsi3.o)
 .ARM.attributes
                0x000000000000080c       0x1e c:/st/stm32cubeide_1.10.1/stm32cubeide/plugins/com.st.stm32cube.ide.mcu.externaltools.gnu-tools-for-stm32.10.3-2021.10.win32_1.0.0.202111181127/tools/bin/../lib/gcc/arm-none-eabi/10.3.1/thumb/v6-m/nofp\libgcc.a(_divsi3.o)
 .ARM.attributes
                0x000000000000082a       0x1e c:/st/stm32cubeide_1.10.1/stm32cubeide/plugins/com.st.stm32cube.ide.mcu.externaltools.gnu-tools-for-stm32.10.3-2021.10.win32_1.0.0.202111181127/tools/bin/../lib/gcc/arm-none-eabi/10.3.1/thumb/v6-m/nofp\libgcc.a(_dvmd_tls.o)
 .ARM.attributes
                0x0000000000000848       0x1e c:/st/stm32cubeide_1.10.1/stm32cubeide/plugins/com.st.stm32cube.ide.mcu.externaltools.gnu-tools-for-stm32.10.3-2021.10.win32_1.0.0.202111181127/tools/bin/../lib/gcc/arm-none-eabi/10.3.1/thumb/v6-m/nofp\libgcc.a(_aeabi_uldivmod.o)
 .ARM.attributes
                0x0000000000000866       0x2c c:/st/stm32cubeide_1.10.1/stm32cubeide/plugins/com.st.stm32cube.ide.mcu.externaltools.gnu-tools-for-stm32.10.3-2021.10.win32_1.0.0.202111181127/tools/bin/../lib/gcc/arm-none-eabi/10.3.1/thumb/v6-m/nofp\libgcc.a(_muldi3.o)
 .ARM.attributes
                0x0000000000000892       0x2c c:/st/stm32cubeide_1.10.1/stm32cubeide/plugins/com.st.stm32cube.ide.mcu.externaltools.gnu-tools-for-stm32.10.3-2021.10.win32_1.0.0.202111181127/tools/bin/../lib/gcc/arm-none-eabi/10.3.1/thumb/v6-m/nofp\libgcc.a(_udivmoddi4.o)
 .ARM.attributes
                0x00000000000008be       0x1e c:/st/stm32cubeide_1.10.1/stm32cubeide/plugins/com.st.stm32cube.ide.mcu.externaltools.gnu-tools-for-stm32.10.3-2021.10.win32_1.0.0.202111181127/tools/bin/../lib/gcc/arm-none-eabi/10.3.1/thumb/v6-m/nofp\libgcc.a(_clzdi2.o)
 .ARM.attributes
                0x00000000000008dc       0x1e c:/st/stm32cubeide_1.10.1/stm32cubeide/plugins/com.st.stm32cube.ide.mcu.externaltools.gnu-tools-for-stm32.10.3-2021.10.win32_1.0.0.202111181127/tools/bin/../lib/gcc/arm-none-eabi/10.3.1/thumb/v6-m/nofp\libgcc.a(_clzsi2.o)
 .ARM.attributes
                0x00000000000008fa       0x1e c:/st/stm32cubeide_1.10.1/stm32cubeide/plugins/com.st.stm32cube.ide.mcu.externaltools.gnu-tools-for-stm32.10.3-2021.10.win32_1.0.0.202111181127/tools/bin/../lib/gcc/arm-none-eabi/10.3.1/thumb/v6-m/nofp/crtn.o
OUTPUT(HeartSensorBoard.elf elf32-littlearm)
LOAD linker stubs
LOAD c:/st/stm32cubeide_1.10.1/stm32cubeide/plugins/com.st.stm32cube.ide.mcu.externaltools.gnu-tools-for-stm32.10.3-2021.10.win32_1.0.0.202111181127/tools/bin/../lib/gcc/arm-none-eabi/10.3.1/../../../../arm-none-eabi/lib/thumb/v6-m/nofp\libc.a
LOAD c:/st/stm32cubeide_1.10.1/stm32cubeide/plugins/com.st.stm32cube.ide.mcu.externaltools.gnu-tools-for-stm32.10.3-2021.10.win32_1.0.0.202111181127/tools/bin/../lib/gcc/arm-none-eabi/10.3.1/../../../../arm-none-eabi/lib/thumb/v6-m/nofp\libm.a
LOAD c:/st/stm32cubeide_1.10.1/stm32cubeide/plugins/com.st.stm32cube.ide.mcu.externaltools.gnu-tools-for-stm32.10.3-2021.10.win32_1.0.0.202111181127/tools/bin/../lib/gcc/arm-none-eabi/10.3.1/thumb/v6-m/nofp\libgcc.a

.debug_info     0x0000000000000000    0x13804
 .debug_info    0x0000000000000000      0xb50 ./Core/Src/led_functions.o
 .debug_info    0x0000000000000b50     0x1587 ./Core/Src/main.o
 .debug_info    0x00000000000020d7      0xd47 ./Core/Src/stm32l0xx_hal_msp.o
 .debug_info    0x0000000000002e1e      0xbf7 ./Core/Src/stm32l0xx_it.o
 .debug_info    0x0000000000003a15      0x171 ./Core/Src/sysmem.o
 .debug_info    0x0000000000003b86      0x309 ./Core/Src/system_stm32l0xx.o
 .debug_info    0x0000000000003e8f       0x22 ./Core/Startup/startup_stm32l072cbtx.o
 .debug_info    0x0000000000003eb1      0x8e7 ./Drivers/STM32L0xx_HAL_Driver/Src/stm32l0xx_hal.o
 .debug_info    0x0000000000004798      0xd91 ./Drivers/STM32L0xx_HAL_Driver/Src/stm32l0xx_hal_adc.o
 .debug_info    0x0000000000005529      0x8ec ./Drivers/STM32L0xx_HAL_Driver/Src/stm32l0xx_hal_cortex.o
 .debug_info    0x0000000000005e15      0x6aa ./Drivers/STM32L0xx_HAL_Driver/Src/stm32l0xx_hal_gpio.o
 .debug_info    0x00000000000064bf     0x1716 ./Drivers/STM32L0xx_HAL_Driver/Src/stm32l0xx_hal_pcd.o
 .debug_info    0x0000000000007bd5      0x882 ./Drivers/STM32L0xx_HAL_Driver/Src/stm32l0xx_hal_pcd_ex.o
 .debug_info    0x0000000000008457      0xa80 ./Drivers/STM32L0xx_HAL_Driver/Src/stm32l0xx_hal_rcc.o
 .debug_info    0x0000000000008ed7      0x867 ./Drivers/STM32L0xx_HAL_Driver/Src/stm32l0xx_hal_rcc_ex.o
 .debug_info    0x000000000000973e     0x2a26 ./Drivers/STM32L0xx_HAL_Driver/Src/stm32l0xx_hal_tim.o
 .debug_info    0x000000000000c164      0x6f7 ./Drivers/STM32L0xx_HAL_Driver/Src/stm32l0xx_hal_tim_ex.o
 .debug_info    0x000000000000c85b     0x172b ./Drivers/STM32L0xx_HAL_Driver/Src/stm32l0xx_ll_usb.o
 .debug_info    0x000000000000df86     0x1129 ./Middlewares/ST/STM32_USB_Device_Library/Class/CDC/Src/usbd_cdc.o
 .debug_info    0x000000000000f0af      0xb02 ./Middlewares/ST/STM32_USB_Device_Library/Core/Src/usbd_core.o
 .debug_info    0x000000000000fbb1      0x9b6 ./Middlewares/ST/STM32_USB_Device_Library/Core/Src/usbd_ctlreq.o
 .debug_info    0x0000000000010567      0x715 ./Middlewares/ST/STM32_USB_Device_Library/Core/Src/usbd_ioreq.o
 .debug_info    0x0000000000010c7c      0x679 ./USB_DEVICE/App/usb_device.o
 .debug_info    0x00000000000112f5      0x828 ./USB_DEVICE/App/usbd_cdc_if.o
 .debug_info    0x0000000000011b1d      0x484 ./USB_DEVICE/App/usbd_desc.o
 .debug_info    0x0000000000011fa1     0x1863 ./USB_DEVICE/Target/usbd_conf.o

.debug_abbrev   0x0000000000000000     0x34c0
 .debug_abbrev  0x0000000000000000      0x226 ./Core/Src/led_functions.o
 .debug_abbrev  0x0000000000000226      0x2d1 ./Core/Src/main.o
 .debug_abbrev  0x00000000000004f7      0x1cb ./Core/Src/stm32l0xx_hal_msp.o
 .debug_abbrev  0x00000000000006c2      0x1b5 ./Core/Src/stm32l0xx_it.o
 .debug_abbrev  0x0000000000000877       0xbb ./Core/Src/sysmem.o
 .debug_abbrev  0x0000000000000932      0x116 ./Core/Src/system_stm32l0xx.o
 .debug_abbrev  0x0000000000000a48       0x12 ./Core/Startup/startup_stm32l072cbtx.o
 .debug_abbrev  0x0000000000000a5a      0x29a ./Drivers/STM32L0xx_HAL_Driver/Src/stm32l0xx_hal.o
 .debug_abbrev  0x0000000000000cf4      0x234 ./Drivers/STM32L0xx_HAL_Driver/Src/stm32l0xx_hal_adc.o
 .debug_abbrev  0x0000000000000f28      0x28e ./Drivers/STM32L0xx_HAL_Driver/Src/stm32l0xx_hal_cortex.o
 .debug_abbrev  0x00000000000011b6      0x1bb ./Drivers/STM32L0xx_HAL_Driver/Src/stm32l0xx_hal_gpio.o
 .debug_abbrev  0x0000000000001371      0x2a4 ./Drivers/STM32L0xx_HAL_Driver/Src/stm32l0xx_hal_pcd.o
 .debug_abbrev  0x0000000000001615      0x21d ./Drivers/STM32L0xx_HAL_Driver/Src/stm32l0xx_hal_pcd_ex.o
 .debug_abbrev  0x0000000000001832      0x28e ./Drivers/STM32L0xx_HAL_Driver/Src/stm32l0xx_hal_rcc.o
 .debug_abbrev  0x0000000000001ac0      0x20d ./Drivers/STM32L0xx_HAL_Driver/Src/stm32l0xx_hal_rcc_ex.o
 .debug_abbrev  0x0000000000001ccd      0x260 ./Drivers/STM32L0xx_HAL_Driver/Src/stm32l0xx_hal_tim.o
 .debug_abbrev  0x0000000000001f2d      0x19c ./Drivers/STM32L0xx_HAL_Driver/Src/stm32l0xx_hal_tim_ex.o
 .debug_abbrev  0x00000000000020c9      0x22f ./Drivers/STM32L0xx_HAL_Driver/Src/stm32l0xx_ll_usb.o
 .debug_abbrev  0x00000000000022f8      0x2c0 ./Middlewares/ST/STM32_USB_Device_Library/Class/CDC/Src/usbd_cdc.o
 .debug_abbrev  0x00000000000025b8      0x236 ./Middlewares/ST/STM32_USB_Device_Library/Core/Src/usbd_core.o
 .debug_abbrev  0x00000000000027ee      0x257 ./Middlewares/ST/STM32_USB_Device_Library/Core/Src/usbd_ctlreq.o
 .debug_abbrev  0x0000000000002a45      0x183 ./Middlewares/ST/STM32_USB_Device_Library/Core/Src/usbd_ioreq.o
 .debug_abbrev  0x0000000000002bc8      0x183 ./USB_DEVICE/App/usb_device.o
 .debug_abbrev  0x0000000000002d4b      0x252 ./USB_DEVICE/App/usbd_cdc_if.o
 .debug_abbrev  0x0000000000002f9d      0x1fa ./USB_DEVICE/App/usbd_desc.o
 .debug_abbrev  0x0000000000003197      0x329 ./USB_DEVICE/Target/usbd_conf.o

.debug_aranges  0x0000000000000000     0x1088
 .debug_aranges
                0x0000000000000000       0x60 ./Core/Src/led_functions.o
 .debug_aranges
                0x0000000000000060       0x70 ./Core/Src/main.o
 .debug_aranges
                0x00000000000000d0       0x40 ./Core/Src/stm32l0xx_hal_msp.o
 .debug_aranges
                0x0000000000000110       0x60 ./Core/Src/stm32l0xx_it.o
 .debug_aranges
                0x0000000000000170       0x20 ./Core/Src/sysmem.o
 .debug_aranges
                0x0000000000000190       0x28 ./Core/Src/system_stm32l0xx.o
 .debug_aranges
                0x00000000000001b8       0x28 ./Core/Startup/startup_stm32l072cbtx.o
 .debug_aranges
                0x00000000000001e0      0x110 ./Drivers/STM32L0xx_HAL_Driver/Src/stm32l0xx_hal.o
 .debug_aranges
                0x00000000000002f0      0x100 ./Drivers/STM32L0xx_HAL_Driver/Src/stm32l0xx_hal_adc.o
 .debug_aranges
                0x00000000000003f0       0xd8 ./Drivers/STM32L0xx_HAL_Driver/Src/stm32l0xx_hal_cortex.o
 .debug_aranges
                0x00000000000004c8       0x58 ./Drivers/STM32L0xx_HAL_Driver/Src/stm32l0xx_hal_gpio.o
 .debug_aranges
                0x0000000000000520      0x138 ./Drivers/STM32L0xx_HAL_Driver/Src/stm32l0xx_hal_pcd.o
 .debug_aranges
                0x0000000000000658       0x58 ./Drivers/STM32L0xx_HAL_Driver/Src/stm32l0xx_hal_pcd_ex.o
 .debug_aranges
                0x00000000000006b0       0x80 ./Drivers/STM32L0xx_HAL_Driver/Src/stm32l0xx_hal_rcc.o
 .debug_aranges